Archive member included to satisfy reference by file (symbol)

/home/luyaohan1001/Projects/hack_linux_v5.15/buildroot-2022.02.8/output/build/glibc-2.34-109-gd64b08d5ba7ffbc9155630f4843cf2e271b1629c/build/libc_pic.a(check_fds.os)
                              /home/luyaohan1001/Projects/hack_linux_v5.15/buildroot-2022.02.8/output/build/glibc-2.34-109-gd64b08d5ba7ffbc9155630f4843cf2e271b1629c/build/elf/dl-allobjs.os (__libc_check_standard_fds)
/home/luyaohan1001/Projects/hack_linux_v5.15/buildroot-2022.02.8/output/build/glibc-2.34-109-gd64b08d5ba7ffbc9155630f4843cf2e271b1629c/build/libc_pic.a(errno.os)
                              /home/luyaohan1001/Projects/hack_linux_v5.15/buildroot-2022.02.8/output/build/glibc-2.34-109-gd64b08d5ba7ffbc9155630f4843cf2e271b1629c/build/libc_pic.a(check_fds.os) (__libc_errno)
/home/luyaohan1001/Projects/hack_linux_v5.15/buildroot-2022.02.8/output/build/glibc-2.34-109-gd64b08d5ba7ffbc9155630f4843cf2e271b1629c/build/libc_pic.a(setjmp.os)
                              /home/luyaohan1001/Projects/hack_linux_v5.15/buildroot-2022.02.8/output/build/glibc-2.34-109-gd64b08d5ba7ffbc9155630f4843cf2e271b1629c/build/elf/dl-allobjs.os (__sigsetjmp)
/home/luyaohan1001/Projects/hack_linux_v5.15/buildroot-2022.02.8/output/build/glibc-2.34-109-gd64b08d5ba7ffbc9155630f4843cf2e271b1629c/build/libc_pic.a(__longjmp.os)
                              /home/luyaohan1001/Projects/hack_linux_v5.15/buildroot-2022.02.8/output/build/glibc-2.34-109-gd64b08d5ba7ffbc9155630f4843cf2e271b1629c/build/elf/dl-allobjs.os (__longjmp)
/home/luyaohan1001/Projects/hack_linux_v5.15/buildroot-2022.02.8/output/build/glibc-2.34-109-gd64b08d5ba7ffbc9155630f4843cf2e271b1629c/build/libc_pic.a(lowlevellock.os)
                              /home/luyaohan1001/Projects/hack_linux_v5.15/buildroot-2022.02.8/output/build/glibc-2.34-109-gd64b08d5ba7ffbc9155630f4843cf2e271b1629c/build/elf/dl-allobjs.os (__lll_lock_wait_private)
/home/luyaohan1001/Projects/hack_linux_v5.15/buildroot-2022.02.8/output/build/glibc-2.34-109-gd64b08d5ba7ffbc9155630f4843cf2e271b1629c/build/libc_pic.a(scratch_buffer_set_array_size.os)
                              /home/luyaohan1001/Projects/hack_linux_v5.15/buildroot-2022.02.8/output/build/glibc-2.34-109-gd64b08d5ba7ffbc9155630f4843cf2e271b1629c/build/elf/dl-allobjs.os (__libc_scratch_buffer_set_array_size)
/home/luyaohan1001/Projects/hack_linux_v5.15/buildroot-2022.02.8/output/build/glibc-2.34-109-gd64b08d5ba7ffbc9155630f4843cf2e271b1629c/build/libc_pic.a(strchr.os)
                              /home/luyaohan1001/Projects/hack_linux_v5.15/buildroot-2022.02.8/output/build/glibc-2.34-109-gd64b08d5ba7ffbc9155630f4843cf2e271b1629c/build/elf/dl-allobjs.os (strchr)
/home/luyaohan1001/Projects/hack_linux_v5.15/buildroot-2022.02.8/output/build/glibc-2.34-109-gd64b08d5ba7ffbc9155630f4843cf2e271b1629c/build/libc_pic.a(strcmp.os)
                              /home/luyaohan1001/Projects/hack_linux_v5.15/buildroot-2022.02.8/output/build/glibc-2.34-109-gd64b08d5ba7ffbc9155630f4843cf2e271b1629c/build/elf/dl-allobjs.os (strcmp)
/home/luyaohan1001/Projects/hack_linux_v5.15/buildroot-2022.02.8/output/build/glibc-2.34-109-gd64b08d5ba7ffbc9155630f4843cf2e271b1629c/build/libc_pic.a(strcspn.os)
                              /home/luyaohan1001/Projects/hack_linux_v5.15/buildroot-2022.02.8/output/build/glibc-2.34-109-gd64b08d5ba7ffbc9155630f4843cf2e271b1629c/build/elf/dl-allobjs.os (strcspn)
/home/luyaohan1001/Projects/hack_linux_v5.15/buildroot-2022.02.8/output/build/glibc-2.34-109-gd64b08d5ba7ffbc9155630f4843cf2e271b1629c/build/libc_pic.a(strdup.os)
                              /home/luyaohan1001/Projects/hack_linux_v5.15/buildroot-2022.02.8/output/build/glibc-2.34-109-gd64b08d5ba7ffbc9155630f4843cf2e271b1629c/build/elf/dl-allobjs.os (__strdup)
/home/luyaohan1001/Projects/hack_linux_v5.15/buildroot-2022.02.8/output/build/glibc-2.34-109-gd64b08d5ba7ffbc9155630f4843cf2e271b1629c/build/libc_pic.a(strlen.os)
                              /home/luyaohan1001/Projects/hack_linux_v5.15/buildroot-2022.02.8/output/build/glibc-2.34-109-gd64b08d5ba7ffbc9155630f4843cf2e271b1629c/build/elf/dl-allobjs.os (strlen)
/home/luyaohan1001/Projects/hack_linux_v5.15/buildroot-2022.02.8/output/build/glibc-2.34-109-gd64b08d5ba7ffbc9155630f4843cf2e271b1629c/build/libc_pic.a(strnlen.os)
                              /home/luyaohan1001/Projects/hack_linux_v5.15/buildroot-2022.02.8/output/build/glibc-2.34-109-gd64b08d5ba7ffbc9155630f4843cf2e271b1629c/build/elf/dl-allobjs.os (strnlen)
/home/luyaohan1001/Projects/hack_linux_v5.15/buildroot-2022.02.8/output/build/glibc-2.34-109-gd64b08d5ba7ffbc9155630f4843cf2e271b1629c/build/libc_pic.a(strncmp.os)
                              /home/luyaohan1001/Projects/hack_linux_v5.15/buildroot-2022.02.8/output/build/glibc-2.34-109-gd64b08d5ba7ffbc9155630f4843cf2e271b1629c/build/elf/dl-allobjs.os (strncmp)
[...]
Memory Configuration

Name             Origin             Length             Attributes
*default*        0x0000000000000000 0xffffffffffffffff

Linker script and memory map

LOAD /home/luyaohan1001/Projects/hack_linux_v5.15/buildroot-2022.02.8/output/build/glibc-2.34-109-gd64b08d5ba7ffbc9155630f4843cf2e271b1629c/build/elf/librtld.mapT.o
START GROUP
LOAD /home/luyaohan1001/Projects/hack_linux_v5.15/buildroot-2022.02.8/output/build/glibc-2.34-109-gd64b08d5ba7ffbc9155630f4843cf2e271b1629c/build/elf/dl-allobjs.os
LOAD /home/luyaohan1001/Projects/hack_linux_v5.15/buildroot-2022.02.8/output/build/glibc-2.34-109-gd64b08d5ba7ffbc9155630f4843cf2e271b1629c/build/libc_pic.a
LOAD /home/luyaohan1001/Projects/hack_linux_v5.15/buildroot-2022.02.8/output/host/lib/gcc/x86_64-buildroot-linux-gnu/10.4.0/libgcc.a
END GROUP

.interp
 *(.interp)

.note.gnu.property
                0x0000000000000000       0x30
 .note.gnu.property
                0x0000000000000000       0x30 /home/luyaohan1001/Projects/hack_linux_v5.15/buildroot-2022.02.8/output/build/glibc-2.34-109-gd64b08d5ba7ffbc9155630f4843cf2e271b1629c/build/elf/librtld.mapT.o

.note.gnu.build-id
 *(.note.gnu.build-id)

.hash
 *(.hash)

.gnu.hash
 *(.gnu.hash)

.dynsym
 *(.dynsym)

.dynstr
 *(.dynstr)

.gnu.version
 *(.gnu.version)

.gnu.version_d
 *(.gnu.version_d)

.gnu.version_r
 *(.gnu.version_r)

.rela.init
 *(.rela.init)

.rela.text
 *(.rela.text)

.rela.fini
 *(.rela.fini)

.rela.rodata
 *(.rela.rodata)

.rela.data.rel.ro
 *(.rela.data.rel.ro)

.rela.data
 *(.rela.data)

.rela.tdata
 *(.rela.tdata)

.rela.tbss
 *(.rela.tbss)

.rela.ctors
 *(.rela.ctors)

.rela.dtors
 *(.rela.dtors)

.rela.got
 *(.rela.got)

.rela.bss
 *(.rela.bss)

.rela.ldata
 *(.rela.ldata)

.rela.lbss
 *(.rela.lbss)

.rela.lrodata
 *(.rela.lrodata)

.rela.ifunc
 *(.rela.ifunc)

.rela.plt
 *(.rela.plt)

.init
 *(SORT_NONE(.init))

.plt
 *(.plt)

.plt.got
 *(.plt.got)

.plt.sec
 *(.plt.sec)

.text           0x0000000000000000    0x25b54
 *(.text .stub)
 .text          0x0000000000000000        0x0 /home/luyaohan1001/Projects/hack_linux_v5.15/buildroot-2022.02.8/output/build/glibc-2.34-109-gd64b08d5ba7ffbc9155630f4843cf2e271b1629c/build/elf/librtld.mapT.o
                0x0000000000000000                malloc
                0x0000000000000000                calloc
                0x0000000000000000                __GI___pthread_enable_asynccancel
                0x0000000000000000                realloc
                0x0000000000000000                __GI___pthread_disable_asynccancel
                0x0000000000000000                __pthread_enable_asynccancel
                0x0000000000000000                __pthread_disable_asynccancel
                0x0000000000000000                free
 .text          0x0000000000000000    0x1f154 /home/luyaohan1001/Projects/hack_linux_v5.15/buildroot-2022.02.8/output/build/glibc-2.34-109-gd64b08d5ba7ffbc9155630f4843cf2e271b1629c/build/elf/dl-allobjs.os
                0x0000000000000000                _dl_call_libc_early_init
                0x0000000000000220                _dl_close_worker
                0x00000000000012c0                _dl_close
                0x0000000000001330                _dl_debug_state
                0x0000000000001330                __GI__dl_debug_state
                0x0000000000001340                _dl_debug_initialize
                0x00000000000014a0                _dl_map_object_deps
                0x0000000000002580                _dl_error_free
                0x00000000000025a0                _dl_exception_create
                0x00000000000025a0                __GI__dl_exception_create
                0x0000000000002690                __GI__dl_exception_create_format
                0x0000000000002690                _dl_exception_create_format
                0x0000000000002b10                _dl_exception_free
                0x0000000000002b10                __GI__dl_exception_free
                0x0000000000002b40                _dl_make_stacks_executable
                0x0000000000002cb0                __GI___nptl_change_stack_perm
                0x0000000000002cb0                __nptl_change_stack_perm
                0x0000000000002cf0                _dl_fini
                0x00000000000031c0                _dl_init
                0x00000000000043e0                _dl_dst_count
                0x0000000000004490                _dl_dst_substitute
                0x0000000000004c10                _dl_init_paths
                0x0000000000004fe0                _dl_process_pt_gnu_property
                0x0000000000006710                _dl_map_object
                0x00000000000071a0                _dl_rtld_di_serinfo
                0x0000000000008100                _dl_lookup_symbol_x
                0x0000000000009080                _dl_setup_hash
                0x0000000000009220                _dl_lookup_direct
                0x0000000000009ac0                _dl_sysdep_read_whole_file
                0x0000000000009b50                _dl_debug_printf
                0x0000000000009c00                _dl_debug_printf_c
                0x0000000000009cb0                _dl_dprintf
                0x0000000000009d50                _dl_printf
                0x0000000000009e00                _dl_error_printf
                0x0000000000009eb0                _dl_fatal_printf
                0x0000000000009eb0                __GI__dl_fatal_printf
                0x0000000000009f60                _dl_name_match_p
                0x0000000000009fc0                _dl_higher_prime_number
                0x000000000000a010                _dl_strtoul
                0x000000000000a180                _dl_add_to_namespace_list
                0x000000000000a210                _dl_new_object
                0x000000000000aa00                __GI__dl_find_dso_for_object
                0x000000000000aa00                _dl_find_dso_for_object
                0x000000000000aad0                _dl_open
                0x000000000000ae00                _dl_show_scope
                0x000000000000b9a0                _dl_get_origin
                0x000000000000bb00                _dl_start_profile
                0x000000000000c260                __GI__dl_mcount
                0x000000000000c260                _dl_mcount
                0x000000000000c4b0                _dl_try_allocate_static_tls
                0x000000000000c5d0                _dl_allocate_static_tls
                0x000000000000c600                _dl_protect_relro
                0x000000000000c660                _dl_reloc_bad_type
                0x000000000000c730                _dl_relocate_object
                0x000000000000e460                _dl_fixup
                0x000000000000e630                _dl_profile_fixup
                0x000000000000ed40                _dl_call_pltexit
                0x000000000000eec0                _dl_scope_free
                0x000000000000efc0                _dl_sort_maps
                0x000000000000f280                __thread_gscope_wait
                0x000000000000f750                _dl_tls_static_surplus_init
                0x000000000000f7e0                _dl_assign_tls_modid
                0x000000000000f8f0                _dl_count_modids
                0x000000000000f960                _dl_determine_tlsoffset
                0x000000000000fb20                _dl_get_tls_static_info
                0x000000000000fb40                _dl_allocate_tls_storage
                0x000000000000fc00                __GI__dl_allocate_tls_init
                0x000000000000fc00                _dl_allocate_tls_init
                0x000000000000fe70                __GI__dl_allocate_tls
                0x000000000000fe70                _dl_allocate_tls
                0x000000000000feb0                _dl_deallocate_tls
                0x000000000000feb0                __GI__dl_deallocate_tls
                0x000000000000ff30                _dl_update_slotinfo
                0x0000000000010180                __GI___tls_get_addr
                0x0000000000010180                ___tls_get_addr
                0x00000000000101c0                _dl_tls_get_addr_soft
                0x0000000000010240                _dl_add_to_slotinfo
                0x0000000000010360                _dl_init_static_tls
                0x0000000000010490                __tls_get_addr_slow
                0x00000000000104d0                __tls_pre_init_tp
                0x0000000000010520                __tls_init_tp
                0x00000000000105f0                _dl_runtime_profile_avx512
                0x0000000000010a70                _dl_runtime_profile_avx
                0x0000000000010ef0                _dl_runtime_profile_sse
                0x00000000000110f0                _dl_runtime_resolve_fxsave
                0x0000000000011170                _dl_runtime_resolve_xsave
                0x0000000000011240                _dl_runtime_resolve_xsavec
                0x0000000000011300                _dl_check_map_versions
                0x0000000000011ad0                _dl_check_all_versions
                0x0000000000011b50                _dl_write
                0x0000000000011b60                _dl_cache_libcmp
                0x0000000000012300                _dl_load_cache_lookup
                0x0000000000012640                _dl_unload_cache
                0x0000000000012770                __GI___tunable_set_val
                0x0000000000012790                __GI___tunables_init
                0x0000000000012d70                __GI___tunables_print
                0x0000000000012e60                __tunable_get_val
                0x0000000000012e60                __GI___tunable_get_val
                0x0000000000012ed0                _dl_make_tlsdesc_dynamic
                0x0000000000013160                _dl_unmap
                0x00000000000131e0                _dl_tlsdesc_return
                0x00000000000131f0                _dl_tlsdesc_undefweak
                0x0000000000013200                _dl_tlsdesc_dynamic
                0x00000000000132a0                __tls_get_addr
                0x0000000000015230                __x86_cpu_features
                0x0000000000015250                _dl_x86_init_cpu_features
                0x0000000000015270                _dl_x86_get_cpu_features
                0x0000000000015280                _dl_resolve_conflicts
                0x00000000000154a0                _dl_diagnostics_print_string
                0x0000000000015520                _dl_diagnostics_print_labeled_string
                0x0000000000015560                _dl_diagnostics_print_labeled_value
                0x0000000000015580                _dl_print_diagnostics
                0x00000000000159f0                _dl_diagnostics_cpu
                0x0000000000016160                _dl_diagnostics_kernel
                0x00000000000161f0                _dl_next_ld_env_entry
                0x0000000000016240                unsetenv
                0x0000000000016360                _dl_signal_exception
                0x00000000000163b0                _dl_signal_error
                0x0000000000016400                _dl_signal_cexception
                0x0000000000016490                _dl_signal_cerror
                0x0000000000016510                _dl_catch_exception
                0x00000000000165f0                _dl_catch_error
                0x0000000000016640                _dl_receive_error
                0x0000000000016690                _rtld_catch_error
                0x0000000000016740                _dl_important_hwcaps
                0x0000000000017030                _dl_hwcaps_subdirs_active
                0x0000000000017100                _dl_hwcaps_split
                0x0000000000017190                _dl_hwcaps_contains
                0x0000000000017200                _dl_hwcaps_split_masked
                0x00000000000173f0                __rtld_malloc_init_stubs
                0x0000000000017430                __sigjmp_save
                0x0000000000017440                __strerror_r
                0x0000000000017530                __GI___libc_fatal
                0x0000000000017530                __libc_fatal
                0x0000000000017550                __GI___chk_fail
                0x0000000000017550                __chk_fail
                0x0000000000017560                __GI___assert_fail
                0x0000000000017560                __assert_fail
                0x0000000000017620                __rtld_malloc_is_complete
                0x00000000000178a0                __rtld_malloc_init_real
                0x0000000000017990                __GI___assert_perror_fail
                0x0000000000017990                __assert_perror_fail
                0x00000000000179f0                _itoa
                0x0000000000017a50                __strsep
                0x0000000000017a50                strsep
                0x0000000000017a50                __strsep_g
                0x0000000000017ad0                __rtld_mutex_init
                0x0000000000017bc0                _dl_tunable_set_hwcaps
                0x00000000000186c0                _dl_sysdep_start
                0x0000000000018b50                _dl_sysdep_start_cleanup
                0x0000000000018b60                _dl_show_auxv
                0x0000000000018d00                _dl_discover_osversion
                0x0000000000018f80                _dl_usage
                0x0000000000018fd0                _dl_version
                0x0000000000018ff0                _dl_help
                0x00000000000194c0                _start
                0x00000000000194c8                _dl_start_user
                0x000000000001a860                handle_preload_list
                0x000000000001e8c0                __brk
                0x000000000001e8c0                brk
                0x000000000001e8f0                sbrk
                0x000000000001e8f0                __sbrk
                0x000000000001e980                __getcwd
                0x000000000001e980                getcwd
                0x000000000001ef70                openat64
                0x000000000001efd0                __alloc_dir
                0x000000000001f0c0                __opendir
                0x000000000001f0c0                opendir
 *fill*         0x000000000001f154        0xc 
 .text          0x000000000001f160       0xe2 /home/luyaohan1001/Projects/hack_linux_v5.15/buildroot-2022.02.8/output/build/glibc-2.34-109-gd64b08d5ba7ffbc9155630f4843cf2e271b1629c/build/libc_pic.a(check_fds.os)
                0x000000000001f210                __libc_check_standard_fds
 .text          0x000000000001f242        0x0 /home/luyaohan1001/Projects/hack_linux_v5.15/buildroot-2022.02.8/output/build/glibc-2.34-109-gd64b08d5ba7ffbc9155630f4843cf2e271b1629c/build/libc_pic.a(errno.os)
 *fill*         0x000000000001f242        0xe 
 .text          0x000000000001f250       0x57 /home/luyaohan1001/Projects/hack_linux_v5.15/buildroot-2022.02.8/output/build/glibc-2.34-109-gd64b08d5ba7ffbc9155630f4843cf2e271b1629c/build/libc_pic.a(setjmp.os)
                0x000000000001f250                __sigsetjmp
                0x000000000001f250                __GI___sigsetjmp
 *fill*         0x000000000001f2a7        0x9 
 .text          0x000000000001f2b0       0x50 /home/luyaohan1001/Projects/hack_linux_v5.15/buildroot-2022.02.8/output/build/glibc-2.34-109-gd64b08d5ba7ffbc9155630f4843cf2e271b1629c/build/libc_pic.a(__longjmp.os)
                0x000000000001f2b0                __longjmp
 .text          0x000000000001f300      0x104 /home/luyaohan1001/Projects/hack_linux_v5.15/buildroot-2022.02.8/output/build/glibc-2.34-109-gd64b08d5ba7ffbc9155630f4843cf2e271b1629c/build/libc_pic.a(lowlevellock.os)
                0x000000000001f300                __GI___lll_lock_wait_private
                0x000000000001f300                __lll_lock_wait_private
                0x000000000001f360                __lll_lock_wait
                0x000000000001f360                __GI___lll_lock_wait
                0x000000000001f3d0                __lll_lock_wake_private
                0x000000000001f3d0                __GI___lll_lock_wake_private
                0x000000000001f3f0                __lll_lock_wake
                0x000000000001f3f0                __GI___lll_lock_wake
 *fill*         0x000000000001f404        0xc 
 .text          0x000000000001f410       0xae /home/luyaohan1001/Projects/hack_linux_v5.15/buildroot-2022.02.8/output/build/glibc-2.34-109-gd64b08d5ba7ffbc9155630f4843cf2e271b1629c/build/libc_pic.a(scratch_buffer_set_array_size.os)
                0x000000000001f410                __libc_scratch_buffer_set_array_size
                0x000000000001f410                __GI___libc_scratch_buffer_set_array_size
 *fill*         0x000000000001f4be        0x2 
 .text          0x000000000001f4c0       0x78 /home/luyaohan1001/Projects/hack_linux_v5.15/buildroot-2022.02.8/output/build/glibc-2.34-109-gd64b08d5ba7ffbc9155630f4843cf2e271b1629c/build/libc_pic.a(strchr.os)
                0x000000000001f4c0                __GI_strchr
                0x000000000001f4c0                index
                0x000000000001f4c0                strchr
 *fill*         0x000000000001f538        0x8 
 .text          0x000000000001f540       0x8f /home/luyaohan1001/Projects/hack_linux_v5.15/buildroot-2022.02.8/output/build/glibc-2.34-109-gd64b08d5ba7ffbc9155630f4843cf2e271b1629c/build/libc_pic.a(strcmp.os)
                0x000000000001f540                __GI_strcmp
                0x000000000001f540                strcmp
 *fill*         0x000000000001f5cf        0x1 
 .text          0x000000000001f5d0       0x21 /home/luyaohan1001/Projects/hack_linux_v5.15/buildroot-2022.02.8/output/build/glibc-2.34-109-gd64b08d5ba7ffbc9155630f4843cf2e271b1629c/build/libc_pic.a(strcspn.os)
                0x000000000001f5d0                strcspn
                0x000000000001f5d0                __GI_strcspn
 *fill*         0x000000000001f5f1        0xf 
 .text          0x000000000001f600       0x3c /home/luyaohan1001/Projects/hack_linux_v5.15/buildroot-2022.02.8/output/build/glibc-2.34-109-gd64b08d5ba7ffbc9155630f4843cf2e271b1629c/build/libc_pic.a(strdup.os)
                0x000000000001f600                __GI___strdup
                0x000000000001f600                __strdup
                0x000000000001f600                strdup
 *fill*         0x000000000001f63c        0x4 
 .text          0x000000000001f640       0x70 /home/luyaohan1001/Projects/hack_linux_v5.15/buildroot-2022.02.8/output/build/glibc-2.34-109-gd64b08d5ba7ffbc9155630f4843cf2e271b1629c/build/libc_pic.a(strlen.os)
                0x000000000001f640                strlen
                0x000000000001f640                __GI_strlen
 .text          0x000000000001f6b0       0x70 /home/luyaohan1001/Projects/hack_linux_v5.15/buildroot-2022.02.8/output/build/glibc-2.34-109-gd64b08d5ba7ffbc9155630f4843cf2e271b1629c/build/libc_pic.a(strnlen.os)
                0x000000000001f6b0                __strnlen
                0x000000000001f6b0                strnlen
                0x000000000001f6b0                __GI___strnlen
                0x000000000001f6b0                __GI_strnlen
 .text          0x000000000001f720       0x97 /home/luyaohan1001/Projects/hack_linux_v5.15/buildroot-2022.02.8/output/build/glibc-2.34-109-gd64b08d5ba7ffbc9155630f4843cf2e271b1629c/build/libc_pic.a(strncmp.os)
                0x000000000001f720                __GI_strncmp
                0x000000000001f720                strncmp
 *fill*         0x000000000001f7b7        0x9 
 .text          0x000000000001f7c0       0x7d /home/luyaohan1001/Projects/hack_linux_v5.15/buildroot-2022.02.8/output/build/glibc-2.34-109-gd64b08d5ba7ffbc9155630f4843cf2e271b1629c/build/libc_pic.a(memchr.os)
                0x000000000001f7c0                __GI_memchr
                0x000000000001f7c0                memchr
                0x000000000001f7c0                __memchr
 *fill*         0x000000000001f83d        0x3 
 .text          0x000000000001f840       0x91 /home/luyaohan1001/Projects/hack_linux_v5.15/buildroot-2022.02.8/output/build/glibc-2.34-109-gd64b08d5ba7ffbc9155630f4843cf2e271b1629c/build/libc_pic.a(memcmp.os)
                0x000000000001f840                bcmp
                0x000000000001f840                __GI_memcmp
                0x000000000001f840                memcmp
 *fill*         0x000000000001f8d1        0xf 
 .text          0x000000000001f8e0      0x119 /home/luyaohan1001/Projects/hack_linux_v5.15/buildroot-2022.02.8/output/build/glibc-2.34-109-gd64b08d5ba7ffbc9155630f4843cf2e271b1629c/build/libc_pic.a(memmove.os)
                0x000000000001f8e0                memmove
                0x000000000001f8e0                __GI_memmove
                0x000000000001f8e0                __libc_memmove
 *fill*         0x000000000001f9f9        0x7 
 .text          0x000000000001fa00       0xf1 /home/luyaohan1001/Projects/hack_linux_v5.15/buildroot-2022.02.8/output/build/glibc-2.34-109-gd64b08d5ba7ffbc9155630f4843cf2e271b1629c/build/libc_pic.a(memset.os)
                0x000000000001fa00                __GI_memset
                0x000000000001fa00                memset
 *fill*         0x000000000001faf1        0xf 
 .text          0x000000000001fb00      0x119 /home/luyaohan1001/Projects/hack_linux_v5.15/buildroot-2022.02.8/output/build/glibc-2.34-109-gd64b08d5ba7ffbc9155630f4843cf2e271b1629c/build/libc_pic.a(mempcpy.os)
                0x000000000001fb00                mempcpy
                0x000000000001fb00                __GI_mempcpy
                0x000000000001fb00                __mempcpy
                0x000000000001fb00                __GI___mempcpy
 *fill*         0x000000000001fc19        0x7 
 .text          0x000000000001fc20       0x81 /home/luyaohan1001/Projects/hack_linux_v5.15/buildroot-2022.02.8/output/build/glibc-2.34-109-gd64b08d5ba7ffbc9155630f4843cf2e271b1629c/build/libc_pic.a(stpcpy.os)
                0x000000000001fc20                stpcpy
                0x000000000001fc20                __GI_stpcpy
                0x000000000001fc20                __stpcpy
                0x000000000001fc20                __GI___stpcpy
 *fill*         0x000000000001fca1        0xf 
 .text          0x000000000001fcb0      0x119 /home/luyaohan1001/Projects/hack_linux_v5.15/buildroot-2022.02.8/output/build/glibc-2.34-109-gd64b08d5ba7ffbc9155630f4843cf2e271b1629c/build/libc_pic.a(memcpy.os)
                0x000000000001fcb0                __GI_memcpy
                0x000000000001fcb0                __new_memcpy
                0x000000000001fcb0                memcpy@@GLIBC_2.14
 *fill*         0x000000000001fdc9        0x7 
 .text          0x000000000001fdd0       0x7d /home/luyaohan1001/Projects/hack_linux_v5.15/buildroot-2022.02.8/output/build/glibc-2.34-109-gd64b08d5ba7ffbc9155630f4843cf2e271b1629c/build/libc_pic.a(rawmemchr.os)
                0x000000000001fdd0                __GI___rawmemchr
                0x000000000001fdd0                __rawmemchr
                0x000000000001fdd0                rawmemchr
 *fill*         0x000000000001fe4d        0x3 
 .text          0x000000000001fe50     0x1439 /home/luyaohan1001/Projects/hack_linux_v5.15/buildroot-2022.02.8/output/build/glibc-2.34-109-gd64b08d5ba7ffbc9155630f4843cf2e271b1629c/build/libc_pic.a(strcmp-sse2.os)
                0x000000000001fe50                __strcmp_sse2
 *fill*         0x0000000000021289        0x7 
 .text          0x0000000000021290      0x2a3 /home/luyaohan1001/Projects/hack_linux_v5.15/buildroot-2022.02.8/output/build/glibc-2.34-109-gd64b08d5ba7ffbc9155630f4843cf2e271b1629c/build/libc_pic.a(strcmp-sse2-unaligned.os)
                0x0000000000021290                __strcmp_sse2_unaligned
 .text          0x0000000000021533        0x0 /home/luyaohan1001/Projects/hack_linux_v5.15/buildroot-2022.02.8/output/build/glibc-2.34-109-gd64b08d5ba7ffbc9155630f4843cf2e271b1629c/build/libc_pic.a(strcmp-ssse3.os)
 .text          0x0000000000021533        0x0 /home/luyaohan1001/Projects/hack_linux_v5.15/buildroot-2022.02.8/output/build/glibc-2.34-109-gd64b08d5ba7ffbc9155630f4843cf2e271b1629c/build/libc_pic.a(strcmp-avx2.os)
 *fill*         0x0000000000021533        0xd 
 .text          0x0000000000021540     0x1849 /home/luyaohan1001/Projects/hack_linux_v5.15/buildroot-2022.02.8/output/build/glibc-2.34-109-gd64b08d5ba7ffbc9155630f4843cf2e271b1629c/build/libc_pic.a(strncmp-sse2.os)
                0x0000000000021540                __strncmp_sse2
 .text          0x0000000000022d89        0x0 /home/luyaohan1001/Projects/hack_linux_v5.15/buildroot-2022.02.8/output/build/glibc-2.34-109-gd64b08d5ba7ffbc9155630f4843cf2e271b1629c/build/libc_pic.a(strncmp-ssse3.os)
 .text          0x0000000000022d89        0x0 /home/luyaohan1001/Projects/hack_linux_v5.15/buildroot-2022.02.8/output/build/glibc-2.34-109-gd64b08d5ba7ffbc9155630f4843cf2e271b1629c/build/libc_pic.a(strncmp-sse4_2.os)
 .text          0x0000000000022d89        0x0 /home/luyaohan1001/Projects/hack_linux_v5.15/buildroot-2022.02.8/output/build/glibc-2.34-109-gd64b08d5ba7ffbc9155630f4843cf2e271b1629c/build/libc_pic.a(strncmp-avx2.os)
 *fill*         0x0000000000022d89        0x7 
 .text          0x0000000000022d90      0x323 /home/luyaohan1001/Projects/hack_linux_v5.15/buildroot-2022.02.8/output/build/glibc-2.34-109-gd64b08d5ba7ffbc9155630f4843cf2e271b1629c/build/libc_pic.a(memchr-sse2.os)
                0x0000000000022d90                __memchr_sse2
 *fill*         0x00000000000230b3        0xd 
 .text          0x00000000000230c0      0x1f9 /home/luyaohan1001/Projects/hack_linux_v5.15/buildroot-2022.02.8/output/build/glibc-2.34-109-gd64b08d5ba7ffbc9155630f4843cf2e271b1629c/build/libc_pic.a(rawmemchr-sse2.os)
                0x00000000000230c0                __rawmemchr_sse2
 .text          0x00000000000232b9        0x0 /home/luyaohan1001/Projects/hack_linux_v5.15/buildroot-2022.02.8/output/build/glibc-2.34-109-gd64b08d5ba7ffbc9155630f4843cf2e271b1629c/build/libc_pic.a(memchr-avx2.os)
 .text          0x00000000000232b9        0x0 /home/luyaohan1001/Projects/hack_linux_v5.15/buildroot-2022.02.8/output/build/glibc-2.34-109-gd64b08d5ba7ffbc9155630f4843cf2e271b1629c/build/libc_pic.a(rawmemchr-avx2.os)
 *fill*         0x00000000000232b9        0x7 
 .text          0x00000000000232c0      0x400 /home/luyaohan1001/Projects/hack_linux_v5.15/buildroot-2022.02.8/output/build/glibc-2.34-109-gd64b08d5ba7ffbc9155630f4843cf2e271b1629c/build/libc_pic.a(memcmp-sse2.os)
                0x00000000000232c0                __memcmp_sse2
 .text          0x00000000000236c0        0x0 /home/luyaohan1001/Projects/hack_linux_v5.15/buildroot-2022.02.8/output/build/glibc-2.34-109-gd64b08d5ba7ffbc9155630f4843cf2e271b1629c/build/libc_pic.a(memcmp-avx2-movbe.os)
 .text          0x00000000000236c0        0x0 /home/luyaohan1001/Projects/hack_linux_v5.15/buildroot-2022.02.8/output/build/glibc-2.34-109-gd64b08d5ba7ffbc9155630f4843cf2e271b1629c/build/libc_pic.a(memcmp-sse4.os)
 .text          0x00000000000236c0        0x0 /home/luyaohan1001/Projects/hack_linux_v5.15/buildroot-2022.02.8/output/build/glibc-2.34-109-gd64b08d5ba7ffbc9155630f4843cf2e271b1629c/build/libc_pic.a(memcpy-ssse3.os)
 .text          0x00000000000236c0        0x0 /home/luyaohan1001/Projects/hack_linux_v5.15/buildroot-2022.02.8/output/build/glibc-2.34-109-gd64b08d5ba7ffbc9155630f4843cf2e271b1629c/build/libc_pic.a(memmove-ssse3.os)
 .text          0x00000000000236c0        0x0 /home/luyaohan1001/Projects/hack_linux_v5.15/buildroot-2022.02.8/output/build/glibc-2.34-109-gd64b08d5ba7ffbc9155630f4843cf2e271b1629c/build/libc_pic.a(memcpy-ssse3-back.os)
 .text          0x00000000000236c0        0x0 /home/luyaohan1001/Projects/hack_linux_v5.15/buildroot-2022.02.8/output/build/glibc-2.34-109-gd64b08d5ba7ffbc9155630f4843cf2e271b1629c/build/libc_pic.a(memmove-ssse3-back.os)
 .text          0x00000000000236c0        0x0 /home/luyaohan1001/Projects/hack_linux_v5.15/buildroot-2022.02.8/output/build/glibc-2.34-109-gd64b08d5ba7ffbc9155630f4843cf2e271b1629c/build/libc_pic.a(memmove-avx512-no-vzeroupper.os)
 .text          0x00000000000236c0      0x21a /home/luyaohan1001/Projects/hack_linux_v5.15/buildroot-2022.02.8/output/build/glibc-2.34-109-gd64b08d5ba7ffbc9155630f4843cf2e271b1629c/build/libc_pic.a(strchr-sse2.os)
                0x00000000000236c0                __strchr_sse2
 .text          0x00000000000238da        0x0 /home/luyaohan1001/Projects/hack_linux_v5.15/buildroot-2022.02.8/output/build/glibc-2.34-109-gd64b08d5ba7ffbc9155630f4843cf2e271b1629c/build/libc_pic.a(strchr-avx2.os)
 *fill*         0x00000000000238da        0x6 
 .text          0x00000000000238e0      0x19c /home/luyaohan1001/Projects/hack_linux_v5.15/buildroot-2022.02.8/output/build/glibc-2.34-109-gd64b08d5ba7ffbc9155630f4843cf2e271b1629c/build/libc_pic.a(strlen-sse2.os)
                0x00000000000238e0                __strlen_sse2
 *fill*         0x0000000000023a7c        0x4 
 .text          0x0000000000023a80      0x218 /home/luyaohan1001/Projects/hack_linux_v5.15/buildroot-2022.02.8/output/build/glibc-2.34-109-gd64b08d5ba7ffbc9155630f4843cf2e271b1629c/build/libc_pic.a(strnlen-sse2.os)
                0x0000000000023a80                __strnlen_sse2
 .text          0x0000000000023c98        0x0 /home/luyaohan1001/Projects/hack_linux_v5.15/buildroot-2022.02.8/output/build/glibc-2.34-109-gd64b08d5ba7ffbc9155630f4843cf2e271b1629c/build/libc_pic.a(strlen-avx2.os)
 .text          0x0000000000023c98        0x0 /home/luyaohan1001/Projects/hack_linux_v5.15/buildroot-2022.02.8/output/build/glibc-2.34-109-gd64b08d5ba7ffbc9155630f4843cf2e271b1629c/build/libc_pic.a(strnlen-avx2.os)
 *fill*         0x0000000000023c98        0x8 
 .text          0x0000000000023ca0       0xdc /home/luyaohan1001/Projects/hack_linux_v5.15/buildroot-2022.02.8/output/build/glibc-2.34-109-gd64b08d5ba7ffbc9155630f4843cf2e271b1629c/build/libc_pic.a(stpcpy-sse2.os)
                0x0000000000023ca0                __stpcpy_sse2
 .text          0x0000000000023d7c        0x0 /home/luyaohan1001/Projects/hack_linux_v5.15/buildroot-2022.02.8/output/build/glibc-2.34-109-gd64b08d5ba7ffbc9155630f4843cf2e271b1629c/build/libc_pic.a(stpcpy-ssse3.os)
 *fill*         0x0000000000023d7c        0x4 
 .text          0x0000000000023d80      0x6b0 /home/luyaohan1001/Projects/hack_linux_v5.15/buildroot-2022.02.8/output/build/glibc-2.34-109-gd64b08d5ba7ffbc9155630f4843cf2e271b1629c/build/libc_pic.a(stpcpy-sse2-unaligned.os)
                0x0000000000023d80                __stpcpy_sse2_unaligned
 .text          0x0000000000024430        0x0 /home/luyaohan1001/Projects/hack_linux_v5.15/buildroot-2022.02.8/output/build/glibc-2.34-109-gd64b08d5ba7ffbc9155630f4843cf2e271b1629c/build/libc_pic.a(stpcpy-avx2.os)
 .text          0x0000000000024430        0x0 /home/luyaohan1001/Projects/hack_linux_v5.15/buildroot-2022.02.8/output/build/glibc-2.34-109-gd64b08d5ba7ffbc9155630f4843cf2e271b1629c/build/libc_pic.a(strchr-sse2-no-bsf.os)
 .text          0x0000000000024430        0x0 /home/luyaohan1001/Projects/hack_linux_v5.15/buildroot-2022.02.8/output/build/glibc-2.34-109-gd64b08d5ba7ffbc9155630f4843cf2e271b1629c/build/libc_pic.a(memcmp-ssse3.os)
 .text          0x0000000000024430       0x97 /home/luyaohan1001/Projects/hack_linux_v5.15/buildroot-2022.02.8/output/build/glibc-2.34-109-gd64b08d5ba7ffbc9155630f4843cf2e271b1629c/build/libc_pic.a(strcspn-sse2.os)
                0x0000000000024430                __strcspn_sse2
 .text          0x00000000000244c7        0x0 /home/luyaohan1001/Projects/hack_linux_v5.15/buildroot-2022.02.8/output/build/glibc-2.34-109-gd64b08d5ba7ffbc9155630f4843cf2e271b1629c/build/libc_pic.a(strcspn-c.os)
 .text          0x00000000000244c7        0x0 /home/luyaohan1001/Projects/hack_linux_v5.15/buildroot-2022.02.8/output/build/glibc-2.34-109-gd64b08d5ba7ffbc9155630f4843cf2e271b1629c/build/libc_pic.a(varshift.os)
 .text          0x00000000000244c7        0x0 /home/luyaohan1001/Projects/hack_linux_v5.15/buildroot-2022.02.8/output/build/glibc-2.34-109-gd64b08d5ba7ffbc9155630f4843cf2e271b1629c/build/libc_pic.a(memset-avx512-no-vzeroupper.os)
 *fill*         0x00000000000244c7        0x9 
 .text          0x00000000000244d0      0x662 /home/luyaohan1001/Projects/hack_linux_v5.15/buildroot-2022.02.8/output/build/glibc-2.34-109-gd64b08d5ba7ffbc9155630f4843cf2e271b1629c/build/libc_pic.a(memmove-sse2-unaligned-erms.os)
                0x00000000000244d0                __mempcpy_chk_sse2_unaligned
                0x00000000000244e0                __mempcpy_sse2_unaligned
                0x00000000000244f0                __memcpy_chk_sse2_unaligned
                0x00000000000244f0                __memmove_chk_sse2_unaligned
                0x0000000000024500                __memmove_sse2_unaligned
                0x0000000000024500                __memcpy_sse2_unaligned
                0x0000000000024500                memcpy@GLIBC_2.2.5
                0x0000000000024530                __mempcpy_chk_erms
                0x0000000000024540                __mempcpy_erms
                0x0000000000024550                __memcpy_chk_erms
                0x0000000000024550                __memmove_chk_erms
                0x0000000000024560                __memmove_erms
                0x0000000000024560                __memcpy_erms
                0x0000000000024590                __mempcpy_chk_sse2_unaligned_erms
                0x00000000000245a0                __mempcpy_sse2_unaligned_erms
                0x00000000000245b0                __memmove_chk_sse2_unaligned_erms
                0x00000000000245b0                __memcpy_chk_sse2_unaligned_erms
                0x00000000000245c0                __memmove_sse2_unaligned_erms
                0x00000000000245c0                __memcpy_sse2_unaligned_erms
 .text          0x0000000000024b32        0x0 /home/luyaohan1001/Projects/hack_linux_v5.15/buildroot-2022.02.8/output/build/glibc-2.34-109-gd64b08d5ba7ffbc9155630f4843cf2e271b1629c/build/libc_pic.a(memmove-avx-unaligned-erms.os)
 .text          0x0000000000024b32        0x0 /home/luyaohan1001/Projects/hack_linux_v5.15/buildroot-2022.02.8/output/build/glibc-2.34-109-gd64b08d5ba7ffbc9155630f4843cf2e271b1629c/build/libc_pic.a(memmove-avx512-unaligned-erms.os)
 *fill*         0x0000000000024b32        0xe 
 .text          0x0000000000024b40      0x1c2 /home/luyaohan1001/Projects/hack_linux_v5.15/buildroot-2022.02.8/output/build/glibc-2.34-109-gd64b08d5ba7ffbc9155630f4843cf2e271b1629c/build/libc_pic.a(memset-sse2-unaligned-erms.os)
                0x0000000000024b40                __bzero
                0x0000000000024b40                bzero
                0x0000000000024b50                __wmemset_chk_sse2_unaligned
                0x0000000000024b60                __wmemset_sse2_unaligned
                0x0000000000024b80                __memset_chk_sse2_unaligned
                0x0000000000024b90                __memset_sse2_unaligned
                0x0000000000024bd0                __memset_chk_erms
                0x0000000000024be0                __memset_erms
                0x0000000000024c00                __memset_chk_sse2_unaligned_erms
                0x0000000000024c10                __memset_sse2_unaligned_erms
 .text          0x0000000000024d02        0x0 /home/luyaohan1001/Projects/hack_linux_v5.15/buildroot-2022.02.8/output/build/glibc-2.34-109-gd64b08d5ba7ffbc9155630f4843cf2e271b1629c/build/libc_pic.a(memset-avx2-unaligned-erms.os)
 .text          0x0000000000024d02        0x0 /home/luyaohan1001/Projects/hack_linux_v5.15/buildroot-2022.02.8/output/build/glibc-2.34-109-gd64b08d5ba7ffbc9155630f4843cf2e271b1629c/build/libc_pic.a(memset-avx512-unaligned-erms.os)
 .text          0x0000000000024d02        0x0 /home/luyaohan1001/Projects/hack_linux_v5.15/buildroot-2022.02.8/output/build/glibc-2.34-109-gd64b08d5ba7ffbc9155630f4843cf2e271b1629c/build/libc_pic.a(memchr-avx2-rtm.os)
 .text          0x0000000000024d02        0x0 /home/luyaohan1001/Projects/hack_linux_v5.15/buildroot-2022.02.8/output/build/glibc-2.34-109-gd64b08d5ba7ffbc9155630f4843cf2e271b1629c/build/libc_pic.a(memcmp-avx2-movbe-rtm.os)
 .text          0x0000000000024d02        0x0 /home/luyaohan1001/Projects/hack_linux_v5.15/buildroot-2022.02.8/output/build/glibc-2.34-109-gd64b08d5ba7ffbc9155630f4843cf2e271b1629c/build/libc_pic.a(memmove-avx-unaligned-erms-rtm.os)
 .text          0x0000000000024d02        0x0 /home/luyaohan1001/Projects/hack_linux_v5.15/buildroot-2022.02.8/output/build/glibc-2.34-109-gd64b08d5ba7ffbc9155630f4843cf2e271b1629c/build/libc_pic.a(memset-avx2-unaligned-erms-rtm.os)
 .text          0x0000000000024d02        0x0 /home/luyaohan1001/Projects/hack_linux_v5.15/buildroot-2022.02.8/output/build/glibc-2.34-109-gd64b08d5ba7ffbc9155630f4843cf2e271b1629c/build/libc_pic.a(rawmemchr-avx2-rtm.os)
 .text          0x0000000000024d02        0x0 /home/luyaohan1001/Projects/hack_linux_v5.15/buildroot-2022.02.8/output/build/glibc-2.34-109-gd64b08d5ba7ffbc9155630f4843cf2e271b1629c/build/libc_pic.a(strchr-avx2-rtm.os)
 .text          0x0000000000024d02        0x0 /home/luyaohan1001/Projects/hack_linux_v5.15/buildroot-2022.02.8/output/build/glibc-2.34-109-gd64b08d5ba7ffbc9155630f4843cf2e271b1629c/build/libc_pic.a(strcmp-avx2-rtm.os)
 .text          0x0000000000024d02        0x0 /home/luyaohan1001/Projects/hack_linux_v5.15/buildroot-2022.02.8/output/build/glibc-2.34-109-gd64b08d5ba7ffbc9155630f4843cf2e271b1629c/build/libc_pic.a(stpcpy-avx2-rtm.os)
 .text          0x0000000000024d02        0x0 /home/luyaohan1001/Projects/hack_linux_v5.15/buildroot-2022.02.8/output/build/glibc-2.34-109-gd64b08d5ba7ffbc9155630f4843cf2e271b1629c/build/libc_pic.a(strlen-avx2-rtm.os)
 .text          0x0000000000024d02        0x0 /home/luyaohan1001/Projects/hack_linux_v5.15/buildroot-2022.02.8/output/build/glibc-2.34-109-gd64b08d5ba7ffbc9155630f4843cf2e271b1629c/build/libc_pic.a(strncmp-avx2-rtm.os)
 .text          0x0000000000024d02        0x0 /home/luyaohan1001/Projects/hack_linux_v5.15/buildroot-2022.02.8/output/build/glibc-2.34-109-gd64b08d5ba7ffbc9155630f4843cf2e271b1629c/build/libc_pic.a(strnlen-avx2-rtm.os)
 .text          0x0000000000024d02        0x0 /home/luyaohan1001/Projects/hack_linux_v5.15/buildroot-2022.02.8/output/build/glibc-2.34-109-gd64b08d5ba7ffbc9155630f4843cf2e271b1629c/build/libc_pic.a(memchr-evex.os)
 .text          0x0000000000024d02        0x0 /home/luyaohan1001/Projects/hack_linux_v5.15/buildroot-2022.02.8/output/build/glibc-2.34-109-gd64b08d5ba7ffbc9155630f4843cf2e271b1629c/build/libc_pic.a(memcmp-evex-movbe.os)
 .text          0x0000000000024d02        0x0 /home/luyaohan1001/Projects/hack_linux_v5.15/buildroot-2022.02.8/output/build/glibc-2.34-109-gd64b08d5ba7ffbc9155630f4843cf2e271b1629c/build/libc_pic.a(memmove-evex-unaligned-erms.os)
 .text          0x0000000000024d02        0x0 /home/luyaohan1001/Projects/hack_linux_v5.15/buildroot-2022.02.8/output/build/glibc-2.34-109-gd64b08d5ba7ffbc9155630f4843cf2e271b1629c/build/libc_pic.a(memset-evex-unaligned-erms.os)
 .text          0x0000000000024d02        0x0 /home/luyaohan1001/Projects/hack_linux_v5.15/buildroot-2022.02.8/output/build/glibc-2.34-109-gd64b08d5ba7ffbc9155630f4843cf2e271b1629c/build/libc_pic.a(rawmemchr-evex.os)
 .text          0x0000000000024d02        0x0 /home/luyaohan1001/Projects/hack_linux_v5.15/buildroot-2022.02.8/output/build/glibc-2.34-109-gd64b08d5ba7ffbc9155630f4843cf2e271b1629c/build/libc_pic.a(stpcpy-evex.os)
 .text          0x0000000000024d02        0x0 /home/luyaohan1001/Projects/hack_linux_v5.15/buildroot-2022.02.8/output/build/glibc-2.34-109-gd64b08d5ba7ffbc9155630f4843cf2e271b1629c/build/libc_pic.a(strchr-evex.os)
 .text          0x0000000000024d02        0x0 /home/luyaohan1001/Projects/hack_linux_v5.15/buildroot-2022.02.8/output/build/glibc-2.34-109-gd64b08d5ba7ffbc9155630f4843cf2e271b1629c/build/libc_pic.a(strcmp-evex.os)
 .text          0x0000000000024d02        0x0 /home/luyaohan1001/Projects/hack_linux_v5.15/buildroot-2022.02.8/output/build/glibc-2.34-109-gd64b08d5ba7ffbc9155630f4843cf2e271b1629c/build/libc_pic.a(strlen-evex.os)
 .text          0x0000000000024d02        0x0 /home/luyaohan1001/Projects/hack_linux_v5.15/buildroot-2022.02.8/output/build/glibc-2.34-109-gd64b08d5ba7ffbc9155630f4843cf2e271b1629c/build/libc_pic.a(strncmp-evex.os)
 .text          0x0000000000024d02        0x0 /home/luyaohan1001/Projects/hack_linux_v5.15/buildroot-2022.02.8/output/build/glibc-2.34-109-gd64b08d5ba7ffbc9155630f4843cf2e271b1629c/build/libc_pic.a(strnlen-evex.os)
 .text          0x0000000000024d02        0x0 /home/luyaohan1001/Projects/hack_linux_v5.15/buildroot-2022.02.8/output/build/glibc-2.34-109-gd64b08d5ba7ffbc9155630f4843cf2e271b1629c/build/libc_pic.a(memchr-evex-rtm.os)
 .text          0x0000000000024d02        0x0 /home/luyaohan1001/Projects/hack_linux_v5.15/buildroot-2022.02.8/output/build/glibc-2.34-109-gd64b08d5ba7ffbc9155630f4843cf2e271b1629c/build/libc_pic.a(rawmemchr-evex-rtm.os)
 *fill*         0x0000000000024d02        0xe 
 .text          0x0000000000024d10      0x188 /home/luyaohan1001/Projects/hack_linux_v5.15/buildroot-2022.02.8/output/build/glibc-2.34-109-gd64b08d5ba7ffbc9155630f4843cf2e271b1629c/build/libc_pic.a(cacheinfo.os)
                0x0000000000024d10                __x86_cacheinfo
                0x0000000000024db0                __cache_sysconf
 *fill*         0x0000000000024e98        0x8 
 .text          0x0000000000024ea0       0x29 /home/luyaohan1001/Projects/hack_linux_v5.15/buildroot-2022.02.8/output/build/glibc-2.34-109-gd64b08d5ba7ffbc9155630f4843cf2e271b1629c/build/libc_pic.a(closedir.os)
                0x0000000000024ea0                __closedir
                0x0000000000024ea0                closedir
 *fill*         0x0000000000024ec9        0x7 
 .text          0x0000000000024ed0       0x7e /home/luyaohan1001/Projects/hack_linux_v5.15/buildroot-2022.02.8/output/build/glibc-2.34-109-gd64b08d5ba7ffbc9155630f4843cf2e271b1629c/build/libc_pic.a(rewinddir.os)
                0x0000000000024ed0                rewinddir
                0x0000000000024ed0                __rewinddir
                0x0000000000024ed0                __GI___rewinddir
 *fill*         0x0000000000024f4e        0x2 
 .text          0x0000000000024f50       0xf0 /home/luyaohan1001/Projects/hack_linux_v5.15/buildroot-2022.02.8/output/build/glibc-2.34-109-gd64b08d5ba7ffbc9155630f4843cf2e271b1629c/build/libc_pic.a(readdir64.os)
                0x0000000000024f50                readdir
                0x0000000000024f50                __readdir64
                0x0000000000024f50                __readdir
                0x0000000000024f50                __GI___readdir64
                0x0000000000024f50                readdir64
 .text          0x0000000000025040       0x92 /home/luyaohan1001/Projects/hack_linux_v5.15/buildroot-2022.02.8/output/build/glibc-2.34-109-gd64b08d5ba7ffbc9155630f4843cf2e271b1629c/build/libc_pic.a(fdopendir.os)
                0x0000000000025040                fdopendir
                0x0000000000025040                __fdopendir
 *fill*         0x00000000000250d2        0xe 
 .text          0x00000000000250e0       0x21 /home/luyaohan1001/Projects/hack_linux_v5.15/buildroot-2022.02.8/output/build/glibc-2.34-109-gd64b08d5ba7ffbc9155630f4843cf2e271b1629c/build/libc_pic.a(uname.os)
                0x00000000000250e0                uname
                0x00000000000250e0                __GI_uname
                0x00000000000250e0                __uname
                0x00000000000250e0                __GI___uname
 *fill*         0x0000000000025101        0xf 
 .text          0x0000000000025110       0x48 /home/luyaohan1001/Projects/hack_linux_v5.15/buildroot-2022.02.8/output/build/glibc-2.34-109-gd64b08d5ba7ffbc9155630f4843cf2e271b1629c/build/libc_pic.a(_exit.os)
                0x0000000000025110                _Exit
                0x0000000000025110                __GI__exit
                0x0000000000025110                _exit
 *fill*         0x0000000000025158        0x8 
 .text          0x0000000000025160        0x8 /home/luyaohan1001/Projects/hack_linux_v5.15/buildroot-2022.02.8/output/build/glibc-2.34-109-gd64b08d5ba7ffbc9155630f4843cf2e271b1629c/build/libc_pic.a(getpid.os)
                0x0000000000025160                __getpid
                0x0000000000025160                getpid
                0x0000000000025160                __GI_getpid
                0x0000000000025160                __GI___getpid
 .text          0x0000000000025168        0x0 /home/luyaohan1001/Projects/hack_linux_v5.15/buildroot-2022.02.8/output/build/glibc-2.34-109-gd64b08d5ba7ffbc9155630f4843cf2e271b1629c/build/libc_pic.a(environ.os)
 *fill*         0x0000000000025168        0x8 
 .text          0x0000000000025170       0x12 /home/luyaohan1001/Projects/hack_linux_v5.15/buildroot-2022.02.8/output/build/glibc-2.34-109-gd64b08d5ba7ffbc9155630f4843cf2e271b1629c/build/libc_pic.a(stat64.os)
                0x0000000000025170                stat64
                0x0000000000025170                __stat
                0x0000000000025170                __stat64
                0x0000000000025170                stat
                0x0000000000025170                __GI___stat64
 *fill*         0x0000000000025182        0xe 
 .text          0x0000000000025190       0x34 /home/luyaohan1001/Projects/hack_linux_v5.15/buildroot-2022.02.8/output/build/glibc-2.34-109-gd64b08d5ba7ffbc9155630f4843cf2e271b1629c/build/libc_pic.a(fstat64.os)
                0x0000000000025190                __GI___fstat64
                0x0000000000025190                fstat64
                0x0000000000025190                fstat
                0x0000000000025190                __fstat64
                0x0000000000025190                __fstat
 *fill*         0x00000000000251c4        0xc 
 .text          0x00000000000251d0       0x15 /home/luyaohan1001/Projects/hack_linux_v5.15/buildroot-2022.02.8/output/build/glibc-2.34-109-gd64b08d5ba7ffbc9155630f4843cf2e271b1629c/build/libc_pic.a(lstat64.os)
                0x00000000000251d0                __lstat64
                0x00000000000251d0                lstat
                0x00000000000251d0                lstat64
                0x00000000000251d0                __GI___lstat64
                0x00000000000251d0                __lstat
 *fill*         0x00000000000251e5        0xb 
 .text          0x00000000000251f0       0x2a /home/luyaohan1001/Projects/hack_linux_v5.15/buildroot-2022.02.8/output/build/glibc-2.34-109-gd64b08d5ba7ffbc9155630f4843cf2e271b1629c/build/libc_pic.a(fstatat64.os)
                0x00000000000251f0                fstatat
                0x00000000000251f0                __fstatat
                0x00000000000251f0                fstatat64
                0x00000000000251f0                __fstatat64
                0x00000000000251f0                __GI___fstatat
                0x00000000000251f0                __GI___fstatat64
 *fill*         0x000000000002521a        0x6 
 .text          0x0000000000025220       0xf3 /home/luyaohan1001/Projects/hack_linux_v5.15/buildroot-2022.02.8/output/build/glibc-2.34-109-gd64b08d5ba7ffbc9155630f4843cf2e271b1629c/build/libc_pic.a(openat64.os)
                0x0000000000025220                __openat64
                0x0000000000025220                __GI___openat
                0x0000000000025220                __GI___openat64
                0x0000000000025220                __libc_openat64
                0x0000000000025220                __openat
                0x0000000000025220                openat
 *fill*         0x0000000000025313        0xd 
 .text          0x0000000000025320       0x24 /home/luyaohan1001/Projects/hack_linux_v5.15/buildroot-2022.02.8/output/build/glibc-2.34-109-gd64b08d5ba7ffbc9155630f4843cf2e271b1629c/build/libc_pic.a(lseek64.os)
                0x0000000000025320                __GI___lseek
                0x0000000000025320                __lseek64
                0x0000000000025320                lseek
                0x0000000000025320                __libc_lseek64
                0x0000000000025320                llseek@GLIBC_2.2.5
                0x0000000000025320                __lseek
                0x0000000000025320                __libc_lseek
                0x0000000000025320                lseek64
 *fill*         0x0000000000025344        0xc 
 .text          0x0000000000025350       0x22 /home/luyaohan1001/Projects/hack_linux_v5.15/buildroot-2022.02.8/output/build/glibc-2.34-109-gd64b08d5ba7ffbc9155630f4843cf2e271b1629c/build/libc_pic.a(access.os)
                0x0000000000025350                __GI___access
                0x0000000000025350                access
                0x0000000000025350                __access
 *fill*         0x0000000000025372        0xe 
 .text          0x0000000000025380       0x22 /home/luyaohan1001/Projects/hack_linux_v5.15/buildroot-2022.02.8/output/build/glibc-2.34-109-gd64b08d5ba7ffbc9155630f4843cf2e271b1629c/build/libc_pic.a(close_nocancel.os)
                0x0000000000025380                __GI___close_nocancel
                0x0000000000025380                __close_nocancel
 *fill*         0x00000000000253a2        0xe 
 .text          0x00000000000253b0       0xd6 /home/luyaohan1001/Projects/hack_linux_v5.15/buildroot-2022.02.8/output/build/glibc-2.34-109-gd64b08d5ba7ffbc9155630f4843cf2e271b1629c/build/libc_pic.a(fcntl_nocancel.os)
                0x00000000000253b0                __fcntl64_nocancel
                0x00000000000253b0                __GI___fcntl64_nocancel
                0x0000000000025430                __fcntl64_nocancel_adjusted
 *fill*         0x0000000000025486        0xa 
 .text          0x0000000000025490       0x7a /home/luyaohan1001/Projects/hack_linux_v5.15/buildroot-2022.02.8/output/build/glibc-2.34-109-gd64b08d5ba7ffbc9155630f4843cf2e271b1629c/build/libc_pic.a(open64_nocancel.os)
                0x0000000000025490                __GI___open_nocancel
                0x0000000000025490                __open_nocancel
                0x0000000000025490                __GI___open64_nocancel
                0x0000000000025490                __open64_nocancel
 *fill*         0x000000000002550a        0x6 
 .text          0x0000000000025510       0x24 /home/luyaohan1001/Projects/hack_linux_v5.15/buildroot-2022.02.8/output/build/glibc-2.34-109-gd64b08d5ba7ffbc9155630f4843cf2e271b1629c/build/libc_pic.a(read_nocancel.os)
                0x0000000000025510                __read_nocancel
                0x0000000000025510                __GI___read_nocancel
 *fill*         0x0000000000025534        0xc 
 .text          0x0000000000025540       0x2c /home/luyaohan1001/Projects/hack_linux_v5.15/buildroot-2022.02.8/output/build/glibc-2.34-109-gd64b08d5ba7ffbc9155630f4843cf2e271b1629c/build/libc_pic.a(pread64_nocancel.os)
                0x0000000000025540                __GI___pread64_nocancel
                0x0000000000025540                __pread64_nocancel
 *fill*         0x000000000002556c        0x4 
 .text          0x0000000000025570       0x24 /home/luyaohan1001/Projects/hack_linux_v5.15/buildroot-2022.02.8/output/build/glibc-2.34-109-gd64b08d5ba7ffbc9155630f4843cf2e271b1629c/build/libc_pic.a(write_nocancel.os)
                0x0000000000025570                __GI___write_nocancel
                0x0000000000025570                __write_nocancel
 *fill*         0x0000000000025594        0xc 
 .text          0x00000000000255a0       0xa5 /home/luyaohan1001/Projects/hack_linux_v5.15/buildroot-2022.02.8/output/build/glibc-2.34-109-gd64b08d5ba7ffbc9155630f4843cf2e271b1629c/build/libc_pic.a(mmap64.os)
                0x00000000000255a0                __GI___mmap
                0x00000000000255a0                __mmap
                0x00000000000255a0                mmap
                0x00000000000255a0                __GI___mmap64
                0x00000000000255a0                __mmap64
                0x00000000000255a0                mmap64
 *fill*         0x0000000000025645        0xb 
 .text          0x0000000000025650       0x21 /home/luyaohan1001/Projects/hack_linux_v5.15/buildroot-2022.02.8/output/build/glibc-2.34-109-gd64b08d5ba7ffbc9155630f4843cf2e271b1629c/build/libc_pic.a(munmap.os)
                0x0000000000025650                munmap
                0x0000000000025650                __GI___munmap
                0x0000000000025650                __GI_munmap
                0x0000000000025650                __munmap
 *fill*         0x0000000000025671        0xf 
 .text          0x0000000000025680       0x21 /home/luyaohan1001/Projects/hack_linux_v5.15/buildroot-2022.02.8/output/build/glibc-2.34-109-gd64b08d5ba7ffbc9155630f4843cf2e271b1629c/build/libc_pic.a(mprotect.os)
                0x0000000000025680                __mprotect
                0x0000000000025680                __GI___mprotect
                0x0000000000025680                __GI_mprotect
                0x0000000000025680                mprotect
 *fill*         0x00000000000256a1        0xf 
 .text          0x00000000000256b0      0x1bf /home/luyaohan1001/Projects/hack_linux_v5.15/buildroot-2022.02.8/output/build/glibc-2.34-109-gd64b08d5ba7ffbc9155630f4843cf2e271b1629c/build/libc_pic.a(profil.os)
                0x0000000000025700                __profil
                0x0000000000025700                profil
 *fill*         0x000000000002586f        0x1 
 .text          0x0000000000025870        0xb /home/luyaohan1001/Projects/hack_linux_v5.15/buildroot-2022.02.8/output/build/glibc-2.34-109-gd64b08d5ba7ffbc9155630f4843cf2e271b1629c/build/libc_pic.a(prof-freq.os)
                0x0000000000025870                __GI___profile_frequency
                0x0000000000025870                __profile_frequency
 *fill*         0x000000000002587b        0x5 
 .text          0x0000000000025880       0x7b /home/luyaohan1001/Projects/hack_linux_v5.15/buildroot-2022.02.8/output/build/glibc-2.34-109-gd64b08d5ba7ffbc9155630f4843cf2e271b1629c/build/libc_pic.a(dl-addr-obj.os)
                0x0000000000025880                _dl_addr_inside_object
 *fill*         0x00000000000258fb        0x5 
 .text          0x0000000000025900       0x2c /home/luyaohan1001/Projects/hack_linux_v5.15/buildroot-2022.02.8/output/build/glibc-2.34-109-gd64b08d5ba7ffbc9155630f4843cf2e271b1629c/build/libc_pic.a(sigaction.os)
                0x0000000000025900                sigaction
                0x0000000000025900                __GI___sigaction
                0x0000000000025900                __sigaction
 *fill*         0x000000000002592c        0x4 
 .text          0x0000000000025930      0x1b5 /home/luyaohan1001/Projects/hack_linux_v5.15/buildroot-2022.02.8/output/build/glibc-2.34-109-gd64b08d5ba7ffbc9155630f4843cf2e271b1629c/build/libc_pic.a(libc_sigaction.os)
                0x0000000000025950                __libc_sigaction
                0x0000000000025950                __GI___libc_sigaction
 *fill*         0x0000000000025ae5        0xb 
 .text          0x0000000000025af0       0x22 /home/luyaohan1001/Projects/hack_linux_v5.15/buildroot-2022.02.8/output/build/glibc-2.34-109-gd64b08d5ba7ffbc9155630f4843cf2e271b1629c/build/libc_pic.a(setitimer.os)
                0x0000000000025af0                setitimer
                0x0000000000025af0                __setitimer
 *fill*         0x0000000000025b12        0xe 
 .text          0x0000000000025b20       0x34 /home/luyaohan1001/Projects/hack_linux_v5.15/buildroot-2022.02.8/output/build/glibc-2.34-109-gd64b08d5ba7ffbc9155630f4843cf2e271b1629c/build/libc_pic.a(getdents64.os)
                0x0000000000025b20                __getdents
                0x0000000000025b20                __GI___getdents64
                0x0000000000025b20                getdents64
                0x0000000000025b20                __getdents64
 *(.gnu.warning)

.text.compat    0x0000000000000000        0x1
 .text.compat   0x0000000000000000        0x1 /home/luyaohan1001/Projects/hack_linux_v5.15/buildroot-2022.02.8/output/build/glibc-2.34-109-gd64b08d5ba7ffbc9155630f4843cf2e271b1629c/build/elf/dl-allobjs.os
                0x0000000000000000                __rtld_version_placeholder_1
                0x0000000000000000                __rtld_version_placeholder@GLIBC_2.34

.text.ssse3     0x0000000000000000     0xed43
 .text.ssse3    0x0000000000000000     0x1259 /home/luyaohan1001/Projects/hack_linux_v5.15/buildroot-2022.02.8/output/build/glibc-2.34-109-gd64b08d5ba7ffbc9155630f4843cf2e271b1629c/build/libc_pic.a(strcmp-ssse3.os)
                0x0000000000000000                __GI___strcmp_ssse3
                0x0000000000000000                __strcmp_ssse3
 *fill*         0x0000000000001259        0x7 
 .text.ssse3    0x0000000000001260     0x1759 /home/luyaohan1001/Projects/hack_linux_v5.15/buildroot-2022.02.8/output/build/glibc-2.34-109-gd64b08d5ba7ffbc9155630f4843cf2e271b1629c/build/libc_pic.a(strncmp-ssse3.os)
                0x0000000000001260                __strncmp_ssse3
 *fill*         0x00000000000029b9        0x7 
 .text.ssse3    0x00000000000029c0     0x29e6 /home/luyaohan1001/Projects/hack_linux_v5.15/buildroot-2022.02.8/output/build/glibc-2.34-109-gd64b08d5ba7ffbc9155630f4843cf2e271b1629c/build/libc_pic.a(memcpy-ssse3.os)
                0x00000000000029c0                __mempcpy_chk_ssse3
                0x00000000000029d0                __mempcpy_ssse3
                0x00000000000029e0                __memcpy_chk_ssse3
                0x00000000000029f0                __memcpy_ssse3
 *fill*         0x00000000000053a6        0xa 
 .text.ssse3    0x00000000000053b0     0x2b77 /home/luyaohan1001/Projects/hack_linux_v5.15/buildroot-2022.02.8/output/build/glibc-2.34-109-gd64b08d5ba7ffbc9155630f4843cf2e271b1629c/build/libc_pic.a(memmove-ssse3.os)
                0x00000000000053b0                __memmove_chk_ssse3
                0x00000000000053c0                __memmove_ssse3
 *fill*         0x0000000000007f27        0x9 
 .text.ssse3    0x0000000000007f30     0x2ae6 /home/luyaohan1001/Projects/hack_linux_v5.15/buildroot-2022.02.8/output/build/glibc-2.34-109-gd64b08d5ba7ffbc9155630f4843cf2e271b1629c/build/libc_pic.a(memcpy-ssse3-back.os)
                0x0000000000007f30                __mempcpy_chk_ssse3_back
                0x0000000000007f40                __mempcpy_ssse3_back
                0x0000000000007f50                __memcpy_chk_ssse3_back
                0x0000000000007f60                __memcpy_ssse3_back
 *fill*         0x000000000000aa16        0xa 
 .text.ssse3    0x000000000000aa20     0x2b16 /home/luyaohan1001/Projects/hack_linux_v5.15/buildroot-2022.02.8/output/build/glibc-2.34-109-gd64b08d5ba7ffbc9155630f4843cf2e271b1629c/build/libc_pic.a(memmove-ssse3-back.os)
                0x000000000000aa20                __memmove_chk_ssse3_back
                0x000000000000aa30                __memmove_ssse3_back
 *fill*         0x000000000000d536        0xa 
 .text.ssse3    0x000000000000d540     0x1803 /home/luyaohan1001/Projects/hack_linux_v5.15/buildroot-2022.02.8/output/build/glibc-2.34-109-gd64b08d5ba7ffbc9155630f4843cf2e271b1629c/build/libc_pic.a(stpcpy-ssse3.os)
                0x000000000000d540                __stpcpy_ssse3

.text.avx       0x0000000000000000     0x2511
 .text.avx      0x0000000000000000      0x43f /home/luyaohan1001/Projects/hack_linux_v5.15/buildroot-2022.02.8/output/build/glibc-2.34-109-gd64b08d5ba7ffbc9155630f4843cf2e271b1629c/build/libc_pic.a(strcmp-avx2.os)
                0x0000000000000000                __strcmp_avx2
 *fill*         0x000000000000043f        0x1 
 .text.avx      0x0000000000000440      0x518 /home/luyaohan1001/Projects/hack_linux_v5.15/buildroot-2022.02.8/output/build/glibc-2.34-109-gd64b08d5ba7ffbc9155630f4843cf2e271b1629c/build/libc_pic.a(strncmp-avx2.os)
                0x0000000000000440                __strncmp_avx2
 *fill*         0x0000000000000958        0x8 
 .text.avx      0x0000000000000960      0x2af /home/luyaohan1001/Projects/hack_linux_v5.15/buildroot-2022.02.8/output/build/glibc-2.34-109-gd64b08d5ba7ffbc9155630f4843cf2e271b1629c/build/libc_pic.a(memchr-avx2.os)
                0x0000000000000960                __memchr_avx2
 *fill*         0x0000000000000c0f        0x1 
 .text.avx      0x0000000000000c10      0x15f /home/luyaohan1001/Projects/hack_linux_v5.15/buildroot-2022.02.8/output/build/glibc-2.34-109-gd64b08d5ba7ffbc9155630f4843cf2e271b1629c/build/libc_pic.a(rawmemchr-avx2.os)
                0x0000000000000c10                __rawmemchr_avx2
 *fill*         0x0000000000000d6f       0x11 
 .text.avx      0x0000000000000d80      0x43d /home/luyaohan1001/Projects/hack_linux_v5.15/buildroot-2022.02.8/output/build/glibc-2.34-109-gd64b08d5ba7ffbc9155630f4843cf2e271b1629c/build/libc_pic.a(memcmp-avx2-movbe.os)
                0x0000000000000d80                __memcmp_avx2_movbe
 *fill*         0x00000000000011bd        0x3 
 .text.avx      0x00000000000011c0      0x271 /home/luyaohan1001/Projects/hack_linux_v5.15/buildroot-2022.02.8/output/build/glibc-2.34-109-gd64b08d5ba7ffbc9155630f4843cf2e271b1629c/build/libc_pic.a(strchr-avx2.os)
                0x00000000000011c0                __strchr_avx2
 *fill*         0x0000000000001431        0xf 
 .text.avx      0x0000000000001440      0x172 /home/luyaohan1001/Projects/hack_linux_v5.15/buildroot-2022.02.8/output/build/glibc-2.34-109-gd64b08d5ba7ffbc9155630f4843cf2e271b1629c/build/libc_pic.a(strlen-avx2.os)
                0x0000000000001440                __strlen_avx2
 *fill*         0x00000000000015b2        0xe 
 .text.avx      0x00000000000015c0      0x2ce /home/luyaohan1001/Projects/hack_linux_v5.15/buildroot-2022.02.8/output/build/glibc-2.34-109-gd64b08d5ba7ffbc9155630f4843cf2e271b1629c/build/libc_pic.a(strnlen-avx2.os)
                0x00000000000015c0                __strnlen_avx2
 *fill*         0x000000000000188e        0x2 
 .text.avx      0x0000000000001890      0x3ac /home/luyaohan1001/Projects/hack_linux_v5.15/buildroot-2022.02.8/output/build/glibc-2.34-109-gd64b08d5ba7ffbc9155630f4843cf2e271b1629c/build/libc_pic.a(stpcpy-avx2.os)
                0x0000000000001890                __stpcpy_avx2
 *fill*         0x0000000000001c3c        0x4 
 .text.avx      0x0000000000001c40      0x71e /home/luyaohan1001/Projects/hack_linux_v5.15/buildroot-2022.02.8/output/build/glibc-2.34-109-gd64b08d5ba7ffbc9155630f4843cf2e271b1629c/build/libc_pic.a(memmove-avx-unaligned-erms.os)
                0x0000000000001c40                __mempcpy_chk_avx_unaligned
                0x0000000000001c50                __mempcpy_avx_unaligned
                0x0000000000001c60                __memcpy_chk_avx_unaligned
                0x0000000000001c60                __memmove_chk_avx_unaligned
                0x0000000000001c70                __memcpy_avx_unaligned
                0x0000000000001c70                __memmove_avx_unaligned
                0x0000000000001ca0                __mempcpy_chk_avx_unaligned_erms
                0x0000000000001cb0                __mempcpy_avx_unaligned_erms
                0x0000000000001cc0                __memmove_chk_avx_unaligned_erms
                0x0000000000001cc0                __memcpy_chk_avx_unaligned_erms
                0x0000000000001cd0                __memcpy_avx_unaligned_erms
                0x0000000000001cd0                __memmove_avx_unaligned_erms
 *fill*         0x000000000000235e        0x2 
 .text.avx      0x0000000000002360      0x1b1 /home/luyaohan1001/Projects/hack_linux_v5.15/buildroot-2022.02.8/output/build/glibc-2.34-109-gd64b08d5ba7ffbc9155630f4843cf2e271b1629c/build/libc_pic.a(memset-avx2-unaligned-erms.os)
                0x0000000000002360                __wmemset_chk_avx2_unaligned
                0x0000000000002370                __wmemset_avx2_unaligned
                0x0000000000002390                __memset_chk_avx2_unaligned
                0x00000000000023a0                __memset_avx2_unaligned
                0x00000000000023d0                __memset_avx2_erms
                0x00000000000023f0                __memset_chk_avx2_unaligned_erms
                0x0000000000002400                __memset_avx2_unaligned_erms

.text.sse4.2    0x0000000000000000     0x110f
 .text.sse4.2   0x0000000000000000      0xfd9 /home/luyaohan1001/Projects/hack_linux_v5.15/buildroot-2022.02.8/output/build/glibc-2.34-109-gd64b08d5ba7ffbc9155630f4843cf2e271b1629c/build/libc_pic.a(strncmp-sse4_2.os)
                0x0000000000000000                __strncmp_sse42
 *fill*         0x0000000000000fd9        0x7 
 .text.sse4.2   0x0000000000000fe0      0x12f /home/luyaohan1001/Projects/hack_linux_v5.15/buildroot-2022.02.8/output/build/glibc-2.34-109-gd64b08d5ba7ffbc9155630f4843cf2e271b1629c/build/libc_pic.a(strcspn-c.os)
                0x0000000000000fe0                __strcspn_sse42

.text.sse4.1    0x0000000000000000     0x163e
 .text.sse4.1   0x0000000000000000     0x163e /home/luyaohan1001/Projects/hack_linux_v5.15/buildroot-2022.02.8/output/build/glibc-2.34-109-gd64b08d5ba7ffbc9155630f4843cf2e271b1629c/build/libc_pic.a(memcmp-sse4.os)
                0x0000000000000000                __memcmp_sse4_1

.text.avx512    0x0000000000000000      0x9f0
 .text.avx512   0x0000000000000000      0x76b /home/luyaohan1001/Projects/hack_linux_v5.15/buildroot-2022.02.8/output/build/glibc-2.34-109-gd64b08d5ba7ffbc9155630f4843cf2e271b1629c/build/libc_pic.a(memmove-avx512-no-vzeroupper.os)
                0x0000000000000000                __mempcpy_chk_avx512_no_vzeroupper
                0x0000000000000010                __mempcpy_avx512_no_vzeroupper
                0x0000000000000020                __memcpy_chk_avx512_no_vzeroupper
                0x0000000000000020                __memmove_chk_avx512_no_vzeroupper
                0x0000000000000030                __memcpy_avx512_no_vzeroupper
                0x0000000000000030                __memmove_avx512_no_vzeroupper
 *fill*         0x000000000000076b        0x5 
 .text.avx512   0x0000000000000770      0x280 /home/luyaohan1001/Projects/hack_linux_v5.15/buildroot-2022.02.8/output/build/glibc-2.34-109-gd64b08d5ba7ffbc9155630f4843cf2e271b1629c/build/libc_pic.a(memset-avx512-no-vzeroupper.os)
                0x0000000000000770                __memset_chk_avx512_no_vzeroupper
                0x0000000000000780                __memset_avx512_no_vzeroupper

.text.atom      0x0000000000000000     0x1a83
 .text.atom     0x0000000000000000      0x315 /home/luyaohan1001/Projects/hack_linux_v5.15/buildroot-2022.02.8/output/build/glibc-2.34-109-gd64b08d5ba7ffbc9155630f4843cf2e271b1629c/build/libc_pic.a(strchr-sse2-no-bsf.os)
                0x0000000000000000                __strchr_sse2_no_bsf
 *fill*         0x0000000000000315        0xb 
 .text.atom     0x0000000000000320     0x1763 /home/luyaohan1001/Projects/hack_linux_v5.15/buildroot-2022.02.8/output/build/glibc-2.34-109-gd64b08d5ba7ffbc9155630f4843cf2e271b1629c/build/libc_pic.a(memcmp-ssse3.os)
                0x0000000000000320                __memcmp_ssse3

.text.evex512   0x0000000000000000      0xa4b
 .text.evex512  0x0000000000000000      0x860 /home/luyaohan1001/Projects/hack_linux_v5.15/buildroot-2022.02.8/output/build/glibc-2.34-109-gd64b08d5ba7ffbc9155630f4843cf2e271b1629c/build/libc_pic.a(memmove-avx512-unaligned-erms.os)
                0x0000000000000000                __mempcpy_chk_avx512_unaligned
                0x0000000000000010                __mempcpy_avx512_unaligned
                0x0000000000000020                __memcpy_chk_avx512_unaligned
                0x0000000000000020                __memmove_chk_avx512_unaligned
                0x0000000000000030                __memmove_avx512_unaligned
                0x0000000000000030                __memcpy_avx512_unaligned
                0x0000000000000070                __mempcpy_chk_avx512_unaligned_erms
                0x0000000000000080                __mempcpy_avx512_unaligned_erms
                0x0000000000000090                __memcpy_chk_avx512_unaligned_erms
                0x0000000000000090                __memmove_chk_avx512_unaligned_erms
                0x00000000000000a0                __memmove_avx512_unaligned_erms
                0x00000000000000a0                __memcpy_avx512_unaligned_erms
 .text.evex512  0x0000000000000860      0x1eb /home/luyaohan1001/Projects/hack_linux_v5.15/buildroot-2022.02.8/output/build/glibc-2.34-109-gd64b08d5ba7ffbc9155630f4843cf2e271b1629c/build/libc_pic.a(memset-avx512-unaligned-erms.os)
                0x0000000000000860                __wmemset_chk_avx512_unaligned
                0x0000000000000870                __wmemset_avx512_unaligned
                0x0000000000000880                __memset_chk_avx512_unaligned
                0x0000000000000890                __memset_avx512_unaligned
                0x00000000000008c0                __memset_avx512_erms
                0x00000000000008d0                __memset_chk_avx512_unaligned_erms
                0x00000000000008e0                __memset_avx512_unaligned_erms

.text.avx.rtm   0x0000000000000000     0x258c
 .text.avx.rtm  0x0000000000000000      0x2c0 /home/luyaohan1001/Projects/hack_linux_v5.15/buildroot-2022.02.8/output/build/glibc-2.34-109-gd64b08d5ba7ffbc9155630f4843cf2e271b1629c/build/libc_pic.a(memchr-avx2-rtm.os)
                0x0000000000000000                __memchr_avx2_rtm
 .text.avx.rtm  0x00000000000002c0      0x43d /home/luyaohan1001/Projects/hack_linux_v5.15/buildroot-2022.02.8/output/build/glibc-2.34-109-gd64b08d5ba7ffbc9155630f4843cf2e271b1629c/build/libc_pic.a(memcmp-avx2-movbe-rtm.os)
                0x00000000000002c0                __memcmp_avx2_movbe_rtm
 *fill*         0x00000000000006fd        0x3 
 .text.avx.rtm  0x0000000000000700      0x72f /home/luyaohan1001/Projects/hack_linux_v5.15/buildroot-2022.02.8/output/build/glibc-2.34-109-gd64b08d5ba7ffbc9155630f4843cf2e271b1629c/build/libc_pic.a(memmove-avx-unaligned-erms-rtm.os)
                0x0000000000000700                __mempcpy_chk_avx_unaligned_rtm
                0x0000000000000710                __mempcpy_avx_unaligned_rtm
                0x0000000000000720                __memmove_chk_avx_unaligned_rtm
                0x0000000000000720                __memcpy_chk_avx_unaligned_rtm
                0x0000000000000730                __memcpy_avx_unaligned_rtm
                0x0000000000000730                __memmove_avx_unaligned_rtm
                0x0000000000000760                __mempcpy_chk_avx_unaligned_erms_rtm
                0x0000000000000770                __mempcpy_avx_unaligned_erms_rtm
                0x0000000000000780                __memcpy_chk_avx_unaligned_erms_rtm
                0x0000000000000780                __memmove_chk_avx_unaligned_erms_rtm
                0x0000000000000790                __memmove_avx_unaligned_erms_rtm
                0x0000000000000790                __memcpy_avx_unaligned_erms_rtm
 *fill*         0x0000000000000e2f        0x1 
 .text.avx.rtm  0x0000000000000e30      0x1c6 /home/luyaohan1001/Projects/hack_linux_v5.15/buildroot-2022.02.8/output/build/glibc-2.34-109-gd64b08d5ba7ffbc9155630f4843cf2e271b1629c/build/libc_pic.a(memset-avx2-unaligned-erms-rtm.os)
                0x0000000000000e30                __wmemset_chk_avx2_unaligned_rtm
                0x0000000000000e40                __wmemset_avx2_unaligned_rtm
                0x0000000000000e60                __memset_chk_avx2_unaligned_rtm
                0x0000000000000e70                __memset_avx2_unaligned_rtm
                0x0000000000000ea0                __memset_avx2_erms_rtm
                0x0000000000000ec0                __memset_chk_avx2_unaligned_erms_rtm
                0x0000000000000ed0                __memset_avx2_unaligned_erms_rtm
 *fill*         0x0000000000000ff6        0xa 
 .text.avx.rtm  0x0000000000001000      0x160 /home/luyaohan1001/Projects/hack_linux_v5.15/buildroot-2022.02.8/output/build/glibc-2.34-109-gd64b08d5ba7ffbc9155630f4843cf2e271b1629c/build/libc_pic.a(rawmemchr-avx2-rtm.os)
                0x0000000000001000                __rawmemchr_avx2_rtm
 .text.avx.rtm  0x0000000000001160      0x27a /home/luyaohan1001/Projects/hack_linux_v5.15/buildroot-2022.02.8/output/build/glibc-2.34-109-gd64b08d5ba7ffbc9155630f4843cf2e271b1629c/build/libc_pic.a(strchr-avx2-rtm.os)
                0x0000000000001160                __strchr_avx2_rtm
 *fill*         0x00000000000013da        0x6 
 .text.avx.rtm  0x00000000000013e0      0x460 /home/luyaohan1001/Projects/hack_linux_v5.15/buildroot-2022.02.8/output/build/glibc-2.34-109-gd64b08d5ba7ffbc9155630f4843cf2e271b1629c/build/libc_pic.a(strcmp-avx2-rtm.os)
                0x00000000000013e0                __strcmp_avx2_rtm
 .text.avx.rtm  0x0000000000001840      0x3bd /home/luyaohan1001/Projects/hack_linux_v5.15/buildroot-2022.02.8/output/build/glibc-2.34-109-gd64b08d5ba7ffbc9155630f4843cf2e271b1629c/build/libc_pic.a(stpcpy-avx2-rtm.os)
                0x0000000000001840                __stpcpy_avx2_rtm
 *fill*         0x0000000000001bfd        0x3 
 .text.avx.rtm  0x0000000000001c00      0x16b /home/luyaohan1001/Projects/hack_linux_v5.15/buildroot-2022.02.8/output/build/glibc-2.34-109-gd64b08d5ba7ffbc9155630f4843cf2e271b1629c/build/libc_pic.a(strlen-avx2-rtm.os)
                0x0000000000001c00                __strlen_avx2_rtm
 *fill*         0x0000000000001d6b        0x5 
 .text.avx.rtm  0x0000000000001d70      0x53d /home/luyaohan1001/Projects/hack_linux_v5.15/buildroot-2022.02.8/output/build/glibc-2.34-109-gd64b08d5ba7ffbc9155630f4843cf2e271b1629c/build/libc_pic.a(strncmp-avx2-rtm.os)
                0x0000000000001d70                __strncmp_avx2_rtm
 *fill*         0x00000000000022ad       0x13 
 .text.avx.rtm  0x00000000000022c0      0x2cc /home/luyaohan1001/Projects/hack_linux_v5.15/buildroot-2022.02.8/output/build/glibc-2.34-109-gd64b08d5ba7ffbc9155630f4843cf2e271b1629c/build/libc_pic.a(strnlen-avx2-rtm.os)
                0x00000000000022c0                __strnlen_avx2_rtm

.text.evex      0x0000000000000000     0x2afe
 .text.evex     0x0000000000000000      0x2ba /home/luyaohan1001/Projects/hack_linux_v5.15/buildroot-2022.02.8/output/build/glibc-2.34-109-gd64b08d5ba7ffbc9155630f4843cf2e271b1629c/build/libc_pic.a(memchr-evex.os)
                0x0000000000000000                __memchr_evex
 *fill*         0x00000000000002ba        0x6 
 .text.evex     0x00000000000002c0      0x49d /home/luyaohan1001/Projects/hack_linux_v5.15/buildroot-2022.02.8/output/build/glibc-2.34-109-gd64b08d5ba7ffbc9155630f4843cf2e271b1629c/build/libc_pic.a(memcmp-evex-movbe.os)
                0x00000000000002c0                __memcmp_evex_movbe
 *fill*         0x000000000000075d        0x3 
 .text.evex     0x0000000000000760      0x84b /home/luyaohan1001/Projects/hack_linux_v5.15/buildroot-2022.02.8/output/build/glibc-2.34-109-gd64b08d5ba7ffbc9155630f4843cf2e271b1629c/build/libc_pic.a(memmove-evex-unaligned-erms.os)
                0x0000000000000760                __mempcpy_chk_evex_unaligned
                0x0000000000000770                __mempcpy_evex_unaligned
                0x0000000000000780                __memcpy_chk_evex_unaligned
                0x0000000000000780                __memmove_chk_evex_unaligned
                0x0000000000000790                __memmove_evex_unaligned
                0x0000000000000790                __memcpy_evex_unaligned
                0x00000000000007d0                __mempcpy_chk_evex_unaligned_erms
                0x00000000000007e0                __mempcpy_evex_unaligned_erms
                0x00000000000007f0                __memcpy_chk_evex_unaligned_erms
                0x00000000000007f0                __memmove_chk_evex_unaligned_erms
                0x0000000000000800                __memmove_evex_unaligned_erms
                0x0000000000000800                __memcpy_evex_unaligned_erms
 *fill*         0x0000000000000fab        0x5 
 .text.evex     0x0000000000000fb0      0x1d7 /home/luyaohan1001/Projects/hack_linux_v5.15/buildroot-2022.02.8/output/build/glibc-2.34-109-gd64b08d5ba7ffbc9155630f4843cf2e271b1629c/build/libc_pic.a(memset-evex-unaligned-erms.os)
                0x0000000000000fb0                __wmemset_chk_evex_unaligned
                0x0000000000000fc0                __wmemset_evex_unaligned
                0x0000000000000fd0                __memset_chk_evex_unaligned
                0x0000000000000fe0                __memset_evex_unaligned
                0x0000000000001010                __memset_evex_erms
                0x0000000000001020                __memset_chk_evex_unaligned_erms
                0x0000000000001030                __memset_evex_unaligned_erms
 *fill*         0x0000000000001187       0x19 
 .text.evex     0x00000000000011a0      0x17d /home/luyaohan1001/Projects/hack_linux_v5.15/buildroot-2022.02.8/output/build/glibc-2.34-109-gd64b08d5ba7ffbc9155630f4843cf2e271b1629c/build/libc_pic.a(rawmemchr-evex.os)
                0x00000000000011a0                __rawmemchr_evex
 *fill*         0x000000000000131d        0x3 
 .text.evex     0x0000000000001320      0x447 /home/luyaohan1001/Projects/hack_linux_v5.15/buildroot-2022.02.8/output/build/glibc-2.34-109-gd64b08d5ba7ffbc9155630f4843cf2e271b1629c/build/libc_pic.a(stpcpy-evex.os)
                0x0000000000001320                __stpcpy_evex
 *fill*         0x0000000000001767       0x19 
 .text.evex     0x0000000000001780      0x28f /home/luyaohan1001/Projects/hack_linux_v5.15/buildroot-2022.02.8/output/build/glibc-2.34-109-gd64b08d5ba7ffbc9155630f4843cf2e271b1629c/build/libc_pic.a(strchr-evex.os)
                0x0000000000001780                __strchr_evex
 *fill*         0x0000000000001a0f        0x1 
 .text.evex     0x0000000000001a10      0x5e2 /home/luyaohan1001/Projects/hack_linux_v5.15/buildroot-2022.02.8/output/build/glibc-2.34-109-gd64b08d5ba7ffbc9155630f4843cf2e271b1629c/build/libc_pic.a(strcmp-evex.os)
                0x0000000000001a10                __strcmp_evex
 *fill*         0x0000000000001ff2        0xe 
 .text.evex     0x0000000000002000      0x174 /home/luyaohan1001/Projects/hack_linux_v5.15/buildroot-2022.02.8/output/build/glibc-2.34-109-gd64b08d5ba7ffbc9155630f4843cf2e271b1629c/build/libc_pic.a(strlen-evex.os)
                0x0000000000002000                __strlen_evex
 *fill*         0x0000000000002174        0xc 
 .text.evex     0x0000000000002180      0x6bf /home/luyaohan1001/Projects/hack_linux_v5.15/buildroot-2022.02.8/output/build/glibc-2.34-109-gd64b08d5ba7ffbc9155630f4843cf2e271b1629c/build/libc_pic.a(strncmp-evex.os)
                0x0000000000002180                __strncmp_evex
 *fill*         0x000000000000283f        0x1 
 .text.evex     0x0000000000002840      0x2be /home/luyaohan1001/Projects/hack_linux_v5.15/buildroot-2022.02.8/output/build/glibc-2.34-109-gd64b08d5ba7ffbc9155630f4843cf2e271b1629c/build/libc_pic.a(strnlen-evex.os)
                0x0000000000002840                __strnlen_evex

.text.evex.rtm  0x0000000000000000      0x47a
 .text.evex.rtm
                0x0000000000000000      0x2ca /home/luyaohan1001/Projects/hack_linux_v5.15/buildroot-2022.02.8/output/build/glibc-2.34-109-gd64b08d5ba7ffbc9155630f4843cf2e271b1629c/build/libc_pic.a(memchr-evex-rtm.os)
                0x0000000000000000                __memchr_evex_rtm
 *fill*         0x00000000000002ca       0x16 
 .text.evex.rtm
                0x00000000000002e0      0x19a /home/luyaohan1001/Projects/hack_linux_v5.15/buildroot-2022.02.8/output/build/glibc-2.34-109-gd64b08d5ba7ffbc9155630f4843cf2e271b1629c/build/libc_pic.a(rawmemchr-evex-rtm.os)
                0x00000000000002e0                __rawmemchr_evex_rtm

.fini
 *(SORT_NONE(.fini))

.rodata         0x0000000000000000     0x1764
 *(.rodata)
 .rodata        0x0000000000000000     0x158c /home/luyaohan1001/Projects/hack_linux_v5.15/buildroot-2022.02.8/output/build/glibc-2.34-109-gd64b08d5ba7ffbc9155630f4843cf2e271b1629c/build/elf/dl-allobjs.os
 *fill*         0x000000000000158c        0x4 
 .rodata        0x0000000000001590       0x40 /home/luyaohan1001/Projects/hack_linux_v5.15/buildroot-2022.02.8/output/build/glibc-2.34-109-gd64b08d5ba7ffbc9155630f4843cf2e271b1629c/build/libc_pic.a(strcmp-sse2.os)
 .rodata        0x00000000000015d0       0x40 /home/luyaohan1001/Projects/hack_linux_v5.15/buildroot-2022.02.8/output/build/glibc-2.34-109-gd64b08d5ba7ffbc9155630f4843cf2e271b1629c/build/libc_pic.a(strcmp-ssse3.os)
 .rodata        0x0000000000001610       0x40 /home/luyaohan1001/Projects/hack_linux_v5.15/buildroot-2022.02.8/output/build/glibc-2.34-109-gd64b08d5ba7ffbc9155630f4843cf2e271b1629c/build/libc_pic.a(strncmp-sse2.os)
 .rodata        0x0000000000001650       0x40 /home/luyaohan1001/Projects/hack_linux_v5.15/buildroot-2022.02.8/output/build/glibc-2.34-109-gd64b08d5ba7ffbc9155630f4843cf2e271b1629c/build/libc_pic.a(strncmp-ssse3.os)
 .rodata        0x0000000000001690       0x80 /home/luyaohan1001/Projects/hack_linux_v5.15/buildroot-2022.02.8/output/build/glibc-2.34-109-gd64b08d5ba7ffbc9155630f4843cf2e271b1629c/build/libc_pic.a(stpcpy-sse2-unaligned.os)
 .rodata        0x0000000000001710       0x1f /home/luyaohan1001/Projects/hack_linux_v5.15/buildroot-2022.02.8/output/build/glibc-2.34-109-gd64b08d5ba7ffbc9155630f4843cf2e271b1629c/build/libc_pic.a(varshift.os)
                0x0000000000001710                ___m128i_shift_right
 *fill*         0x000000000000172f        0x1 
 .rodata        0x0000000000001730       0x34 /home/luyaohan1001/Projects/hack_linux_v5.15/buildroot-2022.02.8/output/build/glibc-2.34-109-gd64b08d5ba7ffbc9155630f4843cf2e271b1629c/build/libc_pic.a(cacheinfo.os)

.rodata.str1.1  0x0000000000000000     0x186c
 .rodata.str1.1
                0x0000000000000000     0x1857 /home/luyaohan1001/Projects/hack_linux_v5.15/buildroot-2022.02.8/output/build/glibc-2.34-109-gd64b08d5ba7ffbc9155630f4843cf2e271b1629c/build/elf/dl-allobjs.os
 .rodata.str1.1
                0x0000000000001857       0x14 /home/luyaohan1001/Projects/hack_linux_v5.15/buildroot-2022.02.8/output/build/glibc-2.34-109-gd64b08d5ba7ffbc9155630f4843cf2e271b1629c/build/libc_pic.a(check_fds.os)
 .rodata.str1.1
                0x000000000000186b        0x1 /home/luyaohan1001/Projects/hack_linux_v5.15/buildroot-2022.02.8/output/build/glibc-2.34-109-gd64b08d5ba7ffbc9155630f4843cf2e271b1629c/build/libc_pic.a(fstat64.os)

.rodata.str1.16
                0x0000000000000000      0x4e4
 .rodata.str1.16
                0x0000000000000000      0x4e4 /home/luyaohan1001/Projects/hack_linux_v5.15/buildroot-2022.02.8/output/build/glibc-2.34-109-gd64b08d5ba7ffbc9155630f4843cf2e271b1629c/build/elf/dl-allobjs.os
                0x0000000000000370                _dl_hwcaps_subdirs
                0x00000000000003d0                __GI__itoa_lower_digits
                0x00000000000003d0                _itoa_lower_digits

.rodata.str1.8  0x0000000000000000     0x2def
 .rodata.str1.8
                0x0000000000000000     0x2db1 /home/luyaohan1001/Projects/hack_linux_v5.15/buildroot-2022.02.8/output/build/glibc-2.34-109-gd64b08d5ba7ffbc9155630f4843cf2e271b1629c/build/elf/dl-allobjs.os
 *fill*         0x0000000000002db1        0x7 
 .rodata.str1.8
                0x0000000000002db8       0x37 /home/luyaohan1001/Projects/hack_linux_v5.15/buildroot-2022.02.8/output/build/glibc-2.34-109-gd64b08d5ba7ffbc9155630f4843cf2e271b1629c/build/libc_pic.a(lowlevellock.os)

.rodata.cst16   0x0000000000000000       0x10
 .rodata.cst16  0x0000000000000000       0x10 /home/luyaohan1001/Projects/hack_linux_v5.15/buildroot-2022.02.8/output/build/glibc-2.34-109-gd64b08d5ba7ffbc9155630f4843cf2e271b1629c/build/elf/dl-allobjs.os

.rodata.cst4    0x0000000000000000        0x4
 .rodata.cst4   0x0000000000000000        0x4 /home/luyaohan1001/Projects/hack_linux_v5.15/buildroot-2022.02.8/output/build/glibc-2.34-109-gd64b08d5ba7ffbc9155630f4843cf2e271b1629c/build/elf/dl-allobjs.os

.rodata.str1.32
                0x0000000000000000       0x3b
 .rodata.str1.32
                0x0000000000000000       0x3b /home/luyaohan1001/Projects/hack_linux_v5.15/buildroot-2022.02.8/output/build/glibc-2.34-109-gd64b08d5ba7ffbc9155630f4843cf2e271b1629c/build/elf/dl-allobjs.os

.rodata.sse4.2  0x0000000000000000       0x40
 .rodata.sse4.2
                0x0000000000000000       0x40 /home/luyaohan1001/Projects/hack_linux_v5.15/buildroot-2022.02.8/output/build/glibc-2.34-109-gd64b08d5ba7ffbc9155630f4843cf2e271b1629c/build/libc_pic.a(strncmp-sse4_2.os)

.rodata.sse4.1  0x0000000000000000      0x140
 .rodata.sse4.1
                0x0000000000000000      0x140 /home/luyaohan1001/Projects/hack_linux_v5.15/buildroot-2022.02.8/output/build/glibc-2.34-109-gd64b08d5ba7ffbc9155630f4843cf2e271b1629c/build/libc_pic.a(memcmp-sse4.os)

.rodata.ssse3   0x0000000000000000      0xd80
 .rodata.ssse3  0x0000000000000000      0x1c0 /home/luyaohan1001/Projects/hack_linux_v5.15/buildroot-2022.02.8/output/build/glibc-2.34-109-gd64b08d5ba7ffbc9155630f4843cf2e271b1629c/build/libc_pic.a(memcpy-ssse3.os)
 .rodata.ssse3  0x00000000000001c0      0x1c0 /home/luyaohan1001/Projects/hack_linux_v5.15/buildroot-2022.02.8/output/build/glibc-2.34-109-gd64b08d5ba7ffbc9155630f4843cf2e271b1629c/build/libc_pic.a(memmove-ssse3.os)
 .rodata.ssse3  0x0000000000000380      0x500 /home/luyaohan1001/Projects/hack_linux_v5.15/buildroot-2022.02.8/output/build/glibc-2.34-109-gd64b08d5ba7ffbc9155630f4843cf2e271b1629c/build/libc_pic.a(memcpy-ssse3-back.os)
 .rodata.ssse3  0x0000000000000880      0x500 /home/luyaohan1001/Projects/hack_linux_v5.15/buildroot-2022.02.8/output/build/glibc-2.34-109-gd64b08d5ba7ffbc9155630f4843cf2e271b1629c/build/libc_pic.a(memmove-ssse3-back.os)

.rodata1
 *(.rodata1)

.eh_frame_hdr
 *(.eh_frame_hdr)

.eh_frame       0x0000000000000000     0x4cf4
 *(.eh_frame)
 .eh_frame      0x0000000000000000     0x2e50 /home/luyaohan1001/Projects/hack_linux_v5.15/buildroot-2022.02.8/output/build/glibc-2.34-109-gd64b08d5ba7ffbc9155630f4843cf2e271b1629c/build/elf/dl-allobjs.os
                                       0x2ec0 (size before relaxing)
 .eh_frame      0x0000000000002e50       0x68 /home/luyaohan1001/Projects/hack_linux_v5.15/buildroot-2022.02.8/output/build/glibc-2.34-109-gd64b08d5ba7ffbc9155630f4843cf2e271b1629c/build/libc_pic.a(check_fds.os)
 .eh_frame      0x0000000000002eb8       0x30 /home/luyaohan1001/Projects/hack_linux_v5.15/buildroot-2022.02.8/output/build/glibc-2.34-109-gd64b08d5ba7ffbc9155630f4843cf2e271b1629c/build/libc_pic.a(setjmp.os)
 .eh_frame      0x0000000000002ee8       0x48 /home/luyaohan1001/Projects/hack_linux_v5.15/buildroot-2022.02.8/output/build/glibc-2.34-109-gd64b08d5ba7ffbc9155630f4843cf2e271b1629c/build/libc_pic.a(__longjmp.os)
 .eh_frame      0x0000000000002f30       0x70 /home/luyaohan1001/Projects/hack_linux_v5.15/buildroot-2022.02.8/output/build/glibc-2.34-109-gd64b08d5ba7ffbc9155630f4843cf2e271b1629c/build/libc_pic.a(lowlevellock.os)
 .eh_frame      0x0000000000002fa0       0x58 /home/luyaohan1001/Projects/hack_linux_v5.15/buildroot-2022.02.8/output/build/glibc-2.34-109-gd64b08d5ba7ffbc9155630f4843cf2e271b1629c/build/libc_pic.a(scratch_buffer_set_array_size.os)
 .eh_frame      0x0000000000002ff8       0x30 /home/luyaohan1001/Projects/hack_linux_v5.15/buildroot-2022.02.8/output/build/glibc-2.34-109-gd64b08d5ba7ffbc9155630f4843cf2e271b1629c/build/libc_pic.a(strchr.os)
 .eh_frame      0x0000000000003028       0x30 /home/luyaohan1001/Projects/hack_linux_v5.15/buildroot-2022.02.8/output/build/glibc-2.34-109-gd64b08d5ba7ffbc9155630f4843cf2e271b1629c/build/libc_pic.a(strcmp.os)
 .eh_frame      0x0000000000003058       0x30 /home/luyaohan1001/Projects/hack_linux_v5.15/buildroot-2022.02.8/output/build/glibc-2.34-109-gd64b08d5ba7ffbc9155630f4843cf2e271b1629c/build/libc_pic.a(strcspn.os)
 .eh_frame      0x0000000000003088       0x50 /home/luyaohan1001/Projects/hack_linux_v5.15/buildroot-2022.02.8/output/build/glibc-2.34-109-gd64b08d5ba7ffbc9155630f4843cf2e271b1629c/build/libc_pic.a(strdup.os)
 .eh_frame      0x00000000000030d8       0x30 /home/luyaohan1001/Projects/hack_linux_v5.15/buildroot-2022.02.8/output/build/glibc-2.34-109-gd64b08d5ba7ffbc9155630f4843cf2e271b1629c/build/libc_pic.a(strlen.os)
 .eh_frame      0x0000000000003108       0x30 /home/luyaohan1001/Projects/hack_linux_v5.15/buildroot-2022.02.8/output/build/glibc-2.34-109-gd64b08d5ba7ffbc9155630f4843cf2e271b1629c/build/libc_pic.a(strnlen.os)
 .eh_frame      0x0000000000003138       0x30 /home/luyaohan1001/Projects/hack_linux_v5.15/buildroot-2022.02.8/output/build/glibc-2.34-109-gd64b08d5ba7ffbc9155630f4843cf2e271b1629c/build/libc_pic.a(strncmp.os)
 .eh_frame      0x0000000000003168       0x30 /home/luyaohan1001/Projects/hack_linux_v5.15/buildroot-2022.02.8/output/build/glibc-2.34-109-gd64b08d5ba7ffbc9155630f4843cf2e271b1629c/build/libc_pic.a(memchr.os)
 .eh_frame      0x0000000000003198       0x30 /home/luyaohan1001/Projects/hack_linux_v5.15/buildroot-2022.02.8/output/build/glibc-2.34-109-gd64b08d5ba7ffbc9155630f4843cf2e271b1629c/build/libc_pic.a(memcmp.os)
 .eh_frame      0x00000000000031c8       0x30 /home/luyaohan1001/Projects/hack_linux_v5.15/buildroot-2022.02.8/output/build/glibc-2.34-109-gd64b08d5ba7ffbc9155630f4843cf2e271b1629c/build/libc_pic.a(memmove.os)
 .eh_frame      0x00000000000031f8       0x30 /home/luyaohan1001/Projects/hack_linux_v5.15/buildroot-2022.02.8/output/build/glibc-2.34-109-gd64b08d5ba7ffbc9155630f4843cf2e271b1629c/build/libc_pic.a(memset.os)
 .eh_frame      0x0000000000003228       0x30 /home/luyaohan1001/Projects/hack_linux_v5.15/buildroot-2022.02.8/output/build/glibc-2.34-109-gd64b08d5ba7ffbc9155630f4843cf2e271b1629c/build/libc_pic.a(mempcpy.os)
 .eh_frame      0x0000000000003258       0x30 /home/luyaohan1001/Projects/hack_linux_v5.15/buildroot-2022.02.8/output/build/glibc-2.34-109-gd64b08d5ba7ffbc9155630f4843cf2e271b1629c/build/libc_pic.a(stpcpy.os)
 .eh_frame      0x0000000000003288       0x30 /home/luyaohan1001/Projects/hack_linux_v5.15/buildroot-2022.02.8/output/build/glibc-2.34-109-gd64b08d5ba7ffbc9155630f4843cf2e271b1629c/build/libc_pic.a(memcpy.os)
 .eh_frame      0x00000000000032b8       0x30 /home/luyaohan1001/Projects/hack_linux_v5.15/buildroot-2022.02.8/output/build/glibc-2.34-109-gd64b08d5ba7ffbc9155630f4843cf2e271b1629c/build/libc_pic.a(rawmemchr.os)
 .eh_frame      0x00000000000032e8       0x30 /home/luyaohan1001/Projects/hack_linux_v5.15/buildroot-2022.02.8/output/build/glibc-2.34-109-gd64b08d5ba7ffbc9155630f4843cf2e271b1629c/build/libc_pic.a(strcmp-sse2.os)
 .eh_frame      0x0000000000003318       0x30 /home/luyaohan1001/Projects/hack_linux_v5.15/buildroot-2022.02.8/output/build/glibc-2.34-109-gd64b08d5ba7ffbc9155630f4843cf2e271b1629c/build/libc_pic.a(strcmp-sse2-unaligned.os)
 .eh_frame      0x0000000000003348       0x30 /home/luyaohan1001/Projects/hack_linux_v5.15/buildroot-2022.02.8/output/build/glibc-2.34-109-gd64b08d5ba7ffbc9155630f4843cf2e271b1629c/build/libc_pic.a(strcmp-ssse3.os)
 .eh_frame      0x0000000000003378       0x30 /home/luyaohan1001/Projects/hack_linux_v5.15/buildroot-2022.02.8/output/build/glibc-2.34-109-gd64b08d5ba7ffbc9155630f4843cf2e271b1629c/build/libc_pic.a(strcmp-avx2.os)
 .eh_frame      0x00000000000033a8       0x30 /home/luyaohan1001/Projects/hack_linux_v5.15/buildroot-2022.02.8/output/build/glibc-2.34-109-gd64b08d5ba7ffbc9155630f4843cf2e271b1629c/build/libc_pic.a(strncmp-sse2.os)
 .eh_frame      0x00000000000033d8       0x30 /home/luyaohan1001/Projects/hack_linux_v5.15/buildroot-2022.02.8/output/build/glibc-2.34-109-gd64b08d5ba7ffbc9155630f4843cf2e271b1629c/build/libc_pic.a(strncmp-ssse3.os)
 .eh_frame      0x0000000000003408       0x30 /home/luyaohan1001/Projects/hack_linux_v5.15/buildroot-2022.02.8/output/build/glibc-2.34-109-gd64b08d5ba7ffbc9155630f4843cf2e271b1629c/build/libc_pic.a(strncmp-sse4_2.os)
 .eh_frame      0x0000000000003438       0x30 /home/luyaohan1001/Projects/hack_linux_v5.15/buildroot-2022.02.8/output/build/glibc-2.34-109-gd64b08d5ba7ffbc9155630f4843cf2e271b1629c/build/libc_pic.a(strncmp-avx2.os)
 .eh_frame      0x0000000000003468       0x30 /home/luyaohan1001/Projects/hack_linux_v5.15/buildroot-2022.02.8/output/build/glibc-2.34-109-gd64b08d5ba7ffbc9155630f4843cf2e271b1629c/build/libc_pic.a(memchr-sse2.os)
 .eh_frame      0x0000000000003498       0x30 /home/luyaohan1001/Projects/hack_linux_v5.15/buildroot-2022.02.8/output/build/glibc-2.34-109-gd64b08d5ba7ffbc9155630f4843cf2e271b1629c/build/libc_pic.a(rawmemchr-sse2.os)
 .eh_frame      0x00000000000034c8       0x30 /home/luyaohan1001/Projects/hack_linux_v5.15/buildroot-2022.02.8/output/build/glibc-2.34-109-gd64b08d5ba7ffbc9155630f4843cf2e271b1629c/build/libc_pic.a(memchr-avx2.os)
 .eh_frame      0x00000000000034f8       0x30 /home/luyaohan1001/Projects/hack_linux_v5.15/buildroot-2022.02.8/output/build/glibc-2.34-109-gd64b08d5ba7ffbc9155630f4843cf2e271b1629c/build/libc_pic.a(rawmemchr-avx2.os)
 .eh_frame      0x0000000000003528       0x30 /home/luyaohan1001/Projects/hack_linux_v5.15/buildroot-2022.02.8/output/build/glibc-2.34-109-gd64b08d5ba7ffbc9155630f4843cf2e271b1629c/build/libc_pic.a(memcmp-sse2.os)
 .eh_frame      0x0000000000003558       0x30 /home/luyaohan1001/Projects/hack_linux_v5.15/buildroot-2022.02.8/output/build/glibc-2.34-109-gd64b08d5ba7ffbc9155630f4843cf2e271b1629c/build/libc_pic.a(memcmp-avx2-movbe.os)
 .eh_frame      0x0000000000003588       0x30 /home/luyaohan1001/Projects/hack_linux_v5.15/buildroot-2022.02.8/output/build/glibc-2.34-109-gd64b08d5ba7ffbc9155630f4843cf2e271b1629c/build/libc_pic.a(memcmp-sse4.os)
 .eh_frame      0x00000000000035b8       0x68 /home/luyaohan1001/Projects/hack_linux_v5.15/buildroot-2022.02.8/output/build/glibc-2.34-109-gd64b08d5ba7ffbc9155630f4843cf2e271b1629c/build/libc_pic.a(memcpy-ssse3.os)
 .eh_frame      0x0000000000003620       0x40 /home/luyaohan1001/Projects/hack_linux_v5.15/buildroot-2022.02.8/output/build/glibc-2.34-109-gd64b08d5ba7ffbc9155630f4843cf2e271b1629c/build/libc_pic.a(memmove-ssse3.os)
 .eh_frame      0x0000000000003660       0x68 /home/luyaohan1001/Projects/hack_linux_v5.15/buildroot-2022.02.8/output/build/glibc-2.34-109-gd64b08d5ba7ffbc9155630f4843cf2e271b1629c/build/libc_pic.a(memcpy-ssse3-back.os)
 .eh_frame      0x00000000000036c8       0x40 /home/luyaohan1001/Projects/hack_linux_v5.15/buildroot-2022.02.8/output/build/glibc-2.34-109-gd64b08d5ba7ffbc9155630f4843cf2e271b1629c/build/libc_pic.a(memmove-ssse3-back.os)