Archive member included to satisfy reference by file (symbol)

/home/luyaohan1001/Projects/hack_linux_v5.15/buildroot-2022.02.8/output/build/glibc-2.34-109-gd64b08d5ba7ffbc9155630f4843cf2e271b1629c/build/elf/rtld-libc.a(rtld-check_fds.os)
                              /home/luyaohan1001/Projects/hack_linux_v5.15/buildroot-2022.02.8/output/build/glibc-2.34-109-gd64b08d5ba7ffbc9155630f4843cf2e271b1629c/build/elf/dl-allobjs.os (__libc_check_standard_fds)
/home/luyaohan1001/Projects/hack_linux_v5.15/buildroot-2022.02.8/output/build/glibc-2.34-109-gd64b08d5ba7ffbc9155630f4843cf2e271b1629c/build/elf/rtld-libc.a(rtld-errno.os)
                              /home/luyaohan1001/Projects/hack_linux_v5.15/buildroot-2022.02.8/output/build/glibc-2.34-109-gd64b08d5ba7ffbc9155630f4843cf2e271b1629c/build/elf/dl-allobjs.os (rtld_errno)
/home/luyaohan1001/Projects/hack_linux_v5.15/buildroot-2022.02.8/output/build/glibc-2.34-109-gd64b08d5ba7ffbc9155630f4843cf2e271b1629c/build/elf/rtld-libc.a(rtld-closedir.os)
                              /home/luyaohan1001/Projects/hack_linux_v5.15/buildroot-2022.02.8/output/build/glibc-2.34-109-gd64b08d5ba7ffbc9155630f4843cf2e271b1629c/build/elf/dl-allobjs.os (__closedir)
/home/luyaohan1001/Projects/hack_linux_v5.15/buildroot-2022.02.8/output/build/glibc-2.34-109-gd64b08d5ba7ffbc9155630f4843cf2e271b1629c/build/elf/rtld-libc.a(rtld-rewinddir.os)
                              /home/luyaohan1001/Projects/hack_linux_v5.15/buildroot-2022.02.8/output/build/glibc-2.34-109-gd64b08d5ba7ffbc9155630f4843cf2e271b1629c/build/elf/dl-allobjs.os (__rewinddir)
/home/luyaohan1001/Projects/hack_linux_v5.15/buildroot-2022.02.8/output/build/glibc-2.34-109-gd64b08d5ba7ffbc9155630f4843cf2e271b1629c/build/elf/rtld-libc.a(rtld-readdir64.os)
                              /home/luyaohan1001/Projects/hack_linux_v5.15/buildroot-2022.02.8/output/build/glibc-2.34-109-gd64b08d5ba7ffbc9155630f4843cf2e271b1629c/build/elf/dl-allobjs.os (__readdir64)
/home/luyaohan1001/Projects/hack_linux_v5.15/buildroot-2022.02.8/output/build/glibc-2.34-109-gd64b08d5ba7ffbc9155630f4843cf2e271b1629c/build/elf/rtld-libc.a(rtld-fdopendir.os)
                              /home/luyaohan1001/Projects/hack_linux_v5.15/buildroot-2022.02.8/output/build/glibc-2.34-109-gd64b08d5ba7ffbc9155630f4843cf2e271b1629c/build/elf/dl-allobjs.os (__fdopendir)
/home/luyaohan1001/Projects/hack_linux_v5.15/buildroot-2022.02.8/output/build/glibc-2.34-109-gd64b08d5ba7ffbc9155630f4843cf2e271b1629c/build/elf/rtld-libc.a(rtld-getdents64.os)
                              /home/luyaohan1001/Projects/hack_linux_v5.15/buildroot-2022.02.8/output/build/glibc-2.34-109-gd64b08d5ba7ffbc9155630f4843cf2e271b1629c/build/elf/rtld-libc.a(rtld-readdir64.os) (__getdents64)
/home/luyaohan1001/Projects/hack_linux_v5.15/buildroot-2022.02.8/output/build/glibc-2.34-109-gd64b08d5ba7ffbc9155630f4843cf2e271b1629c/build/elf/rtld-libc.a(rtld-dl-addr-obj.os)
                              /home/luyaohan1001/Projects/hack_linux_v5.15/buildroot-2022.02.8/output/build/glibc-2.34-109-gd64b08d5ba7ffbc9155630f4843cf2e271b1629c/build/elf/dl-allobjs.os (_dl_addr_inside_object)
/home/luyaohan1001/Projects/hack_linux_v5.15/buildroot-2022.02.8/output/build/glibc-2.34-109-gd64b08d5ba7ffbc9155630f4843cf2e271b1629c/build/elf/rtld-libc.a(rtld-profil.os)
                              /home/luyaohan1001/Projects/hack_linux_v5.15/buildroot-2022.02.8/output/build/glibc-2.34-109-gd64b08d5ba7ffbc9155630f4843cf2e271b1629c/build/elf/dl-allobjs.os (__profil)
/home/luyaohan1001/Projects/hack_linux_v5.15/buildroot-2022.02.8/output/build/glibc-2.34-109-gd64b08d5ba7ffbc9155630f4843cf2e271b1629c/build/elf/rtld-libc.a(rtld-prof-freq.os)
                              /home/luyaohan1001/Projects/hack_linux_v5.15/buildroot-2022.02.8/output/build/glibc-2.34-109-gd64b08d5ba7ffbc9155630f4843cf2e271b1629c/build/elf/dl-allobjs.os (__profile_frequency)
/home/luyaohan1001/Projects/hack_linux_v5.15/buildroot-2022.02.8/output/build/glibc-2.34-109-gd64b08d5ba7ffbc9155630f4843cf2e271b1629c/build/elf/rtld-libc.a(rtld-stat64.os)
                              /home/luyaohan1001/Projects/hack_linux_v5.15/buildroot-2022.02.8/output/build/glibc-2.34-109-gd64b08d5ba7ffbc9155630f4843cf2e271b1629c/build/elf/dl-allobjs.os (__GI___stat64)
/home/luyaohan1001/Projects/hack_linux_v5.15/buildroot-2022.02.8/output/build/glibc-2.34-109-gd64b08d5ba7ffbc9155630f4843cf2e271b1629c/build/elf/rtld-libc.a(rtld-fstat64.os)
                              /home/luyaohan1001/Projects/hack_linux_v5.15/buildroot-2022.02.8/output/build/glibc-2.34-109-gd64b08d5ba7ffbc9155630f4843cf2e271b1629c/build/elf/dl-allobjs.os (__GI___fstat64)
/home/luyaohan1001/Projects/hack_linux_v5.15/buildroot-2022.02.8/output/build/glibc-2.34-109-gd64b08d5ba7ffbc9155630f4843cf2e271b1629c/build/elf/rtld-libc.a(rtld-lstat64.os)
[...]
Memory Configuration

Name             Origin             Length             Attributes
*default*        0x0000000000000000 0xffffffffffffffff

Linker script and memory map

START GROUP
LOAD /home/luyaohan1001/Projects/hack_linux_v5.15/buildroot-2022.02.8/output/build/glibc-2.34-109-gd64b08d5ba7ffbc9155630f4843cf2e271b1629c/build/elf/dl-allobjs.os
LOAD /home/luyaohan1001/Projects/hack_linux_v5.15/buildroot-2022.02.8/output/build/glibc-2.34-109-gd64b08d5ba7ffbc9155630f4843cf2e271b1629c/build/elf/rtld-libc.a
LOAD /home/luyaohan1001/Projects/hack_linux_v5.15/buildroot-2022.02.8/output/host/lib/gcc/x86_64-buildroot-linux-gnu/10.4.0/libgcc.a
END GROUP

.interp
 *(.interp)

.note.gnu.property
                0x0000000000000000       0x30
 .note.gnu.property
                0x0000000000000000       0x30 /home/luyaohan1001/Projects/hack_linux_v5.15/buildroot-2022.02.8/output/build/glibc-2.34-109-gd64b08d5ba7ffbc9155630f4843cf2e271b1629c/build/elf/dl-allobjs.os

.note.gnu.build-id
 *(.note.gnu.build-id)

.hash
 *(.hash)

.gnu.hash
 *(.gnu.hash)

.dynsym
 *(.dynsym)

.dynstr
 *(.dynstr)

.gnu.version
 *(.gnu.version)

.gnu.version_d
 *(.gnu.version_d)

.gnu.version_r
 *(.gnu.version_r)

.rela.init
 *(.rela.init)

.rela.text
 *(.rela.text)

.rela.fini
 *(.rela.fini)

.rela.rodata
 *(.rela.rodata)

.rela.data.rel.ro
 *(.rela.data.rel.ro)

.rela.data
 *(.rela.data)

.rela.tdata
 *(.rela.tdata)

.rela.tbss
 *(.rela.tbss)

.rela.ctors
 *(.rela.ctors)

.rela.dtors
 *(.rela.dtors)

.rela.got
 *(.rela.got)

.rela.bss
 *(.rela.bss)

.rela.ldata
 *(.rela.ldata)

.rela.lbss
 *(.rela.lbss)

.rela.lrodata
 *(.rela.lrodata)

.rela.ifunc
 *(.rela.ifunc)

.rela.plt
 *(.rela.plt)

.init
 *(SORT_NONE(.init))

.plt
 *(.plt)

.plt.got
 *(.plt.got)

.plt.sec
 *(.plt.sec)

.text           0x0000000000000000    0x23eee
 *(.text .stub)
 .text          0x0000000000000000    0x1f154 /home/luyaohan1001/Projects/hack_linux_v5.15/buildroot-2022.02.8/output/build/glibc-2.34-109-gd64b08d5ba7ffbc9155630f4843cf2e271b1629c/build/elf/dl-allobjs.os
                0x0000000000000000                _dl_call_libc_early_init
                0x0000000000000220                _dl_close_worker
                0x00000000000012c0                _dl_close
                0x0000000000001330                _dl_debug_state
                0x0000000000001330                __GI__dl_debug_state
                0x0000000000001340                _dl_debug_initialize
                0x00000000000014a0                _dl_map_object_deps
                0x0000000000002580                _dl_error_free
                0x00000000000025a0                _dl_exception_create
                0x00000000000025a0                __GI__dl_exception_create
                0x0000000000002690                __GI__dl_exception_create_format
                0x0000000000002690                _dl_exception_create_format
                0x0000000000002b10                _dl_exception_free
                0x0000000000002b10                __GI__dl_exception_free
                0x0000000000002b40                _dl_make_stacks_executable
                0x0000000000002cb0                __GI___nptl_change_stack_perm
                0x0000000000002cb0                __nptl_change_stack_perm
                0x0000000000002cf0                _dl_fini
                0x00000000000031c0                _dl_init
                0x00000000000043e0                _dl_dst_count
                0x0000000000004490                _dl_dst_substitute
                0x0000000000004c10                _dl_init_paths
                0x0000000000004fe0                _dl_process_pt_gnu_property
                0x0000000000006710                _dl_map_object
                0x00000000000071a0                _dl_rtld_di_serinfo
                0x0000000000008100                _dl_lookup_symbol_x
                0x0000000000009080                _dl_setup_hash
                0x0000000000009220                _dl_lookup_direct
                0x0000000000009ac0                _dl_sysdep_read_whole_file
                0x0000000000009b50                _dl_debug_printf
                0x0000000000009c00                _dl_debug_printf_c
                0x0000000000009cb0                _dl_dprintf
                0x0000000000009d50                _dl_printf
                0x0000000000009e00                _dl_error_printf
                0x0000000000009eb0                _dl_fatal_printf
                0x0000000000009eb0                __GI__dl_fatal_printf
                0x0000000000009f60                _dl_name_match_p
                0x0000000000009fc0                _dl_higher_prime_number
                0x000000000000a010                _dl_strtoul
                0x000000000000a180                _dl_add_to_namespace_list
                0x000000000000a210                _dl_new_object
                0x000000000000aa00                __GI__dl_find_dso_for_object
                0x000000000000aa00                _dl_find_dso_for_object
                0x000000000000aad0                _dl_open
                0x000000000000ae00                _dl_show_scope
                0x000000000000b9a0                _dl_get_origin
                0x000000000000bb00                _dl_start_profile
                0x000000000000c260                __GI__dl_mcount
                0x000000000000c260                _dl_mcount
                0x000000000000c4b0                _dl_try_allocate_static_tls
                0x000000000000c5d0                _dl_allocate_static_tls
                0x000000000000c600                _dl_protect_relro
                0x000000000000c660                _dl_reloc_bad_type
                0x000000000000c730                _dl_relocate_object
                0x000000000000e460                _dl_fixup
                0x000000000000e630                _dl_profile_fixup
                0x000000000000ed40                _dl_call_pltexit
                0x000000000000eec0                _dl_scope_free
                0x000000000000efc0                _dl_sort_maps
                0x000000000000f280                __thread_gscope_wait
                0x000000000000f750                _dl_tls_static_surplus_init
                0x000000000000f7e0                _dl_assign_tls_modid
                0x000000000000f8f0                _dl_count_modids
                0x000000000000f960                _dl_determine_tlsoffset
                0x000000000000fb20                _dl_get_tls_static_info
                0x000000000000fb40                _dl_allocate_tls_storage
                0x000000000000fc00                __GI__dl_allocate_tls_init
                0x000000000000fc00                _dl_allocate_tls_init
                0x000000000000fe70                __GI__dl_allocate_tls
                0x000000000000fe70                _dl_allocate_tls
                0x000000000000feb0                _dl_deallocate_tls
                0x000000000000feb0                __GI__dl_deallocate_tls
                0x000000000000ff30                _dl_update_slotinfo
                0x0000000000010180                __GI___tls_get_addr
                0x0000000000010180                ___tls_get_addr
                0x00000000000101c0                _dl_tls_get_addr_soft
                0x0000000000010240                _dl_add_to_slotinfo
                0x0000000000010360                _dl_init_static_tls
                0x0000000000010490                __tls_get_addr_slow
                0x00000000000104d0                __tls_pre_init_tp
                0x0000000000010520                __tls_init_tp
                0x00000000000105f0                _dl_runtime_profile_avx512
                0x0000000000010a70                _dl_runtime_profile_avx
                0x0000000000010ef0                _dl_runtime_profile_sse
                0x00000000000110f0                _dl_runtime_resolve_fxsave
                0x0000000000011170                _dl_runtime_resolve_xsave
                0x0000000000011240                _dl_runtime_resolve_xsavec
                0x0000000000011300                _dl_check_map_versions
                0x0000000000011ad0                _dl_check_all_versions
                0x0000000000011b50                _dl_write
                0x0000000000011b60                _dl_cache_libcmp
                0x0000000000012300                _dl_load_cache_lookup
                0x0000000000012640                _dl_unload_cache
                0x0000000000012770                __GI___tunable_set_val
                0x0000000000012790                __GI___tunables_init
                0x0000000000012d70                __GI___tunables_print
                0x0000000000012e60                __tunable_get_val
                0x0000000000012e60                __GI___tunable_get_val
                0x0000000000012ed0                _dl_make_tlsdesc_dynamic
                0x0000000000013160                _dl_unmap
                0x00000000000131e0                _dl_tlsdesc_return
                0x00000000000131f0                _dl_tlsdesc_undefweak
                0x0000000000013200                _dl_tlsdesc_dynamic
                0x00000000000132a0                __tls_get_addr
                0x0000000000015230                __x86_cpu_features
                0x0000000000015250                _dl_x86_init_cpu_features
                0x0000000000015270                _dl_x86_get_cpu_features
                0x0000000000015280                _dl_resolve_conflicts
                0x00000000000154a0                _dl_diagnostics_print_string
                0x0000000000015520                _dl_diagnostics_print_labeled_string
                0x0000000000015560                _dl_diagnostics_print_labeled_value
                0x0000000000015580                _dl_print_diagnostics
                0x00000000000159f0                _dl_diagnostics_cpu
                0x0000000000016160                _dl_diagnostics_kernel
                0x00000000000161f0                _dl_next_ld_env_entry
                0x0000000000016240                unsetenv
                0x0000000000016360                _dl_signal_exception
                0x00000000000163b0                _dl_signal_error
                0x0000000000016400                _dl_signal_cexception
                0x0000000000016490                _dl_signal_cerror
                0x0000000000016510                _dl_catch_exception
                0x00000000000165f0                _dl_catch_error
                0x0000000000016640                _dl_receive_error
                0x0000000000016690                _rtld_catch_error
                0x0000000000016740                _dl_important_hwcaps
                0x0000000000017030                _dl_hwcaps_subdirs_active
                0x0000000000017100                _dl_hwcaps_split
                0x0000000000017190                _dl_hwcaps_contains
                0x0000000000017200                _dl_hwcaps_split_masked
                0x00000000000173f0                __rtld_malloc_init_stubs
                0x0000000000017430                __sigjmp_save
                0x0000000000017440                __strerror_r
                0x0000000000017530                __GI___libc_fatal
                0x0000000000017530                __libc_fatal
                0x0000000000017550                __GI___chk_fail
                0x0000000000017550                __chk_fail
                0x0000000000017560                __GI___assert_fail
                0x0000000000017560                __assert_fail
                0x0000000000017620                __rtld_malloc_is_complete
                0x00000000000178a0                __rtld_malloc_init_real
                0x0000000000017990                __GI___assert_perror_fail
                0x0000000000017990                __assert_perror_fail
                0x00000000000179f0                _itoa
                0x0000000000017a50                __strsep
                0x0000000000017a50                strsep
                0x0000000000017a50                __strsep_g
                0x0000000000017ad0                __rtld_mutex_init
                0x0000000000017bc0                _dl_tunable_set_hwcaps
                0x00000000000186c0                _dl_sysdep_start
                0x0000000000018b50                _dl_sysdep_start_cleanup
                0x0000000000018b60                _dl_show_auxv
                0x0000000000018d00                _dl_discover_osversion
                0x0000000000018f80                _dl_usage
                0x0000000000018fd0                _dl_version
                0x0000000000018ff0                _dl_help
                0x00000000000194c0                _start
                0x00000000000194c8                _dl_start_user
                0x000000000001a860                handle_preload_list
                0x000000000001e8c0                __brk
                0x000000000001e8c0                brk
                0x000000000001e8f0                sbrk
                0x000000000001e8f0                __sbrk
                0x000000000001e980                __getcwd
                0x000000000001e980                getcwd
                0x000000000001ef70                openat64
                0x000000000001efd0                __alloc_dir
                0x000000000001f0c0                __opendir
                0x000000000001f0c0                opendir
 *fill*         0x000000000001f154        0xc 
 .text          0x000000000001f160       0xd2 /home/luyaohan1001/Projects/hack_linux_v5.15/buildroot-2022.02.8/output/build/glibc-2.34-109-gd64b08d5ba7ffbc9155630f4843cf2e271b1629c/build/elf/rtld-libc.a(rtld-check_fds.os)
                0x000000000001f200                __libc_check_standard_fds
 .text          0x000000000001f232        0x0 /home/luyaohan1001/Projects/hack_linux_v5.15/buildroot-2022.02.8/output/build/glibc-2.34-109-gd64b08d5ba7ffbc9155630f4843cf2e271b1629c/build/elf/rtld-libc.a(rtld-errno.os)
 *fill*         0x000000000001f232        0xe 
 .text          0x000000000001f240       0x26 /home/luyaohan1001/Projects/hack_linux_v5.15/buildroot-2022.02.8/output/build/glibc-2.34-109-gd64b08d5ba7ffbc9155630f4843cf2e271b1629c/build/elf/rtld-libc.a(rtld-closedir.os)
                0x000000000001f240                __closedir
                0x000000000001f240                closedir
 *fill*         0x000000000001f266        0xa 
 .text          0x000000000001f270       0x30 /home/luyaohan1001/Projects/hack_linux_v5.15/buildroot-2022.02.8/output/build/glibc-2.34-109-gd64b08d5ba7ffbc9155630f4843cf2e271b1629c/build/elf/rtld-libc.a(rtld-rewinddir.os)
                0x000000000001f270                rewinddir
                0x000000000001f270                __rewinddir
 .text          0x000000000001f2a0       0x90 /home/luyaohan1001/Projects/hack_linux_v5.15/buildroot-2022.02.8/output/build/glibc-2.34-109-gd64b08d5ba7ffbc9155630f4843cf2e271b1629c/build/elf/rtld-libc.a(rtld-readdir64.os)
                0x000000000001f2a0                readdir
                0x000000000001f2a0                __readdir64
                0x000000000001f2a0                __readdir
                0x000000000001f2a0                readdir64
 .text          0x000000000001f330       0x8e /home/luyaohan1001/Projects/hack_linux_v5.15/buildroot-2022.02.8/output/build/glibc-2.34-109-gd64b08d5ba7ffbc9155630f4843cf2e271b1629c/build/elf/rtld-libc.a(rtld-fdopendir.os)
                0x000000000001f330                fdopendir
                0x000000000001f330                __fdopendir
 *fill*         0x000000000001f3be        0x2 
 .text          0x000000000001f3c0       0x30 /home/luyaohan1001/Projects/hack_linux_v5.15/buildroot-2022.02.8/output/build/glibc-2.34-109-gd64b08d5ba7ffbc9155630f4843cf2e271b1629c/build/elf/rtld-libc.a(rtld-getdents64.os)
                0x000000000001f3c0                __getdents
                0x000000000001f3c0                getdents64
                0x000000000001f3c0                __getdents64
 .text          0x000000000001f3f0       0x7b /home/luyaohan1001/Projects/hack_linux_v5.15/buildroot-2022.02.8/output/build/glibc-2.34-109-gd64b08d5ba7ffbc9155630f4843cf2e271b1629c/build/elf/rtld-libc.a(rtld-dl-addr-obj.os)
                0x000000000001f3f0                _dl_addr_inside_object
 *fill*         0x000000000001f46b        0x5 
 .text          0x000000000001f470       0xf7 /home/luyaohan1001/Projects/hack_linux_v5.15/buildroot-2022.02.8/output/build/glibc-2.34-109-gd64b08d5ba7ffbc9155630f4843cf2e271b1629c/build/elf/rtld-libc.a(rtld-profil.os)
                0x000000000001f4c0                __profil
                0x000000000001f4c0                profil
 *fill*         0x000000000001f567        0x9 
 .text          0x000000000001f570        0x7 /home/luyaohan1001/Projects/hack_linux_v5.15/buildroot-2022.02.8/output/build/glibc-2.34-109-gd64b08d5ba7ffbc9155630f4843cf2e271b1629c/build/elf/rtld-libc.a(rtld-prof-freq.os)
                0x000000000001f570                __profile_frequency
 *fill*         0x000000000001f577        0x9 
 .text          0x000000000001f580       0x12 /home/luyaohan1001/Projects/hack_linux_v5.15/buildroot-2022.02.8/output/build/glibc-2.34-109-gd64b08d5ba7ffbc9155630f4843cf2e271b1629c/build/elf/rtld-libc.a(rtld-stat64.os)
                0x000000000001f580                stat64
                0x000000000001f580                __stat
                0x000000000001f580                __stat64
                0x000000000001f580                stat
                0x000000000001f580                __GI___stat64
 *fill*         0x000000000001f592        0xe 
 .text          0x000000000001f5a0       0x30 /home/luyaohan1001/Projects/hack_linux_v5.15/buildroot-2022.02.8/output/build/glibc-2.34-109-gd64b08d5ba7ffbc9155630f4843cf2e271b1629c/build/elf/rtld-libc.a(rtld-fstat64.os)
                0x000000000001f5a0                __GI___fstat64
                0x000000000001f5a0                fstat64
                0x000000000001f5a0                fstat
                0x000000000001f5a0                __fstat64
                0x000000000001f5a0                __fstat
 .text          0x000000000001f5d0       0x15 /home/luyaohan1001/Projects/hack_linux_v5.15/buildroot-2022.02.8/output/build/glibc-2.34-109-gd64b08d5ba7ffbc9155630f4843cf2e271b1629c/build/elf/rtld-libc.a(rtld-lstat64.os)
                0x000000000001f5d0                __lstat64
                0x000000000001f5d0                lstat
                0x000000000001f5d0                lstat64
                0x000000000001f5d0                __GI___lstat64
                0x000000000001f5d0                __lstat
 *fill*         0x000000000001f5e5        0xb 
 .text          0x000000000001f5f0       0x26 /home/luyaohan1001/Projects/hack_linux_v5.15/buildroot-2022.02.8/output/build/glibc-2.34-109-gd64b08d5ba7ffbc9155630f4843cf2e271b1629c/build/elf/rtld-libc.a(rtld-fstatat64.os)
                0x000000000001f5f0                fstatat
                0x000000000001f5f0                __fstatat
                0x000000000001f5f0                fstatat64
                0x000000000001f5f0                __fstatat64
                0x000000000001f5f0                __GI___fstatat
                0x000000000001f5f0                __GI___fstatat64
 *fill*         0x000000000001f616        0xa 
 .text          0x000000000001f620       0x66 /home/luyaohan1001/Projects/hack_linux_v5.15/buildroot-2022.02.8/output/build/glibc-2.34-109-gd64b08d5ba7ffbc9155630f4843cf2e271b1629c/build/elf/rtld-libc.a(rtld-openat64.os)
                0x000000000001f620                __openat64
                0x000000000001f620                __libc_openat64
                0x000000000001f620                __openat
                0x000000000001f620                openat
 *fill*         0x000000000001f686        0xa 
 .text          0x000000000001f690       0x20 /home/luyaohan1001/Projects/hack_linux_v5.15/buildroot-2022.02.8/output/build/glibc-2.34-109-gd64b08d5ba7ffbc9155630f4843cf2e271b1629c/build/elf/rtld-libc.a(rtld-lseek64.os)
                0x000000000001f690                __lseek64
                0x000000000001f690                lseek
                0x000000000001f690                __libc_lseek64
                0x000000000001f690                __lseek
                0x000000000001f690                __libc_lseek
                0x000000000001f690                lseek64
 .text          0x000000000001f6b0       0x1e /home/luyaohan1001/Projects/hack_linux_v5.15/buildroot-2022.02.8/output/build/glibc-2.34-109-gd64b08d5ba7ffbc9155630f4843cf2e271b1629c/build/elf/rtld-libc.a(rtld-access.os)
                0x000000000001f6b0                access
                0x000000000001f6b0                __access
 *fill*         0x000000000001f6ce        0x2 
 .text          0x000000000001f6d0       0x1e /home/luyaohan1001/Projects/hack_linux_v5.15/buildroot-2022.02.8/output/build/glibc-2.34-109-gd64b08d5ba7ffbc9155630f4843cf2e271b1629c/build/elf/rtld-libc.a(rtld-close_nocancel.os)
                0x000000000001f6d0                __GI___close_nocancel
 *fill*         0x000000000001f6ee        0x2 
 .text          0x000000000001f6f0       0xce /home/luyaohan1001/Projects/hack_linux_v5.15/buildroot-2022.02.8/output/build/glibc-2.34-109-gd64b08d5ba7ffbc9155630f4843cf2e271b1629c/build/elf/rtld-libc.a(rtld-fcntl_nocancel.os)
                0x000000000001f6f0                __fcntl64_nocancel
                0x000000000001f6f0                __GI___fcntl64_nocancel
                0x000000000001f770                __fcntl64_nocancel_adjusted
 *fill*         0x000000000001f7be        0x2 
 .text          0x000000000001f7c0       0x76 /home/luyaohan1001/Projects/hack_linux_v5.15/buildroot-2022.02.8/output/build/glibc-2.34-109-gd64b08d5ba7ffbc9155630f4843cf2e271b1629c/build/elf/rtld-libc.a(rtld-open64_nocancel.os)
                0x000000000001f7c0                __GI___open_nocancel
                0x000000000001f7c0                __open_nocancel
                0x000000000001f7c0                __GI___open64_nocancel
                0x000000000001f7c0                __open64_nocancel
 *fill*         0x000000000001f836        0xa 
 .text          0x000000000001f840       0x20 /home/luyaohan1001/Projects/hack_linux_v5.15/buildroot-2022.02.8/output/build/glibc-2.34-109-gd64b08d5ba7ffbc9155630f4843cf2e271b1629c/build/elf/rtld-libc.a(rtld-read_nocancel.os)
                0x000000000001f840                __read_nocancel
                0x000000000001f840                __GI___read_nocancel
 .text          0x000000000001f860       0x28 /home/luyaohan1001/Projects/hack_linux_v5.15/buildroot-2022.02.8/output/build/glibc-2.34-109-gd64b08d5ba7ffbc9155630f4843cf2e271b1629c/build/elf/rtld-libc.a(rtld-pread64_nocancel.os)
                0x000000000001f860                __GI___pread64_nocancel
                0x000000000001f860                __pread64_nocancel
 *fill*         0x000000000001f888        0x8 
 .text          0x000000000001f890       0x20 /home/luyaohan1001/Projects/hack_linux_v5.15/buildroot-2022.02.8/output/build/glibc-2.34-109-gd64b08d5ba7ffbc9155630f4843cf2e271b1629c/build/elf/rtld-libc.a(rtld-write_nocancel.os)
                0x000000000001f890                __GI___write_nocancel
                0x000000000001f890                __write_nocancel
 .text          0x000000000001f8b0       0xb0 /home/luyaohan1001/Projects/hack_linux_v5.15/buildroot-2022.02.8/output/build/glibc-2.34-109-gd64b08d5ba7ffbc9155630f4843cf2e271b1629c/build/elf/rtld-libc.a(rtld-scratch_buffer_set_array_size.os)
                0x000000000001f8b0                __libc_scratch_buffer_set_array_size
 .text          0x000000000001f960       0x91 /home/luyaohan1001/Projects/hack_linux_v5.15/buildroot-2022.02.8/output/build/glibc-2.34-109-gd64b08d5ba7ffbc9155630f4843cf2e271b1629c/build/elf/rtld-libc.a(rtld-mmap64.os)
                0x000000000001f960                __mmap
                0x000000000001f960                mmap
                0x000000000001f960                __mmap64
                0x000000000001f960                mmap64
 *fill*         0x000000000001f9f1        0xf 
 .text          0x000000000001fa00       0x20 /home/luyaohan1001/Projects/hack_linux_v5.15/buildroot-2022.02.8/output/build/glibc-2.34-109-gd64b08d5ba7ffbc9155630f4843cf2e271b1629c/build/elf/rtld-libc.a(rtld-munmap.os)
                0x000000000001fa00                munmap
                0x000000000001fa00                __GI___munmap
                0x000000000001fa00                __GI_munmap
                0x000000000001fa00                __munmap
 .text          0x000000000001fa20       0x20 /home/luyaohan1001/Projects/hack_linux_v5.15/buildroot-2022.02.8/output/build/glibc-2.34-109-gd64b08d5ba7ffbc9155630f4843cf2e271b1629c/build/elf/rtld-libc.a(rtld-mprotect.os)
                0x000000000001fa20                __mprotect
                0x000000000001fa20                __GI___mprotect
                0x000000000001fa20                __GI_mprotect
                0x000000000001fa20                mprotect
 .text          0x000000000001fa40      0x104 /home/luyaohan1001/Projects/hack_linux_v5.15/buildroot-2022.02.8/output/build/glibc-2.34-109-gd64b08d5ba7ffbc9155630f4843cf2e271b1629c/build/elf/rtld-libc.a(rtld-lowlevellock.os)
                0x000000000001fa40                __lll_lock_wait_private
                0x000000000001faa0                __lll_lock_wait
                0x000000000001fb10                __lll_lock_wake_private
                0x000000000001fb30                __lll_lock_wake
 *fill*         0x000000000001fb44        0xc 
 .text          0x000000000001fb50       0x20 /home/luyaohan1001/Projects/hack_linux_v5.15/buildroot-2022.02.8/output/build/glibc-2.34-109-gd64b08d5ba7ffbc9155630f4843cf2e271b1629c/build/elf/rtld-libc.a(rtld-uname.os)
                0x000000000001fb50                uname
                0x000000000001fb50                __GI_uname
                0x000000000001fb50                __uname
                0x000000000001fb50                __GI___uname
 .text          0x000000000001fb70       0x42 /home/luyaohan1001/Projects/hack_linux_v5.15/buildroot-2022.02.8/output/build/glibc-2.34-109-gd64b08d5ba7ffbc9155630f4843cf2e271b1629c/build/elf/rtld-libc.a(rtld-_exit.os)
                0x000000000001fb70                _Exit
                0x000000000001fb70                __GI__exit
                0x000000000001fb70                _exit
 *fill*         0x000000000001fbb2        0xe 
 .text          0x000000000001fbc0        0x8 /home/luyaohan1001/Projects/hack_linux_v5.15/buildroot-2022.02.8/output/build/glibc-2.34-109-gd64b08d5ba7ffbc9155630f4843cf2e271b1629c/build/elf/rtld-libc.a(rtld-getpid.os)
                0x000000000001fbc0                __getpid
                0x000000000001fbc0                getpid
                0x000000000001fbc0                __GI_getpid
                0x000000000001fbc0                __GI___getpid
 .text          0x000000000001fbc8        0x0 /home/luyaohan1001/Projects/hack_linux_v5.15/buildroot-2022.02.8/output/build/glibc-2.34-109-gd64b08d5ba7ffbc9155630f4843cf2e271b1629c/build/elf/rtld-libc.a(rtld-environ.os)
 *fill*         0x000000000001fbc8        0x8 
 .text          0x000000000001fbd0       0x4f /home/luyaohan1001/Projects/hack_linux_v5.15/buildroot-2022.02.8/output/build/glibc-2.34-109-gd64b08d5ba7ffbc9155630f4843cf2e271b1629c/build/elf/rtld-libc.a(rtld-setjmp.os)
                0x000000000001fbd0                __sigsetjmp
                0x000000000001fbd0                __GI___sigsetjmp
 *fill*         0x000000000001fc1f        0x1 
 .text          0x000000000001fc20       0x4a /home/luyaohan1001/Projects/hack_linux_v5.15/buildroot-2022.02.8/output/build/glibc-2.34-109-gd64b08d5ba7ffbc9155630f4843cf2e271b1629c/build/elf/rtld-libc.a(rtld-__longjmp.os)
                0x000000000001fc20                __longjmp
 *fill*         0x000000000001fc6a        0x6 
 .text          0x000000000001fc70       0x28 /home/luyaohan1001/Projects/hack_linux_v5.15/buildroot-2022.02.8/output/build/glibc-2.34-109-gd64b08d5ba7ffbc9155630f4843cf2e271b1629c/build/elf/rtld-libc.a(rtld-sigaction.os)
                0x000000000001fc70                sigaction
                0x000000000001fc70                __sigaction
 *fill*         0x000000000001fc98        0x8 
 .text          0x000000000001fca0      0x1b1 /home/luyaohan1001/Projects/hack_linux_v5.15/buildroot-2022.02.8/output/build/glibc-2.34-109-gd64b08d5ba7ffbc9155630f4843cf2e271b1629c/build/elf/rtld-libc.a(rtld-libc_sigaction.os)
                0x000000000001fcc0                __libc_sigaction
 *fill*         0x000000000001fe51        0xf 
 .text          0x000000000001fe60       0x4a /home/luyaohan1001/Projects/hack_linux_v5.15/buildroot-2022.02.8/output/build/glibc-2.34-109-gd64b08d5ba7ffbc9155630f4843cf2e271b1629c/build/elf/rtld-libc.a(rtld-strdup.os)
                0x000000000001fe60                __strdup
                0x000000000001fe60                strdup
 *fill*         0x000000000001feaa        0x6 
 .text          0x000000000001feb0     0x1439 /home/luyaohan1001/Projects/hack_linux_v5.15/buildroot-2022.02.8/output/build/glibc-2.34-109-gd64b08d5ba7ffbc9155630f4843cf2e271b1629c/build/elf/rtld-libc.a(rtld-strcmp-sse2.os)
                0x000000000001feb0                strcmp
 *fill*         0x00000000000212e9        0x7 
 .text          0x00000000000212f0     0x1849 /home/luyaohan1001/Projects/hack_linux_v5.15/buildroot-2022.02.8/output/build/glibc-2.34-109-gd64b08d5ba7ffbc9155630f4843cf2e271b1629c/build/elf/rtld-libc.a(rtld-strncmp-sse2.os)
                0x00000000000212f0                strncmp
 *fill*         0x0000000000022b39        0x7 
 .text          0x0000000000022b40      0x323 /home/luyaohan1001/Projects/hack_linux_v5.15/buildroot-2022.02.8/output/build/glibc-2.34-109-gd64b08d5ba7ffbc9155630f4843cf2e271b1629c/build/elf/rtld-libc.a(rtld-memchr-sse2.os)
                0x0000000000022b40                memchr
                0x0000000000022b40                __memchr
 *fill*         0x0000000000022e63        0xd 
 .text          0x0000000000022e70      0x1f9 /home/luyaohan1001/Projects/hack_linux_v5.15/buildroot-2022.02.8/output/build/glibc-2.34-109-gd64b08d5ba7ffbc9155630f4843cf2e271b1629c/build/elf/rtld-libc.a(rtld-rawmemchr-sse2.os)
                0x0000000000022e70                __rawmemchr
                0x0000000000022e70                rawmemchr
 *fill*         0x0000000000023069        0x7 
 .text          0x0000000000023070      0x400 /home/luyaohan1001/Projects/hack_linux_v5.15/buildroot-2022.02.8/output/build/glibc-2.34-109-gd64b08d5ba7ffbc9155630f4843cf2e271b1629c/build/elf/rtld-libc.a(rtld-memcmp-sse2.os)
                0x0000000000023070                bcmp
                0x0000000000023070                memcmp
 .text          0x0000000000023470      0x21a /home/luyaohan1001/Projects/hack_linux_v5.15/buildroot-2022.02.8/output/build/glibc-2.34-109-gd64b08d5ba7ffbc9155630f4843cf2e271b1629c/build/elf/rtld-libc.a(rtld-strchr-sse2.os)
                0x0000000000023470                index
                0x0000000000023470                strchr
 *fill*         0x000000000002368a        0x6 
 .text          0x0000000000023690      0x19c /home/luyaohan1001/Projects/hack_linux_v5.15/buildroot-2022.02.8/output/build/glibc-2.34-109-gd64b08d5ba7ffbc9155630f4843cf2e271b1629c/build/elf/rtld-libc.a(rtld-strlen-sse2.os)
                0x0000000000023690                strlen
 *fill*         0x000000000002382c        0x4 
 .text          0x0000000000023830      0x218 /home/luyaohan1001/Projects/hack_linux_v5.15/buildroot-2022.02.8/output/build/glibc-2.34-109-gd64b08d5ba7ffbc9155630f4843cf2e271b1629c/build/elf/rtld-libc.a(rtld-strnlen-sse2.os)
                0x0000000000023830                __strnlen
                0x0000000000023830                strnlen
 *fill*         0x0000000000023a48        0x8 
 .text          0x0000000000023a50       0xdc /home/luyaohan1001/Projects/hack_linux_v5.15/buildroot-2022.02.8/output/build/glibc-2.34-109-gd64b08d5ba7ffbc9155630f4843cf2e271b1629c/build/elf/rtld-libc.a(rtld-stpcpy-sse2.os)
                0x0000000000023a50                stpcpy
                0x0000000000023a50                __stpcpy
 *fill*         0x0000000000023b2c        0x4 
 .text          0x0000000000023b30       0x97 /home/luyaohan1001/Projects/hack_linux_v5.15/buildroot-2022.02.8/output/build/glibc-2.34-109-gd64b08d5ba7ffbc9155630f4843cf2e271b1629c/build/elf/rtld-libc.a(rtld-strcspn-sse2.os)
                0x0000000000023b30                strcspn
 *fill*         0x0000000000023bc7        0x9 
 .text          0x0000000000023bd0      0x208 /home/luyaohan1001/Projects/hack_linux_v5.15/buildroot-2022.02.8/output/build/glibc-2.34-109-gd64b08d5ba7ffbc9155630f4843cf2e271b1629c/build/elf/rtld-libc.a(rtld-memmove-sse2-unaligned-erms.os)
                0x0000000000023bd0                mempcpy
                0x0000000000023bd0                __mempcpy
                0x0000000000023be0                memmove
                0x0000000000023be0                memcpy
 *fill*         0x0000000000023dd8        0x8 
 .text          0x0000000000023de0       0xe2 /home/luyaohan1001/Projects/hack_linux_v5.15/buildroot-2022.02.8/output/build/glibc-2.34-109-gd64b08d5ba7ffbc9155630f4843cf2e271b1629c/build/elf/rtld-libc.a(rtld-memset-sse2-unaligned-erms.os)
                0x0000000000023de0                memset
 *fill*         0x0000000000023ec2        0xe 
 .text          0x0000000000023ed0       0x1e /home/luyaohan1001/Projects/hack_linux_v5.15/buildroot-2022.02.8/output/build/glibc-2.34-109-gd64b08d5ba7ffbc9155630f4843cf2e271b1629c/build/elf/rtld-libc.a(rtld-setitimer.os)
                0x0000000000023ed0                setitimer
                0x0000000000023ed0                __setitimer
 *(.gnu.warning)

.text.compat    0x0000000000000000        0x1
 .text.compat   0x0000000000000000        0x1 /home/luyaohan1001/Projects/hack_linux_v5.15/buildroot-2022.02.8/output/build/glibc-2.34-109-gd64b08d5ba7ffbc9155630f4843cf2e271b1629c/build/elf/dl-allobjs.os
                0x0000000000000000                __rtld_version_placeholder_1
                0x0000000000000000                __rtld_version_placeholder@GLIBC_2.34

.fini
 *(SORT_NONE(.fini))

.rodata         0x0000000000000000     0x1610
 *(.rodata)
 .rodata        0x0000000000000000     0x158c /home/luyaohan1001/Projects/hack_linux_v5.15/buildroot-2022.02.8/output/build/glibc-2.34-109-gd64b08d5ba7ffbc9155630f4843cf2e271b1629c/build/elf/dl-allobjs.os
 *fill*         0x000000000000158c        0x4 
 .rodata        0x0000000000001590       0x40 /home/luyaohan1001/Projects/hack_linux_v5.15/buildroot-2022.02.8/output/build/glibc-2.34-109-gd64b08d5ba7ffbc9155630f4843cf2e271b1629c/build/elf/rtld-libc.a(rtld-strcmp-sse2.os)
 .rodata        0x00000000000015d0       0x40 /home/luyaohan1001/Projects/hack_linux_v5.15/buildroot-2022.02.8/output/build/glibc-2.34-109-gd64b08d5ba7ffbc9155630f4843cf2e271b1629c/build/elf/rtld-libc.a(rtld-strncmp-sse2.os)

.rodata.str1.1  0x0000000000000000     0x186c
 .rodata.str1.1
                0x0000000000000000     0x1857 /home/luyaohan1001/Projects/hack_linux_v5.15/buildroot-2022.02.8/output/build/glibc-2.34-109-gd64b08d5ba7ffbc9155630f4843cf2e271b1629c/build/elf/dl-allobjs.os
 .rodata.str1.1
                0x0000000000001857       0x14 /home/luyaohan1001/Projects/hack_linux_v5.15/buildroot-2022.02.8/output/build/glibc-2.34-109-gd64b08d5ba7ffbc9155630f4843cf2e271b1629c/build/elf/rtld-libc.a(rtld-check_fds.os)
 .rodata.str1.1
                0x000000000000186b        0x1 /home/luyaohan1001/Projects/hack_linux_v5.15/buildroot-2022.02.8/output/build/glibc-2.34-109-gd64b08d5ba7ffbc9155630f4843cf2e271b1629c/build/elf/rtld-libc.a(rtld-fstat64.os)

.rodata.str1.16
                0x0000000000000000      0x4e4
 .rodata.str1.16
                0x0000000000000000      0x4e4 /home/luyaohan1001/Projects/hack_linux_v5.15/buildroot-2022.02.8/output/build/glibc-2.34-109-gd64b08d5ba7ffbc9155630f4843cf2e271b1629c/build/elf/dl-allobjs.os
                0x0000000000000370                _dl_hwcaps_subdirs
                0x00000000000003d0                __GI__itoa_lower_digits
                0x00000000000003d0                _itoa_lower_digits

.rodata.str1.8  0x0000000000000000     0x2def
 .rodata.str1.8
                0x0000000000000000     0x2db1 /home/luyaohan1001/Projects/hack_linux_v5.15/buildroot-2022.02.8/output/build/glibc-2.34-109-gd64b08d5ba7ffbc9155630f4843cf2e271b1629c/build/elf/dl-allobjs.os
 *fill*         0x0000000000002db1        0x7 
 .rodata.str1.8
                0x0000000000002db8       0x37 /home/luyaohan1001/Projects/hack_linux_v5.15/buildroot-2022.02.8/output/build/glibc-2.34-109-gd64b08d5ba7ffbc9155630f4843cf2e271b1629c/build/elf/rtld-libc.a(rtld-lowlevellock.os)

.rodata.cst16   0x0000000000000000       0x10
 .rodata.cst16  0x0000000000000000       0x10 /home/luyaohan1001/Projects/hack_linux_v5.15/buildroot-2022.02.8/output/build/glibc-2.34-109-gd64b08d5ba7ffbc9155630f4843cf2e271b1629c/build/elf/dl-allobjs.os

.rodata.cst4    0x0000000000000000        0x4
 .rodata.cst4   0x0000000000000000        0x4 /home/luyaohan1001/Projects/hack_linux_v5.15/buildroot-2022.02.8/output/build/glibc-2.34-109-gd64b08d5ba7ffbc9155630f4843cf2e271b1629c/build/elf/dl-allobjs.os

.rodata.str1.32
                0x0000000000000000       0x3b
 .rodata.str1.32
                0x0000000000000000       0x3b /home/luyaohan1001/Projects/hack_linux_v5.15/buildroot-2022.02.8/output/build/glibc-2.34-109-gd64b08d5ba7ffbc9155630f4843cf2e271b1629c/build/elf/dl-allobjs.os

.rodata1
 *(.rodata1)

.eh_frame_hdr
 *(.eh_frame_hdr)

.eh_frame       0x0000000000000000     0x396c
 *(.eh_frame)
 .eh_frame      0x0000000000000000     0x2e50 /home/luyaohan1001/Projects/hack_linux_v5.15/buildroot-2022.02.8/output/build/glibc-2.34-109-gd64b08d5ba7ffbc9155630f4843cf2e271b1629c/build/elf/dl-allobjs.os
                                       0x2ec0 (size before relaxing)
 .eh_frame      0x0000000000002e50       0x68 /home/luyaohan1001/Projects/hack_linux_v5.15/buildroot-2022.02.8/output/build/glibc-2.34-109-gd64b08d5ba7ffbc9155630f4843cf2e271b1629c/build/elf/rtld-libc.a(rtld-check_fds.os)
 .eh_frame      0x0000000000002eb8       0x38 /home/luyaohan1001/Projects/hack_linux_v5.15/buildroot-2022.02.8/output/build/glibc-2.34-109-gd64b08d5ba7ffbc9155630f4843cf2e271b1629c/build/elf/rtld-libc.a(rtld-closedir.os)
 .eh_frame      0x0000000000002ef0       0x38 /home/luyaohan1001/Projects/hack_linux_v5.15/buildroot-2022.02.8/output/build/glibc-2.34-109-gd64b08d5ba7ffbc9155630f4843cf2e271b1629c/build/elf/rtld-libc.a(rtld-rewinddir.os)
 .eh_frame      0x0000000000002f28       0x50 /home/luyaohan1001/Projects/hack_linux_v5.15/buildroot-2022.02.8/output/build/glibc-2.34-109-gd64b08d5ba7ffbc9155630f4843cf2e271b1629c/build/elf/rtld-libc.a(rtld-readdir64.os)
 .eh_frame      0x0000000000002f78       0x50 /home/luyaohan1001/Projects/hack_linux_v5.15/buildroot-2022.02.8/output/build/glibc-2.34-109-gd64b08d5ba7ffbc9155630f4843cf2e271b1629c/build/elf/rtld-libc.a(rtld-fdopendir.os)
 .eh_frame      0x0000000000002fc8       0x30 /home/luyaohan1001/Projects/hack_linux_v5.15/buildroot-2022.02.8/output/build/glibc-2.34-109-gd64b08d5ba7ffbc9155630f4843cf2e271b1629c/build/elf/rtld-libc.a(rtld-getdents64.os)
 .eh_frame      0x0000000000002ff8       0x30 /home/luyaohan1001/Projects/hack_linux_v5.15/buildroot-2022.02.8/output/build/glibc-2.34-109-gd64b08d5ba7ffbc9155630f4843cf2e271b1629c/build/elf/rtld-libc.a(rtld-dl-addr-obj.os)
 .eh_frame      0x0000000000003028       0x48 /home/luyaohan1001/Projects/hack_linux_v5.15/buildroot-2022.02.8/output/build/glibc-2.34-109-gd64b08d5ba7ffbc9155630f4843cf2e271b1629c/build/elf/rtld-libc.a(rtld-profil.os)
 .eh_frame      0x0000000000003070       0x30 /home/luyaohan1001/Projects/hack_linux_v5.15/buildroot-2022.02.8/output/build/glibc-2.34-109-gd64b08d5ba7ffbc9155630f4843cf2e271b1629c/build/elf/rtld-libc.a(rtld-prof-freq.os)
 .eh_frame      0x00000000000030a0       0x30 /home/luyaohan1001/Projects/hack_linux_v5.15/buildroot-2022.02.8/output/build/glibc-2.34-109-gd64b08d5ba7ffbc9155630f4843cf2e271b1629c/build/elf/rtld-libc.a(rtld-stat64.os)
 .eh_frame      0x00000000000030d0       0x30 /home/luyaohan1001/Projects/hack_linux_v5.15/buildroot-2022.02.8/output/build/glibc-2.34-109-gd64b08d5ba7ffbc9155630f4843cf2e271b1629c/build/elf/rtld-libc.a(rtld-fstat64.os)
 .eh_frame      0x0000000000003100       0x30 /home/luyaohan1001/Projects/hack_linux_v5.15/buildroot-2022.02.8/output/build/glibc-2.34-109-gd64b08d5ba7ffbc9155630f4843cf2e271b1629c/build/elf/rtld-libc.a(rtld-lstat64.os)
 .eh_frame      0x0000000000003130       0x30 /home/luyaohan1001/Projects/hack_linux_v5.15/buildroot-2022.02.8/output/build/glibc-2.34-109-gd64b08d5ba7ffbc9155630f4843cf2e271b1629c/build/elf/rtld-libc.a(rtld-fstatat64.os)
 .eh_frame      0x0000000000003160       0x30 /home/luyaohan1001/Projects/hack_linux_v5.15/buildroot-2022.02.8/output/build/glibc-2.34-109-gd64b08d5ba7ffbc9155630f4843cf2e271b1629c/build/elf/rtld-libc.a(rtld-openat64.os)
 .eh_frame      0x0000000000003190       0x30 /home/luyaohan1001/Projects/hack_linux_v5.15/buildroot-2022.02.8/output/build/glibc-2.34-109-gd64b08d5ba7ffbc9155630f4843cf2e271b1629c/build/elf/rtld-libc.a(rtld-lseek64.os)
 .eh_frame      0x00000000000031c0       0x30 /home/luyaohan1001/Projects/hack_linux_v5.15/buildroot-2022.02.8/output/build/glibc-2.34-109-gd64b08d5ba7ffbc9155630f4843cf2e271b1629c/build/elf/rtld-libc.a(rtld-access.os)
 .eh_frame      0x00000000000031f0       0x30 /home/luyaohan1001/Projects/hack_linux_v5.15/buildroot-2022.02.8/output/build/glibc-2.34-109-gd64b08d5ba7ffbc9155630f4843cf2e271b1629c/build/elf/rtld-libc.a(rtld-close_nocancel.os)
 .eh_frame      0x0000000000003220       0x40 /home/luyaohan1001/Projects/hack_linux_v5.15/buildroot-2022.02.8/output/build/glibc-2.34-109-gd64b08d5ba7ffbc9155630f4843cf2e271b1629c/build/elf/rtld-libc.a(rtld-fcntl_nocancel.os)
 .eh_frame      0x0000000000003260       0x30 /home/luyaohan1001/Projects/hack_linux_v5.15/buildroot-2022.02.8/output/build/glibc-2.34-109-gd64b08d5ba7ffbc9155630f4843cf2e271b1629c/build/elf/rtld-libc.a(rtld-open64_nocancel.os)
 .eh_frame      0x0000000000003290       0x30 /home/luyaohan1001/Projects/hack_linux_v5.15/buildroot-2022.02.8/output/build/glibc-2.34-109-gd64b08d5ba7ffbc9155630f4843cf2e271b1629c/build/elf/rtld-libc.a(rtld-read_nocancel.os)
 .eh_frame      0x00000000000032c0       0x30 /home/luyaohan1001/Projects/hack_linux_v5.15/buildroot-2022.02.8/output/build/glibc-2.34-109-gd64b08d5ba7ffbc9155630f4843cf2e271b1629c/build/elf/rtld-libc.a(rtld-pread64_nocancel.os)
 .eh_frame      0x00000000000032f0       0x30 /home/luyaohan1001/Projects/hack_linux_v5.15/buildroot-2022.02.8/output/build/glibc-2.34-109-gd64b08d5ba7ffbc9155630f4843cf2e271b1629c/build/elf/rtld-libc.a(rtld-write_nocancel.os)
 .eh_frame      0x0000000000003320       0x60 /home/luyaohan1001/Projects/hack_linux_v5.15/buildroot-2022.02.8/output/build/glibc-2.34-109-gd64b08d5ba7ffbc9155630f4843cf2e271b1629c/build/elf/rtld-libc.a(rtld-scratch_buffer_set_array_size.os)
 .eh_frame      0x0000000000003380       0x48 /home/luyaohan1001/Projects/hack_linux_v5.15/buildroot-2022.02.8/output/build/glibc-2.34-109-gd64b08d5ba7ffbc9155630f4843cf2e271b1629c/build/elf/rtld-libc.a(rtld-mmap64.os)
 .eh_frame      0x00000000000033c8       0x30 /home/luyaohan1001/Projects/hack_linux_v5.15/buildroot-2022.02.8/output/build/glibc-2.34-109-gd64b08d5ba7ffbc9155630f4843cf2e271b1629c/build/elf/rtld-libc.a(rtld-munmap.os)
 .eh_frame      0x00000000000033f8       0x30 /home/luyaohan1001/Projects/hack_linux_v5.15/buildroot-2022.02.8/output/build/glibc-2.34-109-gd64b08d5ba7ffbc9155630f4843cf2e271b1629c/build/elf/rtld-libc.a(rtld-mprotect.os)
 .eh_frame      0x0000000000003428       0x70 /home/luyaohan1001/Projects/hack_linux_v5.15/buildroot-2022.02.8/output/build/glibc-2.34-109-gd64b08d5ba7ffbc9155630f4843cf2e271b1629c/build/elf/rtld-libc.a(rtld-lowlevellock.os)
 .eh_frame      0x0000000000003498       0x30 /home/luyaohan1001/Projects/hack_linux_v5.15/buildroot-2022.02.8/output/build/glibc-2.34-109-gd64b08d5ba7ffbc9155630f4843cf2e271b1629c/build/elf/rtld-libc.a(rtld-uname.os)
 .eh_frame      0x00000000000034c8       0x30 /home/luyaohan1001/Projects/hack_linux_v5.15/buildroot-2022.02.8/output/build/glibc-2.34-109-gd64b08d5ba7ffbc9155630f4843cf2e271b1629c/build/elf/rtld-libc.a(rtld-_exit.os)
 .eh_frame      0x00000000000034f8       0x30 /home/luyaohan1001/Projects/hack_linux_v5.15/buildroot-2022.02.8/output/build/glibc-2.34-109-gd64b08d5ba7ffbc9155630f4843cf2e271b1629c/build/elf/rtld-libc.a(rtld-getpid.os)
 .eh_frame      0x0000000000003528       0x30 /home/luyaohan1001/Projects/hack_linux_v5.15/buildroot-2022.02.8/output/build/glibc-2.34-109-gd64b08d5ba7ffbc9155630f4843cf2e271b1629c/build/elf/rtld-libc.a(rtld-setjmp.os)
 .eh_frame      0x0000000000003558       0x48 /home/luyaohan1001/Projects/hack_linux_v5.15/buildroot-2022.02.8/output/build/glibc-2.34-109-gd64b08d5ba7ffbc9155630f4843cf2e271b1629c/build/elf/rtld-libc.a(rtld-__longjmp.os)
 .eh_frame      0x00000000000035a0       0x30 /home/luyaohan1001/Projects/hack_linux_v5.15/buildroot-2022.02.8/output/build/glibc-2.34-109-gd64b08d5ba7ffbc9155630f4843cf2e271b1629c/build/elf/rtld-libc.a(rtld-sigaction.os)
 .eh_frame      0x00000000000035d0       0xc8 /home/luyaohan1001/Projects/hack_linux_v5.15/buildroot-2022.02.8/output/build/glibc-2.34-109-gd64b08d5ba7ffbc9155630f4843cf2e271b1629c/build/elf/rtld-libc.a(rtld-libc_sigaction.os)
                                         0xd0 (size before relaxing)
 .eh_frame      0x0000000000003698       0x50 /home/luyaohan1001/Projects/hack_linux_v5.15/buildroot-2022.02.8/output/build/glibc-2.34-109-gd64b08d5ba7ffbc9155630f4843cf2e271b1629c/build/elf/rtld-libc.a(rtld-strdup.os)
 .eh_frame      0x00000000000036e8       0x30 /home/luyaohan1001/Projects/hack_linux_v5.15/buildroot-2022.02.8/output/build/glibc-2.34-109-gd64b08d5ba7ffbc9155630f4843cf2e271b1629c/build/elf/rtld-libc.a(rtld-strcmp-sse2.os)
 .eh_frame      0x0000000000003718       0x30 /home/luyaohan1001/Projects/hack_linux_v5.15/buildroot-2022.02.8/output/build/glibc-2.34-109-gd64b08d5ba7ffbc9155630f4843cf2e271b1629c/build/elf/rtld-libc.a(rtld-strncmp-sse2.os)
 .eh_frame      0x0000000000003748       0x30 /home/luyaohan1001/Projects/hack_linux_v5.15/buildroot-2022.02.8/output/build/glibc-2.34-109-gd64b08d5ba7ffbc9155630f4843cf2e271b1629c/build/elf/rtld-libc.a(rtld-memchr-sse2.os)
 .eh_frame      0x0000000000003778       0x30 /home/luyaohan1001/Projects/hack_linux_v5.15/buildroot-2022.02.8/output/build/glibc-2.34-109-gd64b08d5ba7ffbc9155630f4843cf2e271b1629c/build/elf/rtld-libc.a(rtld-rawmemchr-sse2.os)
 .eh_frame      0x00000000000037a8       0x30 /home/luyaohan1001/Projects/hack_linux_v5.15/buildroot-2022.02.8/output/build/glibc-2.34-109-gd64b08d5ba7ffbc9155630f4843cf2e271b1629c/build/elf/rtld-libc.a(rtld-memcmp-sse2.os)
 .eh_frame      0x00000000000037d8       0x30 /home/luyaohan1001/Projects/hack_linux_v5.15/buildroot-2022.02.8/output/build/glibc-2.34-109-gd64b08d5ba7ffbc9155630f4843cf2e271b1629c/build/elf/rtld-libc.a(rtld-strchr-sse2.os)
 .eh_frame      0x0000000000003808       0x30 /home/luyaohan1001/Projects/hack_linux_v5.15/buildroot-2022.02.8/output/build/glibc-2.34-109-gd64b08d5ba7ffbc9155630f4843cf2e271b1629c/build/elf/rtld-libc.a(rtld-strlen-sse2.os)
 .eh_frame      0x0000000000003838       0x30 /home/luyaohan1001/Projects/hack_linux_v5.15/buildroot-2022.02.8/output/build/glibc-2.34-109-gd64b08d5ba7ffbc9155630f4843cf2e271b1629c/build/elf/rtld-libc.a(rtld-strnlen-sse2.os)
 .eh_frame      0x0000000000003868       0x30 /home/luyaohan1001/Projects/hack_linux_v5.15/buildroot-2022.02.8/output/build/glibc-2.34-109-gd64b08d5ba7ffbc9155630f4843cf2e271b1629c/build/elf/rtld-libc.a(rtld-stpcpy-sse2.os)
 .eh_frame      0x0000000000003898       0x38 /home/luyaohan1001/Projects/hack_linux_v5.15/buildroot-2022.02.8/output/build/glibc-2.34-109-gd64b08d5ba7ffbc9155630f4843cf2e271b1629c/build/elf/rtld-libc.a(rtld-strcspn-sse2.os)
 .eh_frame      0x00000000000038d0       0x40 /home/luyaohan1001/Projects/hack_linux_v5.15/buildroot-2022.02.8/output/build/glibc-2.34-109-gd64b08d5ba7ffbc9155630f4843cf2e271b1629c/build/elf/rtld-libc.a(rtld-memmove-sse2-unaligned-erms.os)
 .eh_frame      0x0000000000003910       0x30 /home/luyaohan1001/Projects/hack_linux_v5.15/buildroot-2022.02.8/output/build/glibc-2.34-109-gd64b08d5ba7ffbc9155630f4843cf2e271b1629c/build/elf/rtld-libc.a(rtld-memset-sse2-unaligned-erms.os)
 .eh_frame      0x0000000000003940       0x2c /home/luyaohan1001/Projects/hack_linux_v5.15/buildroot-2022.02.8/output/build/glibc-2.34-109-gd64b08d5ba7ffbc9155630f4843cf2e271b1629c/build/elf/rtld-libc.a(rtld-setitimer.os)
                                         0x30 (size before relaxing)

.gcc_except_table
 *(.gcc_except_table)

.gnu_extab
 *(.gnu_extab*)

.exception_ranges
 *(.exception_ranges)

.eh_frame
 *(.eh_frame)

.gnu_extab
 *(.gnu_extab)

.gcc_except_table
 *(.gcc_except_table)

.exception_ranges
 *(.exception_ranges)

.tdata
 *(.tdata)

.tbss
 *(.tbss)

.jcr
 *(.jcr)

.dynamic
 *(.dynamic)

.got
 *(.got)

.got.plt
 *(.got.plt)

.data           0x0000000000000000     0x1050
 *(.data)
 .data          0x0000000000000000     0x1050 /home/luyaohan1001/Projects/hack_linux_v5.15/buildroot-2022.02.8/output/build/glibc-2.34-109-gd64b08d5ba7ffbc9155630f4843cf2e271b1629c/build/elf/dl-allobjs.os
                0x0000000000000000                _rtld_global
                0x0000000000000000                _rtld_local
 .data          0x0000000000001050        0x0 /home/luyaohan1001/Projects/hack_linux_v5.15/buildroot-2022.02.8/output/build/glibc-2.34-109-gd64b08d5ba7ffbc9155630f4843cf2e271b1629c/build/elf/rtld-libc.a(rtld-check_fds.os)
 .data          0x0000000000001050        0x0 /home/luyaohan1001/Projects/hack_linux_v5.15/buildroot-2022.02.8/output/build/glibc-2.34-109-gd64b08d5ba7ffbc9155630f4843cf2e271b1629c/build/elf/rtld-libc.a(rtld-errno.os)
 .data          0x0000000000001050        0x0 /home/luyaohan1001/Projects/hack_linux_v5.15/buildroot-2022.02.8/output/build/glibc-2.34-109-gd64b08d5ba7ffbc9155630f4843cf2e271b1629c/build/elf/rtld-libc.a(rtld-closedir.os)
 .data          0x0000000000001050        0x0 /home/luyaohan1001/Projects/hack_linux_v5.15/buildroot-2022.02.8/output/build/glibc-2.34-109-gd64b08d5ba7ffbc9155630f4843cf2e271b1629c/build/elf/rtld-libc.a(rtld-rewinddir.os)
 .data          0x0000000000001050        0x0 /home/luyaohan1001/Projects/hack_linux_v5.15/buildroot-2022.02.8/output/build/glibc-2.34-109-gd64b08d5ba7ffbc9155630f4843cf2e271b1629c/build/elf/rtld-libc.a(rtld-readdir64.os)
 .data          0x0000000000001050        0x0 /home/luyaohan1001/Projects/hack_linux_v5.15/buildroot-2022.02.8/output/build/glibc-2.34-109-gd64b08d5ba7ffbc9155630f4843cf2e271b1629c/build/elf/rtld-libc.a(rtld-fdopendir.os)
 .data          0x0000000000001050        0x0 /home/luyaohan1001/Projects/hack_linux_v5.15/buildroot-2022.02.8/output/build/glibc-2.34-109-gd64b08d5ba7ffbc9155630f4843cf2e271b1629c/build/elf/rtld-libc.a(rtld-getdents64.os)
 .data          0x0000000000001050        0x0 /home/luyaohan1001/Projects/hack_linux_v5.15/buildroot-2022.02.8/output/build/glibc-2.34-109-gd64b08d5ba7ffbc9155630f4843cf2e271b1629c/build/elf/rtld-libc.a(rtld-dl-addr-obj.os)
 .data          0x0000000000001050        0x0 /home/luyaohan1001/Projects/hack_linux_v5.15/buildroot-2022.02.8/output/build/glibc-2.34-109-gd64b08d5ba7ffbc9155630f4843cf2e271b1629c/build/elf/rtld-libc.a(rtld-profil.os)
 .data          0x0000000000001050        0x0 /home/luyaohan1001/Projects/hack_linux_v5.15/buildroot-2022.02.8/output/build/glibc-2.34-109-gd64b08d5ba7ffbc9155630f4843cf2e271b1629c/build/elf/rtld-libc.a(rtld-prof-freq.os)
 .data          0x0000000000001050        0x0 /home/luyaohan1001/Projects/hack_linux_v5.15/buildroot-2022.02.8/output/build/glibc-2.34-109-gd64b08d5ba7ffbc9155630f4843cf2e271b1629c/build/elf/rtld-libc.a(rtld-stat64.os)
 .data          0x0000000000001050        0x0 /home/luyaohan1001/Projects/hack_linux_v5.15/buildroot-2022.02.8/output/build/glibc-2.34-109-gd64b08d5ba7ffbc9155630f4843cf2e271b1629c/build/elf/rtld-libc.a(rtld-fstat64.os)
 .data          0x0000000000001050        0x0 /home/luyaohan1001/Projects/hack_linux_v5.15/buildroot-2022.02.8/output/build/glibc-2.34-109-gd64b08d5ba7ffbc9155630f4843cf2e271b1629c/build/elf/rtld-libc.a(rtld-lstat64.os)
 .data          0x0000000000001050        0x0 /home/luyaohan1001/Projects/hack_linux_v5.15/buildroot-2022.02.8/output/build/glibc-2.34-109-gd64b08d5ba7ffbc9155630f4843cf2e271b1629c/build/elf/rtld-libc.a(rtld-fstatat64.os)
 .data          0x0000000000001050        0x0 /home/luyaohan1001/Projects/hack_linux_v5.15/buildroot-2022.02.8/output/build/glibc-2.34-109-gd64b08d5ba7ffbc9155630f4843cf2e271b1629c/build/elf/rtld-libc.a(rtld-openat64.os)
 .data          0x0000000000001050        0x0 /home/luyaohan1001/Projects/hack_linux_v5.15/buildroot-2022.02.8/output/build/glibc-2.34-109-gd64b08d5ba7ffbc9155630f4843cf2e271b1629c/build/elf/rtld-libc.a(rtld-lseek64.os)
 .data          0x0000000000001050        0x0 /home/luyaohan1001/Projects/hack_linux_v5.15/buildroot-2022.02.8/output/build/glibc-2.34-109-gd64b08d5ba7ffbc9155630f4843cf2e271b1629c/build/elf/rtld-libc.a(rtld-access.os)
 .data          0x0000000000001050        0x0 /home/luyaohan1001/Projects/hack_linux_v5.15/buildroot-2022.02.8/output/build/glibc-2.34-109-gd64b08d5ba7ffbc9155630f4843cf2e271b1629c/build/elf/rtld-libc.a(rtld-close_nocancel.os)
 .data          0x0000000000001050        0x0 /home/luyaohan1001/Projects/hack_linux_v5.15/buildroot-2022.02.8/output/build/glibc-2.34-109-gd64b08d5ba7ffbc9155630f4843cf2e271b1629c/build/elf/rtld-libc.a(rtld-fcntl_nocancel.os)
 .data          0x0000000000001050        0x0 /home/luyaohan1001/Projects/hack_linux_v5.15/buildroot-2022.02.8/output/build/glibc-2.34-109-gd64b08d5ba7ffbc9155630f4843cf2e271b1629c/build/elf/rtld-libc.a(rtld-open64_nocancel.os)
 .data          0x0000000000001050        0x0 /home/luyaohan1001/Projects/hack_linux_v5.15/buildroot-2022.02.8/output/build/glibc-2.34-109-gd64b08d5ba7ffbc9155630f4843cf2e271b1629c/build/elf/rtld-libc.a(rtld-read_nocancel.os)
 .data          0x0000000000001050        0x0 /home/luyaohan1001/Projects/hack_linux_v5.15/buildroot-2022.02.8/output/build/glibc-2.34-109-gd64b08d5ba7ffbc9155630f4843cf2e271b1629c/build/elf/rtld-libc.a(rtld-pread64_nocancel.os)
 .data          0x0000000000001050        0x0 /home/luyaohan1001/Projects/hack_linux_v5.15/buildroot-2022.02.8/output/build/glibc-2.34-109-gd64b08d5ba7ffbc9155630f4843cf2e271b1629c/build/elf/rtld-libc.a(rtld-write_nocancel.os)
 .data          0x0000000000001050        0x0 /home/luyaohan1001/Projects/hack_linux_v5.15/buildroot-2022.02.8/output/build/glibc-2.34-109-gd64b08d5ba7ffbc9155630f4843cf2e271b1629c/build/elf/rtld-libc.a(rtld-scratch_buffer_set_array_size.os)
 .data          0x0000000000001050        0x0 /home/luyaohan1001/Projects/hack_linux_v5.15/buildroot-2022.02.8/output/build/glibc-2.34-109-gd64b08d5ba7ffbc9155630f4843cf2e271b1629c/build/elf/rtld-libc.a(rtld-mmap64.os)
 .data          0x0000000000001050        0x0 /home/luyaohan1001/Projects/hack_linux_v5.15/buildroot-2022.02.8/output/build/glibc-2.34-109-gd64b08d5ba7ffbc9155630f4843cf2e271b1629c/build/elf/rtld-libc.a(rtld-munmap.os)
 .data          0x0000000000001050        0x0 /home/luyaohan1001/Projects/hack_linux_v5.15/buildroot-2022.02.8/output/build/glibc-2.34-109-gd64b08d5ba7ffbc9155630f4843cf2e271b1629c/build/elf/rtld-libc.a(rtld-mprotect.os)
 .data          0x0000000000001050        0x0 /home/luyaohan1001/Projects/hack_linux_v5.15/buildroot-2022.02.8/output/build/glibc-2.34-109-gd64b08d5ba7ffbc9155630f4843cf2e271b1629c/build/elf/rtld-libc.a(rtld-lowlevellock.os)
 .data          0x0000000000001050        0x0 /home/luyaohan1001/Projects/hack_linux_v5.15/buildroot-2022.02.8/output/build/glibc-2.34-109-gd64b08d5ba7ffbc9155630f4843cf2e271b1629c/build/elf/rtld-libc.a(rtld-uname.os)
 .data          0x0000000000001050        0x0 /home/luyaohan1001/Projects/hack_linux_v5.15/buildroot-2022.02.8/output/build/glibc-2.34-109-gd64b08d5ba7ffbc9155630f4843cf2e271b1629c/build/elf/rtld-libc.a(rtld-_exit.os)
 .data          0x0000000000001050        0x0 /home/luyaohan1001/Projects/hack_linux_v5.15/buildroot-2022.02.8/output/build/glibc-2.34-109-gd64b08d5ba7ffbc9155630f4843cf2e271b1629c/build/elf/rtld-libc.a(rtld-getpid.os)
 .data          0x0000000000001050        0x0 /home/luyaohan1001/Projects/hack_linux_v5.15/buildroot-2022.02.8/output/build/glibc-2.34-109-gd64b08d5ba7ffbc9155630f4843cf2e271b1629c/build/elf/rtld-libc.a(rtld-environ.os)
 .data          0x0000000000001050        0x0 /home/luyaohan1001/Projects/hack_linux_v5.15/buildroot-2022.02.8/output/build/glibc-2.34-109-gd64b08d5ba7ffbc9155630f4843cf2e271b1629c/build/elf/rtld-libc.a(rtld-setjmp.os)
 .data          0x0000000000001050        0x0 /home/luyaohan1001/Projects/hack_linux_v5.15/buildroot-2022.02.8/output/build/glibc-2.34-109-gd64b08d5ba7ffbc9155630f4843cf2e271b1629c/build/elf/rtld-libc.a(rtld-__longjmp.os)
 .data          0x0000000000001050        0x0 /home/luyaohan1001/Projects/hack_linux_v5.15/buildroot-2022.02.8/output/build/glibc-2.34-109-gd64b08d5ba7ffbc9155630f4843cf2e271b1629c/build/elf/rtld-libc.a(rtld-sigaction.os)
 .data          0x0000000000001050        0x0 /home/luyaohan1001/Projects/hack_linux_v5.15/buildroot-2022.02.8/output/build/glibc-2.34-109-gd64b08d5ba7ffbc9155630f4843cf2e271b1629c/build/elf/rtld-libc.a(rtld-libc_sigaction.os)
 .data          0x0000000000001050        0x0 /home/luyaohan1001/Projects/hack_linux_v5.15/buildroot-2022.02.8/output/build/glibc-2.34-109-gd64b08d5ba7ffbc9155630f4843cf2e271b1629c/build/elf/rtld-libc.a(rtld-strdup.os)
 .data          0x0000000000001050        0x0 /home/luyaohan1001/Projects/hack_linux_v5.15/buildroot-2022.02.8/output/build/glibc-2.34-109-gd64b08d5ba7ffbc9155630f4843cf2e271b1629c/build/elf/rtld-libc.a(rtld-strcmp-sse2.os)
 .data          0x0000000000001050        0x0 /home/luyaohan1001/Projects/hack_linux_v5.15/buildroot-2022.02.8/output/build/glibc-2.34-109-gd64b08d5ba7ffbc9155630f4843cf2e271b1629c/build/elf/rtld-libc.a(rtld-strncmp-sse2.os)
 .data          0x0000000000001050        0x0 /home/luyaohan1001/Projects/hack_linux_v5.15/buildroot-2022.02.8/output/build/glibc-2.34-109-gd64b08d5ba7ffbc9155630f4843cf2e271b1629c/build/elf/rtld-libc.a(rtld-memchr-sse2.os)
 .data          0x0000000000001050        0x0 /home/luyaohan1001/Projects/hack_linux_v5.15/buildroot-2022.02.8/output/build/glibc-2.34-109-gd64b08d5ba7ffbc9155630f4843cf2e271b1629c/build/elf/rtld-libc.a(rtld-rawmemchr-sse2.os)
 .data          0x0000000000001050        0x0 /home/luyaohan1001/Projects/hack_linux_v5.15/buildroot-2022.02.8/output/build/glibc-2.34-109-gd64b08d5ba7ffbc9155630f4843cf2e271b1629c/build/elf/rtld-libc.a(rtld-memcmp-sse2.os)
 .data          0x0000000000001050        0x0 /home/luyaohan1001/Projects/hack_linux_v5.15/buildroot-2022.02.8/output/build/glibc-2.34-109-gd64b08d5ba7ffbc9155630f4843cf2e271b1629c/build/elf/rtld-libc.a(rtld-strchr-sse2.os)
 .data          0x0000000000001050        0x0 /home/luyaohan1001/Projects/hack_linux_v5.15/buildroot-2022.02.8/output/build/glibc-2.34-109-gd64b08d5ba7ffbc9155630f4843cf2e271b1629c/build/elf/rtld-libc.a(rtld-strlen-sse2.os)
 .data          0x0000000000001050        0x0 /home/luyaohan1001/Projects/hack_linux_v5.15/buildroot-2022.02.8/output/build/glibc-2.34-109-gd64b08d5ba7ffbc9155630f4843cf2e271b1629c/build/elf/rtld-libc.a(rtld-strnlen-sse2.os)
 .data          0x0000000000001050        0x0 /home/luyaohan1001/Projects/hack_linux_v5.15/buildroot-2022.02.8/output/build/glibc-2.34-109-gd64b08d5ba7ffbc9155630f4843cf2e271b1629c/build/elf/rtld-libc.a(rtld-stpcpy-sse2.os)
 .data          0x0000000000001050        0x0 /home/luyaohan1001/Projects/hack_linux_v5.15/buildroot-2022.02.8/output/build/glibc-2.34-109-gd64b08d5ba7ffbc9155630f4843cf2e271b1629c/build/elf/rtld-libc.a(rtld-strcspn-sse2.os)
 .data          0x0000000000001050        0x0 /home/luyaohan1001/Projects/hack_linux_v5.15/buildroot-2022.02.8/output/build/glibc-2.34-109-gd64b08d5ba7ffbc9155630f4843cf2e271b1629c/build/elf/rtld-libc.a(rtld-memmove-sse2-unaligned-erms.os)
 .data          0x0000000000001050        0x0 /home/luyaohan1001/Projects/hack_linux_v5.15/buildroot-2022.02.8/output/build/glibc-2.34-109-gd64b08d5ba7ffbc9155630f4843cf2e271b1629c/build/elf/rtld-libc.a(rtld-memset-sse2-unaligned-erms.os)
 .data          0x0000000000001050        0x0 /home/luyaohan1001/Projects/hack_linux_v5.15/buildroot-2022.02.8/output/build/glibc-2.34-109-gd64b08d5ba7ffbc9155630f4843cf2e271b1629c/build/elf/rtld-libc.a(rtld-setitimer.os)

.data.rel.ro    0x0000000000000000     0x1288
 .data.rel.ro   0x0000000000000000     0x1288 /home/luyaohan1001/Projects/hack_linux_v5.15/buildroot-2022.02.8/output/build/glibc-2.34-109-gd64b08d5ba7ffbc9155630f4843cf2e271b1629c/build/elf/dl-allobjs.os
                0x0000000000000000                __rtld_search_dirs
                0x0000000000000030                __rtld_env_path_list
                0x0000000000000040                __stack_prot
                0x0000000000000e60                __x86_cpu_features_p
                0x0000000000000e68                __rtld_realloc
                0x0000000000000e70                __rtld_malloc
                0x0000000000000e78                __rtld_free
                0x0000000000000e80                __rtld_calloc
                0x0000000000000e88                ___rtld_mutex_unlock
                0x0000000000000e90                ___rtld_mutex_lock
                0x0000000000000e98                _dl_random
                0x0000000000000ea0                __libc_stack_end
                0x0000000000000ea0                __GI___libc_stack_end
                0x0000000000000ea8                __GI___libc_enable_secure
                0x0000000000000ea8                __libc_enable_secure
                0x0000000000000ed0                __pointer_chk_guard_local
                0x0000000000000ed8                _dl_skip_args
                0x0000000000000ee0                __GI__dl_argv
                0x0000000000000ee0                _dl_argv
                0x0000000000000ee8                _dl_argc
                0x0000000000000f00                _rtld_global_ro
                0x0000000000000f00                _rtld_local_ro

.data1
 *(.data1)

.bss            0x0000000000000000      0x1b8
 *(.bss)
 .bss           0x0000000000000000      0x180 /home/luyaohan1001/Projects/hack_linux_v5.15/buildroot-2022.02.8/output/build/glibc-2.34-109-gd64b08d5ba7ffbc9155630f4843cf2e271b1629c/build/elf/dl-allobjs.os
                0x0000000000000020                _r_debug
                0x0000000000000098                __nptl_initial_report_events
                0x0000000000000098                __GI___nptl_initial_report_events
                0x00000000000000e0                _dl_hwcaps_priorities_length
                0x00000000000000e8                _dl_hwcaps_priorities
                0x0000000000000178                __curbrk
 .bss           0x0000000000000180        0x0 /home/luyaohan1001/Projects/hack_linux_v5.15/buildroot-2022.02.8/output/build/glibc-2.34-109-gd64b08d5ba7ffbc9155630f4843cf2e271b1629c/build/elf/rtld-libc.a(rtld-check_fds.os)
 .bss           0x0000000000000180        0x4 /home/luyaohan1001/Projects/hack_linux_v5.15/buildroot-2022.02.8/output/build/glibc-2.34-109-gd64b08d5ba7ffbc9155630f4843cf2e271b1629c/build/elf/rtld-libc.a(rtld-errno.os)
                0x0000000000000180                rtld_errno
 .bss           0x0000000000000184        0x0 /home/luyaohan1001/Projects/hack_linux_v5.15/buildroot-2022.02.8/output/build/glibc-2.34-109-gd64b08d5ba7ffbc9155630f4843cf2e271b1629c/build/elf/rtld-libc.a(rtld-closedir.os)
 .bss           0x0000000000000184        0x0 /home/luyaohan1001/Projects/hack_linux_v5.15/buildroot-2022.02.8/output/build/glibc-2.34-109-gd64b08d5ba7ffbc9155630f4843cf2e271b1629c/build/elf/rtld-libc.a(rtld-rewinddir.os)
 .bss           0x0000000000000184        0x0 /home/luyaohan1001/Projects/hack_linux_v5.15/buildroot-2022.02.8/output/build/glibc-2.34-109-gd64b08d5ba7ffbc9155630f4843cf2e271b1629c/build/elf/rtld-libc.a(rtld-readdir64.os)
 .bss           0x0000000000000184        0x0 /home/luyaohan1001/Projects/hack_linux_v5.15/buildroot-2022.02.8/output/build/glibc-2.34-109-gd64b08d5ba7ffbc9155630f4843cf2e271b1629c/build/elf/rtld-libc.a(rtld-fdopendir.os)
 .bss           0x0000000000000184        0x0 /home/luyaohan1001/Projects/hack_linux_v5.15/buildroot-2022.02.8/output/build/glibc-2.34-109-gd64b08d5ba7ffbc9155630f4843cf2e271b1629c/build/elf/rtld-libc.a(rtld-getdents64.os)
 .bss           0x0000000000000184        0x0 /home/luyaohan1001/Projects/hack_linux_v5.15/buildroot-2022.02.8/output/build/glibc-2.34-109-gd64b08d5ba7ffbc9155630f4843cf2e271b1629c/build/elf/rtld-libc.a(rtld-dl-addr-obj.os)
 *fill*         0x0000000000000184        0x4 
 .bss           0x0000000000000188       0x20 /home/luyaohan1001/Projects/hack_linux_v5.15/buildroot-2022.02.8/output/build/glibc-2.34-109-gd64b08d5ba7ffbc9155630f4843cf2e271b1629c/build/elf/rtld-libc.a(rtld-profil.os)
 .bss           0x00000000000001a8        0x0 /home/luyaohan1001/Projects/hack_linux_v5.15/buildroot-2022.02.8/output/build/glibc-2.34-109-gd64b08d5ba7ffbc9155630f4843cf2e271b1629c/build/elf/rtld-libc.a(rtld-prof-freq.os)
 .bss           0x00000000000001a8        0x0 /home/luyaohan1001/Projects/hack_linux_v5.15/buildroot-2022.02.8/output/build/glibc-2.34-109-gd64b08d5ba7ffbc9155630f4843cf2e271b1629c/build/elf/rtld-libc.a(rtld-stat64.os)
 .bss           0x00000000000001a8        0x0 /home/luyaohan1001/Projects/hack_linux_v5.15/buildroot-2022.02.8/output/build/glibc-2.34-109-gd64b08d5ba7ffbc9155630f4843cf2e271b1629c/build/elf/rtld-libc.a(rtld-fstat64.os)
 .bss           0x00000000000001a8        0x0 /home/luyaohan1001/Projects/hack_linux_v5.15/buildroot-2022.02.8/output/build/glibc-2.34-109-gd64b08d5ba7ffbc9155630f4843cf2e271b1629c/build/elf/rtld-libc.a(rtld-lstat64.os)
 .bss           0x00000000000001a8        0x0 /home/luyaohan1001/Projects/hack_linux_v5.15/buildroot-2022.02.8/output/build/glibc-2.34-109-gd64b08d5ba7ffbc9155630f4843cf2e271b1629c/build/elf/rtld-libc.a(rtld-fstatat64.os)
 .bss           0x00000000000001a8        0x0 /home/luyaohan1001/Projects/hack_linux_v5.15/buildroot-2022.02.8/output/build/glibc-2.34-109-gd64b08d5ba7ffbc9155630f4843cf2e271b1629c/build/elf/rtld-libc.a(rtld-openat64.os)
 .bss           0x00000000000001a8        0x0 /home/luyaohan1001/Projects/hack_linux_v5.15/buildroot-2022.02.8/output/build/glibc-2.34-109-gd64b08d5ba7ffbc9155630f4843cf2e271b1629c/build/elf/rtld-libc.a(rtld-lseek64.os)
 .bss           0x00000000000001a8        0x0 /home/luyaohan1001/Projects/hack_linux_v5.15/buildroot-2022.02.8/output/build/glibc-2.34-109-gd64b08d5ba7ffbc9155630f4843cf2e271b1629c/build/elf/rtld-libc.a(rtld-access.os)
 .bss           0x00000000000001a8        0x0 /home/luyaohan1001/Projects/hack_linux_v5.15/buildroot-2022.02.8/output/build/glibc-2.34-109-gd64b08d5ba7ffbc9155630f4843cf2e271b1629c/build/elf/rtld-libc.a(rtld-close_nocancel.os)
 .bss           0x00000000000001a8        0x0 /home/luyaohan1001/Projects/hack_linux_v5.15/buildroot-2022.02.8/output/build/glibc-2.34-109-gd64b08d5ba7ffbc9155630f4843cf2e271b1629c/build/elf/rtld-libc.a(rtld-fcntl_nocancel.os)
 .bss           0x00000000000001a8        0x0 /home/luyaohan1001/Projects/hack_linux_v5.15/buildroot-2022.02.8/output/build/glibc-2.34-109-gd64b08d5ba7ffbc9155630f4843cf2e271b1629c/build/elf/rtld-libc.a(rtld-open64_nocancel.os)
 .bss           0x00000000000001a8        0x0 /home/luyaohan1001/Projects/hack_linux_v5.15/buildroot-2022.02.8/output/build/glibc-2.34-109-gd64b08d5ba7ffbc9155630f4843cf2e271b1629c/build/elf/rtld-libc.a(rtld-read_nocancel.os)
 .bss           0x00000000000001a8        0x0 /home/luyaohan1001/Projects/hack_linux_v5.15/buildroot-2022.02.8/output/build/glibc-2.34-109-gd64b08d5ba7ffbc9155630f4843cf2e271b1629c/build/elf/rtld-libc.a(rtld-pread64_nocancel.os)
 .bss           0x00000000000001a8        0x0 /home/luyaohan1001/Projects/hack_linux_v5.15/buildroot-2022.02.8/output/build/glibc-2.34-109-gd64b08d5ba7ffbc9155630f4843cf2e271b1629c/build/elf/rtld-libc.a(rtld-write_nocancel.os)
 .bss           0x00000000000001a8        0x0 /home/luyaohan1001/Projects/hack_linux_v5.15/buildroot-2022.02.8/output/build/glibc-2.34-109-gd64b08d5ba7ffbc9155630f4843cf2e271b1629c/build/elf/rtld-libc.a(rtld-scratch_buffer_set_array_size.os)
 .bss           0x00000000000001a8        0x0 /home/luyaohan1001/Projects/hack_linux_v5.15/buildroot-2022.02.8/output/build/glibc-2.34-109-gd64b08d5ba7ffbc9155630f4843cf2e271b1629c/build/elf/rtld-libc.a(rtld-mmap64.os)
 .bss           0x00000000000001a8        0x0 /home/luyaohan1001/Projects/hack_linux_v5.15/buildroot-2022.02.8/output/build/glibc-2.34-109-gd64b08d5ba7ffbc9155630f4843cf2e271b1629c/build/elf/rtld-libc.a(rtld-munmap.os)
 .bss           0x00000000000001a8        0x0 /home/luyaohan1001/Projects/hack_linux_v5.15/buildroot-2022.02.8/output/build/glibc-2.34-109-gd64b08d5ba7ffbc9155630f4843cf2e271b1629c/build/elf/rtld-libc.a(rtld-mprotect.os)
 .bss           0x00000000000001a8        0x4 /home/luyaohan1001/Projects/hack_linux_v5.15/buildroot-2022.02.8/output/build/glibc-2.34-109-gd64b08d5ba7ffbc9155630f4843cf2e271b1629c/build/elf/rtld-libc.a(rtld-lowlevellock.os)
                0x00000000000001a8                __pthread_force_elision
 .bss           0x00000000000001ac        0x0 /home/luyaohan1001/Projects/hack_linux_v5.15/buildroot-2022.02.8/output/build/glibc-2.34-109-gd64b08d5ba7ffbc9155630f4843cf2e271b1629c/build/elf/rtld-libc.a(rtld-uname.os)
 .bss           0x00000000000001ac        0x0 /home/luyaohan1001/Projects/hack_linux_v5.15/buildroot-2022.02.8/output/build/glibc-2.34-109-gd64b08d5ba7ffbc9155630f4843cf2e271b1629c/build/elf/rtld-libc.a(rtld-_exit.os)
 .bss           0x00000000000001ac        0x0 /home/luyaohan1001/Projects/hack_linux_v5.15/buildroot-2022.02.8/output/build/glibc-2.34-109-gd64b08d5ba7ffbc9155630f4843cf2e271b1629c/build/elf/rtld-libc.a(rtld-getpid.os)
 *fill*         0x00000000000001ac        0x4 
 .bss           0x00000000000001b0        0x8 /home/luyaohan1001/Projects/hack_linux_v5.15/buildroot-2022.02.8/output/build/glibc-2.34-109-gd64b08d5ba7ffbc9155630f4843cf2e271b1629c/build/elf/rtld-libc.a(rtld-environ.os)
                0x00000000000001b0                _environ
                0x00000000000001b0                __environ
                0x00000000000001b0                environ
 .bss           0x00000000000001b8        0x0 /home/luyaohan1001/Projects/hack_linux_v5.15/buildroot-2022.02.8/output/build/glibc-2.34-109-gd64b08d5ba7ffbc9155630f4843cf2e271b1629c/build/elf/rtld-libc.a(rtld-setjmp.os)
 .bss           0x00000000000001b8        0x0 /home/luyaohan1001/Projects/hack_linux_v5.15/buildroot-2022.02.8/output/build/glibc-2.34-109-gd64b08d5ba7ffbc9155630f4843cf2e271b1629c/build/elf/rtld-libc.a(rtld-__longjmp.os)
 .bss           0x00000000000001b8        0x0 /home/luyaohan1001/Projects/hack_linux_v5.15/buildroot-2022.02.8/output/build/glibc-2.34-109-gd64b08d5ba7ffbc9155630f4843cf2e271b1629c/build/elf/rtld-libc.a(rtld-sigaction.os)
 .bss           0x00000000000001b8        0x0 /home/luyaohan1001/Projects/hack_linux_v5.15/buildroot-2022.02.8/output/build/glibc-2.34-109-gd64b08d5ba7ffbc9155630f4843cf2e271b1629c/build/elf/rtld-libc.a(rtld-libc_sigaction.os)
 .bss           0x00000000000001b8        0x0 /home/luyaohan1001/Projects/hack_linux_v5.15/buildroot-2022.02.8/output/build/glibc-2.34-109-gd64b08d5ba7ffbc9155630f4843cf2e271b1629c/build/elf/rtld-libc.a(rtld-strdup.os)
 .bss           0x00000000000001b8        0x0 /home/luyaohan1001/Projects/hack_linux_v5.15/buildroot-2022.02.8/output/build/glibc-2.34-109-gd64b08d5ba7ffbc9155630f4843cf2e271b1629c/build/elf/rtld-libc.a(rtld-strcmp-sse2.os)
 .bss           0x00000000000001b8        0x0 /home/luyaohan1001/Projects/hack_linux_v5.15/buildroot-2022.02.8/output/build/glibc-2.34-109-gd64b08d5ba7ffbc9155630f4843cf2e271b1629c/build/elf/rtld-libc.a(rtld-strncmp-sse2.os)
 .bss           0x00000000000001b8        0x0 /home/luyaohan1001/Projects/hack_linux_v5.15/buildroot-2022.02.8/output/build/glibc-2.34-109-gd64b08d5ba7ffbc9155630f4843cf2e271b1629c/build/elf/rtld-libc.a(rtld-memchr-sse2.os)
 .bss           0x00000000000001b8        0x0 /home/luyaohan1001/Projects/hack_linux_v5.15/buildroot-2022.02.8/output/build/glibc-2.34-109-gd64b08d5ba7ffbc9155630f4843cf2e271b1629c/build/elf/rtld-libc.a(rtld-rawmemchr-sse2.os)
 .bss           0x00000000000001b8        0x0 /home/luyaohan1001/Projects/hack_linux_v5.15/buildroot-2022.02.8/output/build/glibc-2.34-109-gd64b08d5ba7ffbc9155630f4843cf2e271b1629c/build/elf/rtld-libc.a(rtld-memcmp-sse2.os)
 .bss           0x00000000000001b8        0x0 /home/luyaohan1001/Projects/hack_linux_v5.15/buildroot-2022.02.8/output/build/glibc-2.34-109-gd64b08d5ba7ffbc9155630f4843cf2e271b1629c/build/elf/rtld-libc.a(rtld-strchr-sse2.os)
 .bss           0x00000000000001b8        0x0 /home/luyaohan1001/Projects/hack_linux_v5.15/buildroot-2022.02.8/output/build/glibc-2.34-109-gd64b08d5ba7ffbc9155630f4843cf2e271b1629c/build/elf/rtld-libc.a(rtld-strlen-sse2.os)
 .bss           0x00000000000001b8        0x0 /home/luyaohan1001/Projects/hack_linux_v5.15/buildroot-2022.02.8/output/build/glibc-2.34-109-gd64b08d5ba7ffbc9155630f4843cf2e271b1629c/build/elf/rtld-libc.a(rtld-strnlen-sse2.os)
 .bss           0x00000000000001b8        0x0 /home/luyaohan1001/Projects/hack_linux_v5.15/buildroot-2022.02.8/output/build/glibc-2.34-109-gd64b08d5ba7ffbc9155630f4843cf2e271b1629c/build/elf/rtld-libc.a(rtld-stpcpy-sse2.os)
 .bss           0x00000000000001b8        0x0 /home/luyaohan1001/Projects/hack_linux_v5.15/buildroot-2022.02.8/output/build/glibc-2.34-109-gd64b08d5ba7ffbc9155630f4843cf2e271b1629c/build/elf/rtld-libc.a(rtld-strcspn-sse2.os)
 .bss           0x00000000000001b8        0x0 /home/luyaohan1001/Projects/hack_linux_v5.15/buildroot-2022.02.8/output/build/glibc-2.34-109-gd64b08d5ba7ffbc9155630f4843cf2e271b1629c/build/elf/rtld-libc.a(rtld-memmove-sse2-unaligned-erms.os)
 .bss           0x00000000000001b8        0x0 /home/luyaohan1001/Projects/hack_linux_v5.15/buildroot-2022.02.8/output/build/glibc-2.34-109-gd64b08d5ba7ffbc9155630f4843cf2e271b1629c/build/elf/rtld-libc.a(rtld-memset-sse2-unaligned-erms.os)
 .bss           0x00000000000001b8        0x0 /home/luyaohan1001/Projects/hack_linux_v5.15/buildroot-2022.02.8/output/build/glibc-2.34-109-gd64b08d5ba7ffbc9155630f4843cf2e271b1629c/build/elf/rtld-libc.a(rtld-setitimer.os)

.lbss
 *(.lbss)

.lrodata
 *(.lrodata)

.ldata
 *(.ldata)

.stab
 *(.stab)

.stabstr
 *(.stabstr)

.stab.excl
 *(.stab.excl)

.stab.exclstr
 *(.stab.exclstr)

.stab.index
 *(.stab.index)

.stab.indexstr
 *(.stab.indexstr)

.comment        0x0000000000000000      0xd9b
 *(.comment)
 .comment       0x0000000000000000      0x83b /home/luyaohan1001/Projects/hack_linux_v5.15/buildroot-2022.02.8/output/build/glibc-2.34-109-gd64b08d5ba7ffbc9155630f4843cf2e271b1629c/build/elf/dl-allobjs.os
 .comment       0x000000000000083b       0x2b /home/luyaohan1001/Projects/hack_linux_v5.15/buildroot-2022.02.8/output/build/glibc-2.34-109-gd64b08d5ba7ffbc9155630f4843cf2e271b1629c/build/elf/rtld-libc.a(rtld-check_fds.os)
 .comment       0x0000000000000866       0x2b /home/luyaohan1001/Projects/hack_linux_v5.15/buildroot-2022.02.8/output/build/glibc-2.34-109-gd64b08d5ba7ffbc9155630f4843cf2e271b1629c/build/elf/rtld-libc.a(rtld-errno.os)
 .comment       0x0000000000000891       0x2b /home/luyaohan1001/Projects/hack_linux_v5.15/buildroot-2022.02.8/output/build/glibc-2.34-109-gd64b08d5ba7ffbc9155630f4843cf2e271b1629c/build/elf/rtld-libc.a(rtld-closedir.os)
 .comment       0x00000000000008bc       0x2b /home/luyaohan1001/Projects/hack_linux_v5.15/buildroot-2022.02.8/output/build/glibc-2.34-109-gd64b08d5ba7ffbc9155630f4843cf2e271b1629c/build/elf/rtld-libc.a(rtld-rewinddir.os)
 .comment       0x00000000000008e7       0x2b /home/luyaohan1001/Projects/hack_linux_v5.15/buildroot-2022.02.8/output/build/glibc-2.34-109-gd64b08d5ba7ffbc9155630f4843cf2e271b1629c/build/elf/rtld-libc.a(rtld-readdir64.os)
 .comment       0x0000000000000912       0x2b /home/luyaohan1001/Projects/hack_linux_v5.15/buildroot-2022.02.8/output/build/glibc-2.34-109-gd64b08d5ba7ffbc9155630f4843cf2e271b1629c/build/elf/rtld-libc.a(rtld-fdopendir.os)
 .comment       0x000000000000093d       0x2b /home/luyaohan1001/Projects/hack_linux_v5.15/buildroot-2022.02.8/output/build/glibc-2.34-109-gd64b08d5ba7ffbc9155630f4843cf2e271b1629c/build/elf/rtld-libc.a(rtld-getdents64.os)
 .comment       0x0000000000000968       0x2b /home/luyaohan1001/Projects/hack_linux_v5.15/buildroot-2022.02.8/output/build/glibc-2.34-109-gd64b08d5ba7ffbc9155630f4843cf2e271b1629c/build/elf/rtld-libc.a(rtld-dl-addr-obj.os)
 .comment       0x0000000000000993       0x2b /home/luyaohan1001/Projects/hack_linux_v5.15/buildroot-2022.02.8/output/build/glibc-2.34-109-gd64b08d5ba7ffbc9155630f4843cf2e271b1629c/build/elf/rtld-libc.a(rtld-profil.os)
 .comment       0x00000000000009be       0x2b /home/luyaohan1001/Projects/hack_linux_v5.15/buildroot-2022.02.8/output/build/glibc-2.34-109-gd64b08d5ba7ffbc9155630f4843cf2e271b1629c/build/elf/rtld-libc.a(rtld-prof-freq.os)
 .comment       0x00000000000009e9       0x2b /home/luyaohan1001/Projects/hack_linux_v5.15/buildroot-2022.02.8/output/build/glibc-2.34-109-gd64b08d5ba7ffbc9155630f4843cf2e271b1629c/build/elf/rtld-libc.a(rtld-stat64.os)
 .comment       0x0000000000000a14       0x2b /home/luyaohan1001/Projects/hack_linux_v5.15/buildroot-2022.02.8/output/build/glibc-2.34-109-gd64b08d5ba7ffbc9155630f4843cf2e271b1629c/build/elf/rtld-libc.a(rtld-fstat64.os)
 .comment       0x0000000000000a3f       0x2b /home/luyaohan1001/Projects/hack_linux_v5.15/buildroot-2022.02.8/output/build/glibc-2.34-109-gd64b08d5ba7ffbc9155630f4843cf2e271b1629c/build/elf/rtld-libc.a(rtld-lstat64.os)
 .comment       0x0000000000000a6a       0x2b /home/luyaohan1001/Projects/hack_linux_v5.15/buildroot-2022.02.8/output/build/glibc-2.34-109-gd64b08d5ba7ffbc9155630f4843cf2e271b1629c/build/elf/rtld-libc.a(rtld-fstatat64.os)
 .comment       0x0000000000000a95       0x2b /home/luyaohan1001/Projects/hack_linux_v5.15/buildroot-2022.02.8/output/build/glibc-2.34-109-gd64b08d5ba7ffbc9155630f4843cf2e271b1629c/build/elf/rtld-libc.a(rtld-openat64.os)
 .comment       0x0000000000000ac0       0x2b /home/luyaohan1001/Projects/hack_linux_v5.15/buildroot-2022.02.8/output/build/glibc-2.34-109-gd64b08d5ba7ffbc9155630f4843cf2e271b1629c/build/elf/rtld-libc.a(rtld-lseek64.os)
 .comment       0x0000000000000aeb       0x2b /home/luyaohan1001/Projects/hack_linux_v5.15/buildroot-2022.02.8/output/build/glibc-2.34-109-gd64b08d5ba7ffbc9155630f4843cf2e271b1629c/build/elf/rtld-libc.a(rtld-access.os)
 .comment       0x0000000000000b16       0x2b /home/luyaohan1001/Projects/hack_linux_v5.15/buildroot-2022.02.8/output/build/glibc-2.34-109-gd64b08d5ba7ffbc9155630f4843cf2e271b1629c/build/elf/rtld-libc.a(rtld-close_nocancel.os)
 .comment       0x0000000000000b41       0x2b /home/luyaohan1001/Projects/hack_linux_v5.15/buildroot-2022.02.8/output/build/glibc-2.34-109-gd64b08d5ba7ffbc9155630f4843cf2e271b1629c/build/elf/rtld-libc.a(rtld-fcntl_nocancel.os)
 .comment       0x0000000000000b6c       0x2b /home/luyaohan1001/Projects/hack_linux_v5.15/buildroot-2022.02.8/output/build/glibc-2.34-109-gd64b08d5ba7ffbc9155630f4843cf2e271b1629c/build/elf/rtld-libc.a(rtld-open64_nocancel.os)
 .comment       0x0000000000000b97       0x2b /home/luyaohan1001/Projects/hack_linux_v5.15/buildroot-2022.02.8/output/build/glibc-2.34-109-gd64b08d5ba7ffbc9155630f4843cf2e271b1629c/build/elf/rtld-libc.a(rtld-read_nocancel.os)
 .comment       0x0000000000000bc2       0x2b /home/luyaohan1001/Projects/hack_linux_v5.15/buildroot-2022.02.8/output/build/glibc-2.34-109-gd64b08d5ba7ffbc9155630f4843cf2e271b1629c/build/elf/rtld-libc.a(rtld-pread64_nocancel.os)
 .comment       0x0000000000000bed       0x2b /home/luyaohan1001/Projects/hack_linux_v5.15/buildroot-2022.02.8/output/build/glibc-2.34-109-gd64b08d5ba7ffbc9155630f4843cf2e271b1629c/build/elf/rtld-libc.a(rtld-write_nocancel.os)
 .comment       0x0000000000000c18       0x2b /home/luyaohan1001/Projects/hack_linux_v5.15/buildroot-2022.02.8/output/build/glibc-2.34-109-gd64b08d5ba7ffbc9155630f4843cf2e271b1629c/build/elf/rtld-libc.a(rtld-scratch_buffer_set_array_size.os)
 .comment       0x0000000000000c43       0x2b /home/luyaohan1001/Projects/hack_linux_v5.15/buildroot-2022.02.8/output/build/glibc-2.34-109-gd64b08d5ba7ffbc9155630f4843cf2e271b1629c/build/elf/rtld-libc.a(rtld-mmap64.os)
 .comment       0x0000000000000c6e       0x2b /home/luyaohan1001/Projects/hack_linux_v5.15/buildroot-2022.02.8/output/build/glibc-2.34-109-gd64b08d5ba7ffbc9155630f4843cf2e271b1629c/build/elf/rtld-libc.a(rtld-lowlevellock.os)
 .comment       0x0000000000000c99       0x2b /home/luyaohan1001/Projects/hack_linux_v5.15/buildroot-2022.02.8/output/build/glibc-2.34-109-gd64b08d5ba7ffbc9155630f4843cf2e271b1629c/build/elf/rtld-libc.a(rtld-_exit.os)
 .comment       0x0000000000000cc4       0x2b /home/luyaohan1001/Projects/hack_linux_v5.15/buildroot-2022.02.8/output/build/glibc-2.34-109-gd64b08d5ba7ffbc9155630f4843cf2e271b1629c/build/elf/rtld-libc.a(rtld-environ.os)
 .comment       0x0000000000000cef       0x2b /home/luyaohan1001/Projects/hack_linux_v5.15/buildroot-2022.02.8/output/build/glibc-2.34-109-gd64b08d5ba7ffbc9155630f4843cf2e271b1629c/build/elf/rtld-libc.a(rtld-sigaction.os)
 .comment       0x0000000000000d1a       0x2b /home/luyaohan1001/Projects/hack_linux_v5.15/buildroot-2022.02.8/output/build/glibc-2.34-109-gd64b08d5ba7ffbc9155630f4843cf2e271b1629c/build/elf/rtld-libc.a(rtld-libc_sigaction.os)
 .comment       0x0000000000000d45       0x2b /home/luyaohan1001/Projects/hack_linux_v5.15/buildroot-2022.02.8/output/build/glibc-2.34-109-gd64b08d5ba7ffbc9155630f4843cf2e271b1629c/build/elf/rtld-libc.a(rtld-strdup.os)
 .comment       0x0000000000000d70       0x2b /home/luyaohan1001/Projects/hack_linux_v5.15/buildroot-2022.02.8/output/build/glibc-2.34-109-gd64b08d5ba7ffbc9155630f4843cf2e271b1629c/build/elf/rtld-libc.a(rtld-setitimer.os)

.note.GNU-stack
                0x0000000000000000        0x0
 .note.GNU-stack
                0x0000000000000000        0x0 /home/luyaohan1001/Projects/hack_linux_v5.15/buildroot-2022.02.8/output/build/glibc-2.34-109-gd64b08d5ba7ffbc9155630f4843cf2e271b1629c/build/elf/dl-allobjs.os
 .note.GNU-stack
                0x0000000000000000        0x0 /home/luyaohan1001/Projects/hack_linux_v5.15/buildroot-2022.02.8/output/build/glibc-2.34-109-gd64b08d5ba7ffbc9155630f4843cf2e271b1629c/build/elf/rtld-libc.a(rtld-check_fds.os)
 .note.GNU-stack
                0x0000000000000000        0x0 /home/luyaohan1001/Projects/hack_linux_v5.15/buildroot-2022.02.8/output/build/glibc-2.34-109-gd64b08d5ba7ffbc9155630f4843cf2e271b1629c/build/elf/rtld-libc.a(rtld-errno.os)
 .note.GNU-stack
                0x0000000000000000        0x0 /home/luyaohan1001/Projects/hack_linux_v5.15/buildroot-2022.02.8/output/build/glibc-2.34-109-gd64b08d5ba7ffbc9155630f4843cf2e271b1629c/build/elf/rtld-libc.a(rtld-closedir.os)
 .note.GNU-stack
                0x0000000000000000        0x0 /home/luyaohan1001/Projects/hack_linux_v5.15/buildroot-2022.02.8/output/build/glibc-2.34-109-gd64b08d5ba7ffbc9155630f4843cf2e271b1629c/build/elf/rtld-libc.a(rtld-rewinddir.os)
 .note.GNU-stack
                0x0000000000000000        0x0 /home/luyaohan1001/Projects/hack_linux_v5.15/buildroot-2022.02.8/output/build/glibc-2.34-109-gd64b08d5ba7ffbc9155630f4843cf2e271b1629c/build/elf/rtld-libc.a(rtld-readdir64.os)
 .note.GNU-stack
                0x0000000000000000        0x0 /home/luyaohan1001/Projects/hack_linux_v5.15/buildroot-2022.02.8/output/build/glibc-2.34-109-gd64b08d5ba7ffbc9155630f4843cf2e271b1629c/build/elf/rtld-libc.a(rtld-fdopendir.os)
 .note.GNU-stack
                0x0000000000000000        0x0 /home/luyaohan1001/Projects/hack_linux_v5.15/buildroot-2022.02.8/output/build/glibc-2.34-109-gd64b08d5ba7ffbc9155630f4843cf2e271b1629c/build/elf/rtld-libc.a(rtld-getdents64.os)
 .note.GNU-stack
                0x0000000000000000        0x0 /home/luyaohan1001/Projects/hack_linux_v5.15/buildroot-2022.02.8/output/build/glibc-2.34-109-gd64b08d5ba7ffbc9155630f4843cf2e271b1629c/build/elf/rtld-libc.a(rtld-dl-addr-obj.os)
 .note.GNU-stack
                0x0000000000000000        0x0 /home/luyaohan1001/Projects/hack_linux_v5.15/buildroot-2022.02.8/output/build/glibc-2.34-109-gd64b08d5ba7ffbc9155630f4843cf2e271b1629c/build/elf/rtld-libc.a(rtld-profil.os)
 .note.GNU-stack
                0x0000000000000000        0x0 /home/luyaohan1001/Projects/hack_linux_v5.15/buildroot-2022.02.8/output/build/glibc-2.34-109-gd64b08d5ba7ffbc9155630f4843cf2e271b1629c/build/elf/rtld-libc.a(rtld-prof-freq.os)
 .note.GNU-stack
                0x0000000000000000        0x0 /home/luyaohan1001/Projects/hack_linux_v5.15/buildroot-2022.02.8/output/build/glibc-2.34-109-gd64b08d5ba7ffbc9155630f4843cf2e271b1629c/build/elf/rtld-libc.a(rtld-stat64.os)
 .note.GNU-stack
                0x0000000000000000        0x0 /home/luyaohan1001/Projects/hack_linux_v5.15/buildroot-2022.02.8/output/build/glibc-2.34-109-gd64b08d5ba7ffbc9155630f4843cf2e271b1629c/build/elf/rtld-libc.a(rtld-fstat64.os)
 .note.GNU-stack
                0x0000000000000000        0x0 /home/luyaohan1001/Projects/hack_linux_v5.15/buildroot-2022.02.8/output/build/glibc-2.34-109-gd64b08d5ba7ffbc9155630f4843cf2e271b1629c/build/elf/rtld-libc.a(rtld-lstat64.os)
 .note.GNU-stack
                0x0000000000000000        0x0 /home/luyaohan1001/Projects/hack_linux_v5.15/buildroot-2022.02.8/output/build/glibc-2.34-109-gd64b08d5ba7ffbc9155630f4843cf2e271b1629c/build/elf/rtld-libc.a(rtld-fstatat64.os)
 .note.GNU-stack
                0x0000000000000000        0x0 /home/luyaohan1001/Projects/hack_linux_v5.15/buildroot-2022.02.8/output/build/glibc-2.34-109-gd64b08d5ba7ffbc9155630f4843cf2e271b1629c/build/elf/rtld-libc.a(rtld-openat64.os)
 .note.GNU-stack
                0x0000000000000000        0x0 /home/luyaohan1001/Projects/hack_linux_v5.15/buildroot-2022.02.8/output/build/glibc-2.34-109-gd64b08d5ba7ffbc9155630f4843cf2e271b1629c/build/elf/rtld-libc.a(rtld-lseek64.os)
 .note.GNU-stack
                0x0000000000000000        0x0 /home/luyaohan1001/Projects/hack_linux_v5.15/buildroot-2022.02.8/output/build/glibc-2.34-109-gd64b08d5ba7ffbc9155630f4843cf2e271b1629c/build/elf/rtld-libc.a(rtld-access.os)
 .note.GNU-stack
                0x0000000000000000        0x0 /home/luyaohan1001/Projects/hack_linux_v5.15/buildroot-2022.02.8/output/build/glibc-2.34-109-gd64b08d5ba7ffbc9155630f4843cf2e271b1629c/build/elf/rtld-libc.a(rtld-close_nocancel.os)
 .note.GNU-stack
                0x0000000000000000        0x0 /home/luyaohan1001/Projects/hack_linux_v5.15/buildroot-2022.02.8/output/build/glibc-2.34-109-gd64b08d5ba7ffbc9155630f4843cf2e271b1629c/build/elf/rtld-libc.a(rtld-fcntl_nocancel.os)
 .note.GNU-stack
                0x0000000000000000        0x0 /home/luyaohan1001/Projects/hack_linux_v5.15/buildroot-2022.02.8/output/build/glibc-2.34-109-gd64b08d5ba7ffbc9155630f4843cf2e271b1629c/build/elf/rtld-libc.a(rtld-open64_nocancel.os)
 .note.GNU-stack
                0x0000000000000000        0x0 /home/luyaohan1001/Projects/hack_linux_v5.15/buildroot-2022.02.8/output/build/glibc-2.34-109-gd64b08d5ba7ffbc9155630f4843cf2e271b1629c/build/elf/rtld-libc.a(rtld-read_nocancel.os)
 .note.GNU-stack
                0x0000000000000000        0x0 /home/luyaohan1001/Projects/hack_linux_v5.15/buildroot-2022.02.8/output/build/glibc-2.34-109-gd64b08d5ba7ffbc9155630f4843cf2e271b1629c/build/elf/rtld-libc.a(rtld-pread64_nocancel.os)
 .note.GNU-stack
                0x0000000000000000        0x0 /home/luyaohan1001/Projects/hack_linux_v5.15/buildroot-2022.02.8/output/build/glibc-2.34-109-gd64b08d5ba7ffbc9155630f4843cf2e271b1629c/build/elf/rtld-libc.a(rtld-write_nocancel.os)
 .note.GNU-stack
                0x0000000000000000        0x0 /home/luyaohan1001/Projects/hack_linux_v5.15/buildroot-2022.02.8/output/build/glibc-2.34-109-gd64b08d5ba7ffbc9155630f4843cf2e271b1629c/build/elf/rtld-libc.a(rtld-scratch_buffer_set_array_size.os)
 .note.GNU-stack
                0x0000000000000000        0x0 /home/luyaohan1001/Projects/hack_linux_v5.15/buildroot-2022.02.8/output/build/glibc-2.34-109-gd64b08d5ba7ffbc9155630f4843cf2e271b1629c/build/elf/rtld-libc.a(rtld-mmap64.os)
 .note.GNU-stack
                0x0000000000000000        0x0 /home/luyaohan1001/Projects/hack_linux_v5.15/buildroot-2022.02.8/output/build/glibc-2.34-109-gd64b08d5ba7ffbc9155630f4843cf2e271b1629c/build/elf/rtld-libc.a(rtld-munmap.os)
 .note.GNU-stack
                0x0000000000000000        0x0 /home/luyaohan1001/Projects/hack_linux_v5.15/buildroot-2022.02.8/output/build/glibc-2.34-109-gd64b08d5ba7ffbc9155630f4843cf2e271b1629c/build/elf/rtld-libc.a(rtld-mprotect.os)
 .note.GNU-stack
                0x0000000000000000        0x0 /home/luyaohan1001/Projects/hack_linux_v5.15/buildroot-2022.02.8/output/build/glibc-2.34-109-gd64b08d5ba7ffbc9155630f4843cf2e271b1629c/build/elf/rtld-libc.a(rtld-lowlevellock.os)
 .note.GNU-stack
                0x0000000000000000        0x0 /home/luyaohan1001/Projects/hack_linux_v5.15/buildroot-2022.02.8/output/build/glibc-2.34-109-gd64b08d5ba7ffbc9155630f4843cf2e271b1629c/build/elf/rtld-libc.a(rtld-uname.os)
 .note.GNU-stack
                0x0000000000000000        0x0 /home/luyaohan1001/Projects/hack_linux_v5.15/buildroot-2022.02.8/output/build/glibc-2.34-109-gd64b08d5ba7ffbc9155630f4843cf2e271b1629c/build/elf/rtld-libc.a(rtld-_exit.os)
 .note.GNU-stack
                0x0000000000000000        0x0 /home/luyaohan1001/Projects/hack_linux_v5.15/buildroot-2022.02.8/output/build/glibc-2.34-109-gd64b08d5ba7ffbc9155630f4843cf2e271b1629c/build/elf/rtld-libc.a(rtld-getpid.os)
 .note.GNU-stack
                0x0000000000000000        0x0 /home/luyaohan1001/Projects/hack_linux_v5.15/buildroot-2022.02.8/output/build/glibc-2.34-109-gd64b08d5ba7ffbc9155630f4843cf2e271b1629c/build/elf/rtld-libc.a(rtld-environ.os)
 .note.GNU-stack
                0x0000000000000000        0x0 /home/luyaohan1001/Projects/hack_linux_v5.15/buildroot-2022.02.8/output/build/glibc-2.34-109-gd64b08d5ba7ffbc9155630f4843cf2e271b1629c/build/elf/rtld-libc.a(rtld-setjmp.os)
 .note.GNU-stack
                0x0000000000000000        0x0 /home/luyaohan1001/Projects/hack_linux_v5.15/buildroot-2022.02.8/output/build/glibc-2.34-109-gd64b08d5ba7ffbc9155630f4843cf2e271b1629c/build/elf/rtld-libc.a(rtld-__longjmp.os)
 .note.GNU-stack
                0x0000000000000000        0x0 /home/luyaohan1001/Projects/hack_linux_v5.15/buildroot-2022.02.8/output/build/glibc-2.34-109-gd64b08d5ba7ffbc9155630f4843cf2e271b1629c/build/elf/rtld-libc.a(rtld-sigaction.os)
 .note.GNU-stack
                0x0000000000000000        0x0 /home/luyaohan1001/Projects/hack_linux_v5.15/buildroot-2022.02.8/output/build/glibc-2.34-109-gd64b08d5ba7ffbc9155630f4843cf2e271b1629c/build/elf/rtld-libc.a(rtld-libc_sigaction.os)
 .note.GNU-stack
                0x0000000000000000        0x0 /home/luyaohan1001/Projects/hack_linux_v5.15/buildroot-2022.02.8/output/build/glibc-2.34-109-gd64b08d5ba7ffbc9155630f4843cf2e271b1629c/build/elf/rtld-libc.a(rtld-strdup.os)
 .note.GNU-stack
                0x0000000000000000        0x0 /home/luyaohan1001/Projects/hack_linux_v5.15/buildroot-2022.02.8/output/build/glibc-2.34-109-gd64b08d5ba7ffbc9155630f4843cf2e271b1629c/build/elf/rtld-libc.a(rtld-strcmp-sse2.os)
 .note.GNU-stack
                0x0000000000000000        0x0 /home/luyaohan1001/Projects/hack_linux_v5.15/buildroot-2022.02.8/output/build/glibc-2.34-109-gd64b08d5ba7ffbc9155630f4843cf2e271b1629c/build/elf/rtld-libc.a(rtld-strncmp-sse2.os)
 .note.GNU-stack
                0x0000000000000000        0x0 /home/luyaohan1001/Projects/hack_linux_v5.15/buildroot-2022.02.8/output/build/glibc-2.34-109-gd64b08d5ba7ffbc9155630f4843cf2e271b1629c/build/elf/rtld-libc.a(rtld-memchr-sse2.os)
 .note.GNU-stack
                0x0000000000000000        0x0 /home/luyaohan1001/Projects/hack_linux_v5.15/buildroot-2022.02.8/output/build/glibc-2.34-109-gd64b08d5ba7ffbc9155630f4843cf2e271b1629c/build/elf/rtld-libc.a(rtld-rawmemchr-sse2.os)
 .note.GNU-stack
                0x0000000000000000        0x0 /home/luyaohan1001/Projects/hack_linux_v5.15/buildroot-2022.02.8/output/build/glibc-2.34-109-gd64b08d5ba7ffbc9155630f4843cf2e271b1629c/build/elf/rtld-libc.a(rtld-memcmp-sse2.os)
 .note.GNU-stack
                0x0000000000000000        0x0 /home/luyaohan1001/Projects/hack_linux_v5.15/buildroot-2022.02.8/output/build/glibc-2.34-109-gd64b08d5ba7ffbc9155630f4843cf2e271b1629c/build/elf/rtld-libc.a(rtld-strchr-sse2.os)
 .note.GNU-stack
                0x0000000000000000        0x0 /home/luyaohan1001/Projects/hack_linux_v5.15/buildroot-2022.02.8/output/build/glibc-2.34-109-gd64b08d5ba7ffbc9155630f4843cf2e271b1629c/build/elf/rtld-libc.a(rtld-strlen-sse2.os)
 .note.GNU-stack
                0x0000000000000000        0x0 /home/luyaohan1001/Projects/hack_linux_v5.15/buildroot-2022.02.8/output/build/glibc-2.34-109-gd64b08d5ba7ffbc9155630f4843cf2e271b1629c/build/elf/rtld-libc.a(rtld-strnlen-sse2.os)
 .note.GNU-stack
                0x0000000000000000        0x0 /home/luyaohan1001/Projects/hack_linux_v5.15/buildroot-2022.02.8/output/build/glibc-2.34-109-gd64b08d5ba7ffbc9155630f4843cf2e271b1629c/build/elf/rtld-libc.a(rtld-stpcpy-sse2.os)
 .note.GNU-stack
                0x0000000000000000        0x0 /home/luyaohan1001/Projects/hack_linux_v5.15/buildroot-2022.02.8/output/build/glibc-2.34-109-gd64b08d5ba7ffbc9155630f4843cf2e271b1629c/build/elf/rtld-libc.a(rtld-strcspn-sse2.os)
 .note.GNU-stack
                0x0000000000000000        0x0 /home/luyaohan1001/Projects/hack_linux_v5.15/buildroot-2022.02.8/output/build/glibc-2.34-109-gd64b08d5ba7ffbc9155630f4843cf2e271b1629c/build/elf/rtld-libc.a(rtld-memmove-sse2-unaligned-erms.os)
 .note.GNU-stack
                0x0000000000000000        0x0 /home/luyaohan1001/Projects/hack_linux_v5.15/buildroot-2022.02.8/output/build/glibc-2.34-109-gd64b08d5ba7ffbc9155630f4843cf2e271b1629c/build/elf/rtld-libc.a(rtld-memset-sse2-unaligned-erms.os)
 .note.GNU-stack