Archive member included to satisfy reference by file (symbol)

libbb/lib.a(appletlib.o)      /home/luyaohan1001/Projects/hack_linux_v5.15/buildroot-2022.02.8/output/host/x86_64-buildroot-linux-gnu/sysroot/usr/lib/../lib64/Scrt1.o (main)
libbb/lib.a(compare_string_array.o)
                              libbb/lib.a(appletlib.o) (is_prefixed_with)
libbb/lib.a(concat_path_file.o)
                              libbb/lib.a(appletlib.o) (concat_path_file)
libbb/lib.a(default_error_retval.o)
                              libbb/lib.a(appletlib.o) (xfunc_error_retval)
libbb/lib.a(get_last_path_component.o)
                              libbb/lib.a(appletlib.o) (bb_basename)
libbb/lib.a(last_char_is.o)   libbb/lib.a(concat_path_file.o) (last_char_is)
libbb/lib.a(messages.o)       libbb/lib.a(appletlib.o) (bb_busybox_exec_path)
libbb/lib.a(perror_msg.o)     libbb/lib.a(appletlib.o) (bb_simple_perror_msg)
libbb/lib.a(ptr_to_globals.o)
                              libbb/lib.a(appletlib.o) (bb_errno)
libbb/lib.a(verror_msg.o)     libbb/lib.a(perror_msg.o) (bb_verror_msg)
libbb/lib.a(xfunc_die.o)      libbb/lib.a(appletlib.o) (xfunc_die)
libbb/lib.a(xfuncs.o)         libbb/lib.a(appletlib.o) (full_write1_str)
libbb/lib.a(xfuncs_printf.o)  libbb/lib.a(verror_msg.o) (fflush_all)
libbb/lib.a(xreadlink.o)      libbb/lib.a(appletlib.o) (xmalloc_readlink)
libbb/lib.a(copyfd.o)         libbb/lib.a(xfuncs_printf.o) (bb_copyfd_eof)
libbb/lib.a(full_write.o)     libbb/lib.a(verror_msg.o) (full_write)
libbb/lib.a(read.o)           libbb/lib.a(copyfd.o) (safe_read)
libbb/lib.a(safe_write.o)     libbb/lib.a(full_write.o) (safe_write)
libbb/lib.a(signals.o)        libbb/lib.a(xfuncs_printf.o) (kill_myself_with_sig)
libbb/lib.a(time.o)           libbb/lib.a(xfuncs_printf.o) (monotonic_us)
libbb/lib.a(xgetcwd.o)        libbb/lib.a(xreadlink.o) (xrealloc_getcwd_or_warn)
libbb/lib.a(bb_strtonum.o)    libbb/lib.a(time.o) (bb_strtoll)
loginutils/lib.a(addgroup.o)  libbb/lib.a(appletlib.o) (addgroup_main)
loginutils/lib.a(adduser.o)   libbb/lib.a(appletlib.o) (adduser_main)
loginutils/lib.a(cryptpw.o)   libbb/lib.a(appletlib.o) (cryptpw_main)
loginutils/lib.a(deluser.o)   libbb/lib.a(appletlib.o) (deluser_main)
loginutils/lib.a(getty.o)     libbb/lib.a(appletlib.o) (getty_main)
loginutils/lib.a(login.o)     libbb/lib.a(appletlib.o) (login_main)
loginutils/lib.a(passwd.o)    libbb/lib.a(appletlib.o) (passwd_main)
loginutils/lib.a(su.o)        libbb/lib.a(appletlib.o) (su_main)
loginutils/lib.a(sulogin.o)   libbb/lib.a(appletlib.o) (sulogin_main)
loginutils/lib.a(vlock.o)     libbb/lib.a(appletlib.o) (vlock_main)
miscutils/lib.a(ascii.o)      libbb/lib.a(appletlib.o) (ascii_main)
miscutils/lib.a(bc.o)         libbb/lib.a(appletlib.o) (bc_main)
miscutils/lib.a(crond.o)      libbb/lib.a(appletlib.o) (crond_main)
miscutils/lib.a(crontab.o)    libbb/lib.a(appletlib.o) (crontab_main)
miscutils/lib.a(devmem.o)     libbb/lib.a(appletlib.o) (devmem_main)
miscutils/lib.a(hdparm.o)     libbb/lib.a(appletlib.o) (hdparm_main)
miscutils/lib.a(hexedit.o)    libbb/lib.a(appletlib.o) (hexedit_main)
miscutils/lib.a(i2c_tools.o)  libbb/lib.a(appletlib.o) (i2cget_main)
miscutils/lib.a(less.o)       libbb/lib.a(appletlib.o) (less_main)
miscutils/lib.a(lsscsi.o)     libbb/lib.a(appletlib.o) (lsscsi_main)
miscutils/lib.a(makedevs.o)   libbb/lib.a(appletlib.o) (makedevs_main)
miscutils/lib.a(microcom.o)   libbb/lib.a(appletlib.o) (microcom_main)
miscutils/lib.a(mt.o)         libbb/lib.a(appletlib.o) (mt_main)
miscutils/lib.a(partprobe.o)  libbb/lib.a(appletlib.o) (partprobe_main)
miscutils/lib.a(runlevel.o)   libbb/lib.a(appletlib.o) (runlevel_main)
miscutils/lib.a(setfattr.o)   libbb/lib.a(appletlib.o) (setfattr_main)
miscutils/lib.a(setserial.o)  libbb/lib.a(appletlib.o) (setserial_main)
miscutils/lib.a(strings.o)    libbb/lib.a(appletlib.o) (strings_main)
miscutils/lib.a(time.o)       libbb/lib.a(appletlib.o) (time_main)
miscutils/lib.a(ts.o)         libbb/lib.a(appletlib.o) (ts_main)
miscutils/lib.a(ubirename.o)  libbb/lib.a(appletlib.o) (ubirename_main)
miscutils/lib.a(watchdog.o)   libbb/lib.a(appletlib.o) (watchdog_main)
modutils/lib.a(insmod.o)      libbb/lib.a(appletlib.o) (insmod_main)
modutils/lib.a(lsmod.o)       libbb/lib.a(appletlib.o) (lsmod_main)
modutils/lib.a(modprobe.o)    libbb/lib.a(appletlib.o) (modprobe_main)
modutils/lib.a(modutils.o)    modutils/lib.a(modprobe.o) (replace)
modutils/lib.a(rmmod.o)       libbb/lib.a(appletlib.o) (rmmod_main)
networking/lib.a(arp.o)       libbb/lib.a(appletlib.o) (arp_main)
networking/lib.a(arping.o)    libbb/lib.a(appletlib.o) (arping_main)
networking/lib.a(dnsd.o)      libbb/lib.a(appletlib.o) (dnsd_main)
networking/lib.a(ether-wake.o)
                              libbb/lib.a(appletlib.o) (ether_wake_main)
networking/lib.a(hostname.o)  libbb/lib.a(appletlib.o) (hostname_main)
networking/lib.a(ifconfig.o)  libbb/lib.a(appletlib.o) (ifconfig_main)
[...]
Memory Configuration

Name             Origin             Length             Attributes
*default*        0x0000000000000000 0xffffffffffffffff

Linker script and memory map

LOAD /home/luyaohan1001/Projects/hack_linux_v5.15/buildroot-2022.02.8/output/host/x86_64-buildroot-linux-gnu/sysroot/usr/lib/../lib64/Scrt1.o
LOAD /home/luyaohan1001/Projects/hack_linux_v5.15/buildroot-2022.02.8/output/host/x86_64-buildroot-linux-gnu/sysroot/usr/lib/../lib64/crti.o
LOAD /home/luyaohan1001/Projects/hack_linux_v5.15/buildroot-2022.02.8/output/host/lib/gcc/x86_64-buildroot-linux-gnu/10.4.0/crtbeginS.o
START GROUP
LOAD applets/built-in.o
LOAD archival/lib.a
LOAD archival/libarchive/lib.a
LOAD console-tools/lib.a
LOAD coreutils/lib.a
LOAD coreutils/libcoreutils/lib.a
LOAD debianutils/lib.a
LOAD klibc-utils/lib.a
LOAD e2fsprogs/lib.a
LOAD editors/lib.a
LOAD findutils/lib.a
LOAD init/lib.a
LOAD libbb/lib.a
LOAD libpwdgrp/lib.a
LOAD loginutils/lib.a
LOAD mailutils/lib.a
LOAD miscutils/lib.a
LOAD modutils/lib.a
LOAD networking/lib.a
LOAD networking/libiproute/lib.a
LOAD networking/udhcp/lib.a
LOAD printutils/lib.a
LOAD procps/lib.a
LOAD runit/lib.a
LOAD selinux/lib.a
LOAD shell/lib.a
LOAD sysklogd/lib.a
LOAD util-linux/lib.a
LOAD util-linux/volume_id/lib.a
LOAD archival/built-in.o
LOAD archival/libarchive/built-in.o
LOAD console-tools/built-in.o
LOAD coreutils/built-in.o
LOAD coreutils/libcoreutils/built-in.o
LOAD debianutils/built-in.o
LOAD klibc-utils/built-in.o
LOAD e2fsprogs/built-in.o
LOAD editors/built-in.o
LOAD findutils/built-in.o
LOAD init/built-in.o
LOAD libbb/built-in.o
LOAD libpwdgrp/built-in.o
LOAD loginutils/built-in.o
LOAD mailutils/built-in.o
LOAD miscutils/built-in.o
LOAD modutils/built-in.o
LOAD networking/built-in.o
LOAD networking/libiproute/built-in.o
LOAD networking/udhcp/built-in.o
LOAD printutils/built-in.o
LOAD procps/built-in.o
LOAD runit/built-in.o
LOAD selinux/built-in.o
LOAD shell/built-in.o
LOAD sysklogd/built-in.o
LOAD util-linux/built-in.o
LOAD util-linux/volume_id/built-in.o
END GROUP
START GROUP
LOAD /home/luyaohan1001/Projects/hack_linux_v5.15/buildroot-2022.02.8/output/host/x86_64-buildroot-linux-gnu/sysroot/usr/lib/../lib64/libresolv.so
END GROUP
LOAD /home/luyaohan1001/Projects/hack_linux_v5.15/buildroot-2022.02.8/output/host/lib/gcc/x86_64-buildroot-linux-gnu/10.4.0/libgcc.a
LOAD /home/luyaohan1001/Projects/hack_linux_v5.15/buildroot-2022.02.8/output/host/lib/gcc/x86_64-buildroot-linux-gnu/10.4.0/libgcc_eh.a
LOAD /home/luyaohan1001/Projects/hack_linux_v5.15/buildroot-2022.02.8/output/host/x86_64-buildroot-linux-gnu/sysroot/usr/lib/../lib64/libc.so
START GROUP
LOAD /home/luyaohan1001/Projects/hack_linux_v5.15/buildroot-2022.02.8/output/host/x86_64-buildroot-linux-gnu/sysroot/lib64/libc.so.6
LOAD /home/luyaohan1001/Projects/hack_linux_v5.15/buildroot-2022.02.8/output/host/x86_64-buildroot-linux-gnu/sysroot/usr/lib64/libc_nonshared.a
LOAD /home/luyaohan1001/Projects/hack_linux_v5.15/buildroot-2022.02.8/output/host/x86_64-buildroot-linux-gnu/sysroot/lib64/ld-linux-x86-64.so.2
END GROUP
LOAD /home/luyaohan1001/Projects/hack_linux_v5.15/buildroot-2022.02.8/output/host/lib/gcc/x86_64-buildroot-linux-gnu/10.4.0/libgcc.a
LOAD /home/luyaohan1001/Projects/hack_linux_v5.15/buildroot-2022.02.8/output/host/lib/gcc/x86_64-buildroot-linux-gnu/10.4.0/libgcc_eh.a
LOAD /home/luyaohan1001/Projects/hack_linux_v5.15/buildroot-2022.02.8/output/host/lib/gcc/x86_64-buildroot-linux-gnu/10.4.0/crtendS.o
LOAD /home/luyaohan1001/Projects/hack_linux_v5.15/buildroot-2022.02.8/output/host/x86_64-buildroot-linux-gnu/sysroot/usr/lib/../lib64/crtn.o
                [!provide]                        PROVIDE (__executable_start = SEGMENT_START ("text-segment", 0x0))
                0x0000000000000318                . = (SEGMENT_START ("text-segment", 0x0) + SIZEOF_HEADERS)

.interp         0x0000000000000318       0x1c
 *(SORT_BY_ALIGNMENT(.interp))
 .interp        0x0000000000000318       0x1c /home/luyaohan1001/Projects/hack_linux_v5.15/buildroot-2022.02.8/output/host/x86_64-buildroot-linux-gnu/sysroot/usr/lib/../lib64/Scrt1.o

.note.gnu.property
                0x0000000000000338       0x40
 .note.gnu.property
                0x0000000000000338       0x40 /home/luyaohan1001/Projects/hack_linux_v5.15/buildroot-2022.02.8/output/host/x86_64-buildroot-linux-gnu/sysroot/usr/lib/../lib64/Scrt1.o

.note.ABI-tag   0x0000000000000378       0x20
 .note.ABI-tag  0x0000000000000378       0x20 /home/luyaohan1001/Projects/hack_linux_v5.15/buildroot-2022.02.8/output/host/x86_64-buildroot-linux-gnu/sysroot/usr/lib/../lib64/Scrt1.o

.note.gnu.build-id
 *(SORT_BY_ALIGNMENT(.note.gnu.build-id))

.hash           0x0000000000000398      0x9fc
 *(SORT_BY_ALIGNMENT(.hash))
 .hash          0x0000000000000398      0x9fc /home/luyaohan1001/Projects/hack_linux_v5.15/buildroot-2022.02.8/output/host/x86_64-buildroot-linux-gnu/sysroot/usr/lib/../lib64/Scrt1.o

.gnu.hash       0x0000000000000d98       0xb0
 *(SORT_BY_ALIGNMENT(.gnu.hash))
 .gnu.hash      0x0000000000000d98       0xb0 /home/luyaohan1001/Projects/hack_linux_v5.15/buildroot-2022.02.8/output/host/x86_64-buildroot-linux-gnu/sysroot/usr/lib/../lib64/Scrt1.o

.dynsym         0x0000000000000e48     0x2310
 *(SORT_BY_ALIGNMENT(.dynsym))
 .dynsym        0x0000000000000e48     0x2310 /home/luyaohan1001/Projects/hack_linux_v5.15/buildroot-2022.02.8/output/host/x86_64-buildroot-linux-gnu/sysroot/usr/lib/../lib64/Scrt1.o

.dynstr         0x0000000000003158      0xdac
 *(SORT_BY_ALIGNMENT(.dynstr))
 .dynstr        0x0000000000003158      0xdac /home/luyaohan1001/Projects/hack_linux_v5.15/buildroot-2022.02.8/output/host/x86_64-buildroot-linux-gnu/sysroot/usr/lib/../lib64/Scrt1.o

.gnu.version    0x0000000000003f04      0x2ec
 *(SORT_BY_ALIGNMENT(.gnu.version))
 .gnu.version   0x0000000000003f04      0x2ec /home/luyaohan1001/Projects/hack_linux_v5.15/buildroot-2022.02.8/output/host/x86_64-buildroot-linux-gnu/sysroot/usr/lib/../lib64/Scrt1.o

.gnu.version_d  0x00000000000041f0        0x0
 *(SORT_BY_ALIGNMENT(.gnu.version_d))
 .gnu.version_d
                0x00000000000041f0        0x0 /home/luyaohan1001/Projects/hack_linux_v5.15/buildroot-2022.02.8/output/host/x86_64-buildroot-linux-gnu/sysroot/usr/lib/../lib64/Scrt1.o

.gnu.version_r  0x00000000000041f0      0x110
 *(SORT_BY_ALIGNMENT(.gnu.version_r))
 .gnu.version_r
                0x00000000000041f0      0x110 /home/luyaohan1001/Projects/hack_linux_v5.15/buildroot-2022.02.8/output/host/x86_64-buildroot-linux-gnu/sysroot/usr/lib/../lib64/Scrt1.o

.rela.dyn       0x0000000000004300     0x50b8
 *(SORT_BY_ALIGNMENT(.rela.init))
 *(SORT_BY_ALIGNMENT(.rela.text) SORT_BY_ALIGNMENT(.rela.text.*) SORT_BY_ALIGNMENT(.rela.gnu.linkonce.t.*))
 .rela.text.die_if_ferror_stdout
                0x0000000000004300        0x0 /home/luyaohan1001/Projects/hack_linux_v5.15/buildroot-2022.02.8/output/host/x86_64-buildroot-linux-gnu/sysroot/usr/lib/../lib64/Scrt1.o
 .rela.text.fputs_stdout
                0x0000000000004300        0x0 /home/luyaohan1001/Projects/hack_linux_v5.15/buildroot-2022.02.8/output/host/x86_64-buildroot-linux-gnu/sysroot/usr/lib/../lib64/Scrt1.o
 .rela.text.addgroup_main
                0x0000000000004300        0x0 /home/luyaohan1001/Projects/hack_linux_v5.15/buildroot-2022.02.8/output/host/x86_64-buildroot-linux-gnu/sysroot/usr/lib/../lib64/Scrt1.o
 .rela.text.adduser_main
                0x0000000000004300        0x0 /home/luyaohan1001/Projects/hack_linux_v5.15/buildroot-2022.02.8/output/host/x86_64-buildroot-linux-gnu/sysroot/usr/lib/../lib64/Scrt1.o
 .rela.text.cryptpw_main
                0x0000000000004300        0x0 /home/luyaohan1001/Projects/hack_linux_v5.15/buildroot-2022.02.8/output/host/x86_64-buildroot-linux-gnu/sysroot/usr/lib/../lib64/Scrt1.o
 .rela.text.getty_main
                0x0000000000004300        0x0 /home/luyaohan1001/Projects/hack_linux_v5.15/buildroot-2022.02.8/output/host/x86_64-buildroot-linux-gnu/sysroot/usr/lib/../lib64/Scrt1.o
 .rela.text.login_main
                0x0000000000004300        0x0 /home/luyaohan1001/Projects/hack_linux_v5.15/buildroot-2022.02.8/output/host/x86_64-buildroot-linux-gnu/sysroot/usr/lib/../lib64/Scrt1.o
 .rela.text.passwd_main
                0x0000000000004300        0x0 /home/luyaohan1001/Projects/hack_linux_v5.15/buildroot-2022.02.8/output/host/x86_64-buildroot-linux-gnu/sysroot/usr/lib/../lib64/Scrt1.o
 .rela.text.su_main
                0x0000000000004300        0x0 /home/luyaohan1001/Projects/hack_linux_v5.15/buildroot-2022.02.8/output/host/x86_64-buildroot-linux-gnu/sysroot/usr/lib/../lib64/Scrt1.o
 .rela.text.sulogin_main
                0x0000000000004300        0x0 /home/luyaohan1001/Projects/hack_linux_v5.15/buildroot-2022.02.8/output/host/x86_64-buildroot-linux-gnu/sysroot/usr/lib/../lib64/Scrt1.o
 .rela.text.bc_args
                0x0000000000004300        0x0 /home/luyaohan1001/Projects/hack_linux_v5.15/buildroot-2022.02.8/output/host/x86_64-buildroot-linux-gnu/sysroot/usr/lib/../lib64/Scrt1.o
 .rela.text.fflush_and_check
                0x0000000000004300        0x0 /home/luyaohan1001/Projects/hack_linux_v5.15/buildroot-2022.02.8/output/host/x86_64-buildroot-linux-gnu/sysroot/usr/lib/../lib64/Scrt1.o
 .rela.text.quit
                0x0000000000004300        0x0 /home/luyaohan1001/Projects/hack_linux_v5.15/buildroot-2022.02.8/output/host/x86_64-buildroot-linux-gnu/sysroot/usr/lib/../lib64/Scrt1.o
 .rela.text.xc_read_line
                0x0000000000004300        0x0 /home/luyaohan1001/Projects/hack_linux_v5.15/buildroot-2022.02.8/output/host/x86_64-buildroot-linux-gnu/sysroot/usr/lib/../lib64/Scrt1.o
 .rela.text.zxc_vm_process
                0x0000000000004300        0x0 /home/luyaohan1001/Projects/hack_linux_v5.15/buildroot-2022.02.8/output/host/x86_64-buildroot-linux-gnu/sysroot/usr/lib/../lib64/Scrt1.o
 .rela.text.zxc_vm_execute_FILE
                0x0000000000004300        0x0 /home/luyaohan1001/Projects/hack_linux_v5.15/buildroot-2022.02.8/output/host/x86_64-buildroot-linux-gnu/sysroot/usr/lib/../lib64/Scrt1.o
 .rela.text.zxc_vm_exec
                0x0000000000004300        0x0 /home/luyaohan1001/Projects/hack_linux_v5.15/buildroot-2022.02.8/output/host/x86_64-buildroot-linux-gnu/sysroot/usr/lib/../lib64/Scrt1.o
 .rela.text.dc_main
                0x0000000000004300        0x0 /home/luyaohan1001/Projects/hack_linux_v5.15/buildroot-2022.02.8/output/host/x86_64-buildroot-linux-gnu/sysroot/usr/lib/../lib64/Scrt1.o
 .rela.text.ParseField
                0x0000000000004300        0x0 /home/luyaohan1001/Projects/hack_linux_v5.15/buildroot-2022.02.8/output/host/x86_64-buildroot-linux-gnu/sysroot/usr/lib/../lib64/Scrt1.o
 .rela.text.crontab_main
                0x0000000000004300        0x0 /home/luyaohan1001/Projects/hack_linux_v5.15/buildroot-2022.02.8/output/host/x86_64-buildroot-linux-gnu/sysroot/usr/lib/../lib64/Scrt1.o
 .rela.text.parse_opts
                0x0000000000004300        0x0 /home/luyaohan1001/Projects/hack_linux_v5.15/buildroot-2022.02.8/output/host/x86_64-buildroot-linux-gnu/sysroot/usr/lib/../lib64/Scrt1.o
 .rela.text.hdparm_main
                0x0000000000004300        0x0 /home/luyaohan1001/Projects/hack_linux_v5.15/buildroot-2022.02.8/output/host/x86_64-buildroot-linux-gnu/sysroot/usr/lib/../lib64/Scrt1.o
 .rela.text.hexedit_main
                0x0000000000004300        0x0 /home/luyaohan1001/Projects/hack_linux_v5.15/buildroot-2022.02.8/output/host/x86_64-buildroot-linux-gnu/sysroot/usr/lib/../lib64/Scrt1.o
 .rela.text.confirm_or_abort
                0x0000000000004300        0x0 /home/luyaohan1001/Projects/hack_linux_v5.15/buildroot-2022.02.8/output/host/x86_64-buildroot-linux-gnu/sysroot/usr/lib/../lib64/Scrt1.o
 .rela.text.i2cget_main
                0x0000000000004300        0x0 /home/luyaohan1001/Projects/hack_linux_v5.15/buildroot-2022.02.8/output/host/x86_64-buildroot-linux-gnu/sysroot/usr/lib/../lib64/Scrt1.o
 .rela.text.i2cset_main
                0x0000000000004300        0x0 /home/luyaohan1001/Projects/hack_linux_v5.15/buildroot-2022.02.8/output/host/x86_64-buildroot-linux-gnu/sysroot/usr/lib/../lib64/Scrt1.o
 .rela.text.i2cdump_main
                0x0000000000004300        0x0 /home/luyaohan1001/Projects/hack_linux_v5.15/buildroot-2022.02.8/output/host/x86_64-buildroot-linux-gnu/sysroot/usr/lib/../lib64/Scrt1.o
 .rela.text.i2cdetect_main
                0x0000000000004300        0x0 /home/luyaohan1001/Projects/hack_linux_v5.15/buildroot-2022.02.8/output/host/x86_64-buildroot-linux-gnu/sysroot/usr/lib/../lib64/Scrt1.o
 .rela.text.i2ctransfer_main
                0x0000000000004300        0x0 /home/luyaohan1001/Projects/hack_linux_v5.15/buildroot-2022.02.8/output/host/x86_64-buildroot-linux-gnu/sysroot/usr/lib/../lib64/Scrt1.o
 .rela.text.less_main
                0x0000000000004300        0x0 /home/luyaohan1001/Projects/hack_linux_v5.15/buildroot-2022.02.8/output/host/x86_64-buildroot-linux-gnu/sysroot/usr/lib/../lib64/Scrt1.o
 .rela.text.makedevs_main
                0x0000000000004300        0x0 /home/luyaohan1001/Projects/hack_linux_v5.15/buildroot-2022.02.8/output/host/x86_64-buildroot-linux-gnu/sysroot/usr/lib/../lib64/Scrt1.o
 .rela.text.microcom_main
                0x0000000000004300        0x0 /home/luyaohan1001/Projects/hack_linux_v5.15/buildroot-2022.02.8/output/host/x86_64-buildroot-linux-gnu/sysroot/usr/lib/../lib64/Scrt1.o
 .rela.text.partprobe_main
                0x0000000000004300        0x0 /home/luyaohan1001/Projects/hack_linux_v5.15/buildroot-2022.02.8/output/host/x86_64-buildroot-linux-gnu/sysroot/usr/lib/../lib64/Scrt1.o
 .rela.text.setfattr_main
                0x0000000000004300        0x0 /home/luyaohan1001/Projects/hack_linux_v5.15/buildroot-2022.02.8/output/host/x86_64-buildroot-linux-gnu/sysroot/usr/lib/../lib64/Scrt1.o
 .rela.text.setserial_main
                0x0000000000004300        0x0 /home/luyaohan1001/Projects/hack_linux_v5.15/buildroot-2022.02.8/output/host/x86_64-buildroot-linux-gnu/sysroot/usr/lib/../lib64/Scrt1.o
 .rela.text.strings_main
                0x0000000000004300        0x0 /home/luyaohan1001/Projects/hack_linux_v5.15/buildroot-2022.02.8/output/host/x86_64-buildroot-linux-gnu/sysroot/usr/lib/../lib64/Scrt1.o
 .rela.text.time_main
                0x0000000000004300        0x0 /home/luyaohan1001/Projects/hack_linux_v5.15/buildroot-2022.02.8/output/host/x86_64-buildroot-linux-gnu/sysroot/usr/lib/../lib64/Scrt1.o
 .rela.text.ts_main
                0x0000000000004300        0x0 /home/luyaohan1001/Projects/hack_linux_v5.15/buildroot-2022.02.8/output/host/x86_64-buildroot-linux-gnu/sysroot/usr/lib/../lib64/Scrt1.o
 .rela.text.watchdog_main
                0x0000000000004300        0x0 /home/luyaohan1001/Projects/hack_linux_v5.15/buildroot-2022.02.8/output/host/x86_64-buildroot-linux-gnu/sysroot/usr/lib/../lib64/Scrt1.o
 .rela.text.modprobe_main
                0x0000000000004300        0x0 /home/luyaohan1001/Projects/hack_linux_v5.15/buildroot-2022.02.8/output/host/x86_64-buildroot-linux-gnu/sysroot/usr/lib/../lib64/Scrt1.o
 .rela.text.rmmod_main
                0x0000000000004300        0x0 /home/luyaohan1001/Projects/hack_linux_v5.15/buildroot-2022.02.8/output/host/x86_64-buildroot-linux-gnu/sysroot/usr/lib/../lib64/Scrt1.o
 .rela.text.arp_main
                0x0000000000004300        0x0 /home/luyaohan1001/Projects/hack_linux_v5.15/buildroot-2022.02.8/output/host/x86_64-buildroot-linux-gnu/sysroot/usr/lib/../lib64/Scrt1.o
 .rela.text.arping_main
                0x0000000000004300        0x0 /home/luyaohan1001/Projects/hack_linux_v5.15/buildroot-2022.02.8/output/host/x86_64-buildroot-linux-gnu/sysroot/usr/lib/../lib64/Scrt1.o
 .rela.text.ether_wake_main
                0x0000000000004300        0x0 /home/luyaohan1001/Projects/hack_linux_v5.15/buildroot-2022.02.8/output/host/x86_64-buildroot-linux-gnu/sysroot/usr/lib/../lib64/Scrt1.o
 .rela.text.hostname_main
                0x0000000000004300        0x0 /home/luyaohan1001/Projects/hack_linux_v5.15/buildroot-2022.02.8/output/host/x86_64-buildroot-linux-gnu/sysroot/usr/lib/../lib64/Scrt1.o
 .rela.text.ifupdown_main
                0x0000000000004300        0x0 /home/luyaohan1001/Projects/hack_linux_v5.15/buildroot-2022.02.8/output/host/x86_64-buildroot-linux-gnu/sysroot/usr/lib/../lib64/Scrt1.o
 .rela.text.inetd_main
                0x0000000000004300        0x0 /home/luyaohan1001/Projects/hack_linux_v5.15/buildroot-2022.02.8/output/host/x86_64-buildroot-linux-gnu/sysroot/usr/lib/../lib64/Scrt1.o
 .rela.text.nameif_main
                0x0000000000004300        0x0 /home/luyaohan1001/Projects/hack_linux_v5.15/buildroot-2022.02.8/output/host/x86_64-buildroot-linux-gnu/sysroot/usr/lib/../lib64/Scrt1.o
 .rela.text.unix_do_one
                0x0000000000004300        0x0 /home/luyaohan1001/Projects/hack_linux_v5.15/buildroot-2022.02.8/output/host/x86_64-buildroot-linux-gnu/sysroot/usr/lib/../lib64/Scrt1.o
 .rela.text.ping_main
                0x0000000000004300        0x0 /home/luyaohan1001/Projects/hack_linux_v5.15/buildroot-2022.02.8/output/host/x86_64-buildroot-linux-gnu/sysroot/usr/lib/../lib64/Scrt1.o
 .rela.text.route_main
                0x0000000000004300        0x0 /home/luyaohan1001/Projects/hack_linux_v5.15/buildroot-2022.02.8/output/host/x86_64-buildroot-linux-gnu/sysroot/usr/lib/../lib64/Scrt1.o
 .rela.text.telnet_main
                0x0000000000004300        0x0 /home/luyaohan1001/Projects/hack_linux_v5.15/buildroot-2022.02.8/output/host/x86_64-buildroot-linux-gnu/sysroot/usr/lib/../lib64/Scrt1.o
 .rela.text.tftp_main
                0x0000000000004300        0x0 /home/luyaohan1001/Projects/hack_linux_v5.15/buildroot-2022.02.8/output/host/x86_64-buildroot-linux-gnu/sysroot/usr/lib/../lib64/Scrt1.o
 .rela.text.traceroute_init.constprop.0
                0x0000000000004300        0x0 /home/luyaohan1001/Projects/hack_linux_v5.15/buildroot-2022.02.8/output/host/x86_64-buildroot-linux-gnu/sysroot/usr/lib/../lib64/Scrt1.o
 .rela.text.fgets_trim_sanitize
                0x0000000000004300        0x0 /home/luyaohan1001/Projects/hack_linux_v5.15/buildroot-2022.02.8/output/host/x86_64-buildroot-linux-gnu/sysroot/usr/lib/../lib64/Scrt1.o
 .rela.text.retrieve_file_data
                0x0000000000004300        0x0 /home/luyaohan1001/Projects/hack_linux_v5.15/buildroot-2022.02.8/output/host/x86_64-buildroot-linux-gnu/sysroot/usr/lib/../lib64/Scrt1.o
 .rela.text.ftpcmd
                0x0000000000004300        0x0 /home/luyaohan1001/Projects/hack_linux_v5.15/buildroot-2022.02.8/output/host/x86_64-buildroot-linux-gnu/sysroot/usr/lib/../lib64/Scrt1.o
 .rela.text.wget_main
                0x0000000000004300        0x0 /home/luyaohan1001/Projects/hack_linux_v5.15/buildroot-2022.02.8/output/host/x86_64-buildroot-linux-gnu/sysroot/usr/lib/../lib64/Scrt1.o
 .rela.text.ipaddr_modify
                0x0000000000004300        0x0 /home/luyaohan1001/Projects/hack_linux_v5.15/buildroot-2022.02.8/output/host/x86_64-buildroot-linux-gnu/sysroot/usr/lib/../lib64/Scrt1.o
 .rela.text.print_route
                0x0000000000004300        0x0 /home/luyaohan1001/Projects/hack_linux_v5.15/buildroot-2022.02.8/output/host/x86_64-buildroot-linux-gnu/sysroot/usr/lib/../lib64/Scrt1.o
 .rela.text.fuser_main
                0x0000000000004300        0x0 /home/luyaohan1001/Projects/hack_linux_v5.15/buildroot-2022.02.8/output/host/x86_64-buildroot-linux-gnu/sysroot/usr/lib/../lib64/Scrt1.o
 .rela.text.pidof_main
                0x0000000000004300        0x0 /home/luyaohan1001/Projects/hack_linux_v5.15/buildroot-2022.02.8/output/host/x86_64-buildroot-linux-gnu/sysroot/usr/lib/../lib64/Scrt1.o
 .rela.text.sysctl_act_on_setting
                0x0000000000004300        0x0 /home/luyaohan1001/Projects/hack_linux_v5.15/buildroot-2022.02.8/output/host/x86_64-buildroot-linux-gnu/sysroot/usr/lib/../lib64/Scrt1.o
 .rela.text.sysctl_main
                0x0000000000004300        0x0 /home/luyaohan1001/Projects/hack_linux_v5.15/buildroot-2022.02.8/output/host/x86_64-buildroot-linux-gnu/sysroot/usr/lib/../lib64/Scrt1.o
 .rela.text.watch_main
                0x0000000000004300        0x0 /home/luyaohan1001/Projects/hack_linux_v5.15/buildroot-2022.02.8/output/host/x86_64-buildroot-linux-gnu/sysroot/usr/lib/../lib64/Scrt1.o
 .rela.text.svc_main
                0x0000000000004300        0x0 /home/luyaohan1001/Projects/hack_linux_v5.15/buildroot-2022.02.8/output/host/x86_64-buildroot-linux-gnu/sysroot/usr/lib/../lib64/Scrt1.o
 .rela.text.out2str
                0x0000000000004300        0x0 /home/luyaohan1001/Projects/hack_linux_v5.15/buildroot-2022.02.8/output/host/x86_64-buildroot-linux-gnu/sysroot/usr/lib/../lib64/Scrt1.o
 .rela.text.ash_vmsg
                0x0000000000004300        0x0 /home/luyaohan1001/Projects/hack_linux_v5.15/buildroot-2022.02.8/output/host/x86_64-buildroot-linux-gnu/sysroot/usr/lib/../lib64/Scrt1.o
 .rela.text.unaliascmd
                0x0000000000004300        0x0 /home/luyaohan1001/Projects/hack_linux_v5.15/buildroot-2022.02.8/output/host/x86_64-buildroot-linux-gnu/sysroot/usr/lib/../lib64/Scrt1.o
 .rela.text.aliascmd
                0x0000000000004300        0x0 /home/luyaohan1001/Projects/hack_linux_v5.15/buildroot-2022.02.8/output/host/x86_64-buildroot-linux-gnu/sysroot/usr/lib/../lib64/Scrt1.o
 .rela.text.showjob
                0x0000000000004300        0x0 /home/luyaohan1001/Projects/hack_linux_v5.15/buildroot-2022.02.8/output/host/x86_64-buildroot-linux-gnu/sysroot/usr/lib/../lib64/Scrt1.o
 .rela.text.helpcmd
                0x0000000000004300        0x0 /home/luyaohan1001/Projects/hack_linux_v5.15/buildroot-2022.02.8/output/host/x86_64-buildroot-linux-gnu/sysroot/usr/lib/../lib64/Scrt1.o
 .rela.text.out1str
                0x0000000000004300        0x0 /home/luyaohan1001/Projects/hack_linux_v5.15/buildroot-2022.02.8/output/host/x86_64-buildroot-linux-gnu/sysroot/usr/lib/../lib64/Scrt1.o
 .rela.text.fg_bgcmd
                0x0000000000004300        0x0 /home/luyaohan1001/Projects/hack_linux_v5.15/buildroot-2022.02.8/output/host/x86_64-buildroot-linux-gnu/sysroot/usr/lib/../lib64/Scrt1.o
 .rela.text.evalbltin
                0x0000000000004300        0x0 /home/luyaohan1001/Projects/hack_linux_v5.15/buildroot-2022.02.8/output/host/x86_64-buildroot-linux-gnu/sysroot/usr/lib/../lib64/Scrt1.o
 .rela.text.cmdloop
                0x0000000000004300        0x0 /home/luyaohan1001/Projects/hack_linux_v5.15/buildroot-2022.02.8/output/host/x86_64-buildroot-linux-gnu/sysroot/usr/lib/../lib64/Scrt1.o
 .rela.text.getoptscmd
                0x0000000000004300        0x0 /home/luyaohan1001/Projects/hack_linux_v5.15/buildroot-2022.02.8/output/host/x86_64-buildroot-linux-gnu/sysroot/usr/lib/../lib64/Scrt1.o
 .rela.text.init
                0x0000000000004300        0x0 /home/luyaohan1001/Projects/hack_linux_v5.15/buildroot-2022.02.8/output/host/x86_64-buildroot-linux-gnu/sysroot/usr/lib/../lib64/Scrt1.o
 .rela.text.ash_main
                0x0000000000004300        0x0 /home/luyaohan1001/Projects/hack_linux_v5.15/buildroot-2022.02.8/output/host/x86_64-buildroot-linux-gnu/sysroot/usr/lib/../lib64/Scrt1.o
 .rela.text.shell_builtin_read
                0x0000000000004300        0x0 /home/luyaohan1001/Projects/hack_linux_v5.15/buildroot-2022.02.8/output/host/x86_64-buildroot-linux-gnu/sysroot/usr/lib/../lib64/Scrt1.o
 .rela.text.shell_builtin_ulimit
                0x0000000000004300        0x0 /home/luyaohan1001/Projects/hack_linux_v5.15/buildroot-2022.02.8/output/host/x86_64-buildroot-linux-gnu/sysroot/usr/lib/../lib64/Scrt1.o
 .rela.text.logger_main
                0x0000000000004300        0x0 /home/luyaohan1001/Projects/hack_linux_v5.15/buildroot-2022.02.8/output/host/x86_64-buildroot-linux-gnu/sysroot/usr/lib/../lib64/Scrt1.o
 .rela.text.chrt_main
                0x0000000000004300        0x0 /home/luyaohan1001/Projects/hack_linux_v5.15/buildroot-2022.02.8/output/host/x86_64-buildroot-linux-gnu/sysroot/usr/lib/../lib64/Scrt1.o
 .rela.text.eject_main
                0x0000000000004300        0x0 /home/luyaohan1001/Projects/hack_linux_v5.15/buildroot-2022.02.8/output/host/x86_64-buildroot-linux-gnu/sysroot/usr/lib/../lib64/Scrt1.o
 .rela.text.fallocate_main
                0x0000000000004300        0x0 /home/luyaohan1001/Projects/hack_linux_v5.15/buildroot-2022.02.8/output/host/x86_64-buildroot-linux-gnu/sysroot/usr/lib/../lib64/Scrt1.o
 .rela.text.fdformat_main
                0x0000000000004300        0x0 /home/luyaohan1001/Projects/hack_linux_v5.15/buildroot-2022.02.8/output/host/x86_64-buildroot-linux-gnu/sysroot/usr/lib/../lib64/Scrt1.o
 .rela.text.fdisk_main
                0x0000000000004300        0x0 /home/luyaohan1001/Projects/hack_linux_v5.15/buildroot-2022.02.8/output/host/x86_64-buildroot-linux-gnu/sysroot/usr/lib/../lib64/Scrt1.o
 .rela.text.flock_main
                0x0000000000004300        0x0 /home/luyaohan1001/Projects/hack_linux_v5.15/buildroot-2022.02.8/output/host/x86_64-buildroot-linux-gnu/sysroot/usr/lib/../lib64/Scrt1.o
 .rela.text.fsfreeze_main
                0x0000000000004300        0x0 /home/luyaohan1001/Projects/hack_linux_v5.15/buildroot-2022.02.8/output/host/x86_64-buildroot-linux-gnu/sysroot/usr/lib/../lib64/Scrt1.o
 .rela.text.fstrim_main
                0x0000000000004300        0x0 /home/luyaohan1001/Projects/hack_linux_v5.15/buildroot-2022.02.8/output/host/x86_64-buildroot-linux-gnu/sysroot/usr/lib/../lib64/Scrt1.o
 .rela.text.generate_output
                0x0000000000004300        0x0 /home/luyaohan1001/Projects/hack_linux_v5.15/buildroot-2022.02.8/output/host/x86_64-buildroot-linux-gnu/sysroot/usr/lib/../lib64/Scrt1.o
 .rela.text.getopt_main
                0x0000000000004300        0x0 /home/luyaohan1001/Projects/hack_linux_v5.15/buildroot-2022.02.8/output/host/x86_64-buildroot-linux-gnu/sysroot/usr/lib/../lib64/Scrt1.o
 .rela.text.hexdump_main
                0x0000000000004300        0x0 /home/luyaohan1001/Projects/hack_linux_v5.15/buildroot-2022.02.8/output/host/x86_64-buildroot-linux-gnu/sysroot/usr/lib/../lib64/Scrt1.o
 .rela.text.xxd_main
                0x0000000000004300        0x0 /home/luyaohan1001/Projects/hack_linux_v5.15/buildroot-2022.02.8/output/host/x86_64-buildroot-linux-gnu/sysroot/usr/lib/../lib64/Scrt1.o
 .rela.text.ipcrm_main
                0x0000000000004300        0x0 /home/luyaohan1001/Projects/hack_linux_v5.15/buildroot-2022.02.8/output/host/x86_64-buildroot-linux-gnu/sysroot/usr/lib/../lib64/Scrt1.o
 .rela.text.losetup_main
                0x0000000000004300        0x0 /home/luyaohan1001/Projects/hack_linux_v5.15/buildroot-2022.02.8/output/host/x86_64-buildroot-linux-gnu/sysroot/usr/lib/../lib64/Scrt1.o
 .rela.text.mkfs_ext2_main
                0x0000000000004300        0x0 /home/luyaohan1001/Projects/hack_linux_v5.15/buildroot-2022.02.8/output/host/x86_64-buildroot-linux-gnu/sysroot/usr/lib/../lib64/Scrt1.o
 .rela.text.mkfs_vfat_main
                0x0000000000004300        0x0 /home/luyaohan1001/Projects/hack_linux_v5.15/buildroot-2022.02.8/output/host/x86_64-buildroot-linux-gnu/sysroot/usr/lib/../lib64/Scrt1.o
 .rela.text.mkswap_main
                0x0000000000004300        0x0 /home/luyaohan1001/Projects/hack_linux_v5.15/buildroot-2022.02.8/output/host/x86_64-buildroot-linux-gnu/sysroot/usr/lib/../lib64/Scrt1.o
 .rela.text.more_main
                0x0000000000004300        0x0 /home/luyaohan1001/Projects/hack_linux_v5.15/buildroot-2022.02.8/output/host/x86_64-buildroot-linux-gnu/sysroot/usr/lib/../lib64/Scrt1.o
 .rela.text.mount_main
                0x0000000000004300        0x0 /home/luyaohan1001/Projects/hack_linux_v5.15/buildroot-2022.02.8/output/host/x86_64-buildroot-linux-gnu/sysroot/usr/lib/../lib64/Scrt1.o
 .rela.text.mountpoint_main
                0x0000000000004300        0x0 /home/luyaohan1001/Projects/hack_linux_v5.15/buildroot-2022.02.8/output/host/x86_64-buildroot-linux-gnu/sysroot/usr/lib/../lib64/Scrt1.o
 .rela.text.rdate_main
                0x0000000000004300        0x0 /home/luyaohan1001/Projects/hack_linux_v5.15/buildroot-2022.02.8/output/host/x86_64-buildroot-linux-gnu/sysroot/usr/lib/../lib64/Scrt1.o
 .rela.text.setarch_main
                0x0000000000004300        0x0 /home/luyaohan1001/Projects/hack_linux_v5.15/buildroot-2022.02.8/output/host/x86_64-buildroot-linux-gnu/sysroot/usr/lib/../lib64/Scrt1.o
 .rela.text.setpriv_main
                0x0000000000004300        0x0 /home/luyaohan1001/Projects/hack_linux_v5.15/buildroot-2022.02.8/output/host/x86_64-buildroot-linux-gnu/sysroot/usr/lib/../lib64/Scrt1.o
 .rela.text.setsid_main
                0x0000000000004300        0x0 /home/luyaohan1001/Projects/hack_linux_v5.15/buildroot-2022.02.8/output/host/x86_64-buildroot-linux-gnu/sysroot/usr/lib/../lib64/Scrt1.o
 .rela.text.swap_on_off_main
                0x0000000000004300        0x0 /home/luyaohan1001/Projects/hack_linux_v5.15/buildroot-2022.02.8/output/host/x86_64-buildroot-linux-gnu/sysroot/usr/lib/../lib64/Scrt1.o
 .rela.text.switch_root_main
                0x0000000000004300        0x0 /home/luyaohan1001/Projects/hack_linux_v5.15/buildroot-2022.02.8/output/host/x86_64-buildroot-linux-gnu/sysroot/usr/lib/../lib64/Scrt1.o
 .rela.text.umount_main
                0x0000000000004300        0x0 /home/luyaohan1001/Projects/hack_linux_v5.15/buildroot-2022.02.8/output/host/x86_64-buildroot-linux-gnu/sysroot/usr/lib/../lib64/Scrt1.o
 .rela.text.ar_main
                0x0000000000004300        0x0 /home/luyaohan1001/Projects/hack_linux_v5.15/buildroot-2022.02.8/output/host/x86_64-buildroot-linux-gnu/sysroot/usr/lib/../lib64/Scrt1.o
 .rela.text.bbunpack
                0x0000000000004300        0x0 /home/luyaohan1001/Projects/hack_linux_v5.15/buildroot-2022.02.8/output/host/x86_64-buildroot-linux-gnu/sysroot/usr/lib/../lib64/Scrt1.o
 .rela.text.gunzip_main
                0x0000000000004300        0x0 /home/luyaohan1001/Projects/hack_linux_v5.15/buildroot-2022.02.8/output/host/x86_64-buildroot-linux-gnu/sysroot/usr/lib/../lib64/Scrt1.o
 .rela.text.bunzip2_main
                0x0000000000004300        0x0 /home/luyaohan1001/Projects/hack_linux_v5.15/buildroot-2022.02.8/output/host/x86_64-buildroot-linux-gnu/sysroot/usr/lib/../lib64/Scrt1.o
 .rela.text.unlzma_main
                0x0000000000004300        0x0 /home/luyaohan1001/Projects/hack_linux_v5.15/buildroot-2022.02.8/output/host/x86_64-buildroot-linux-gnu/sysroot/usr/lib/../lib64/Scrt1.o
 .rela.text.unxz_main
                0x0000000000004300        0x0 /home/luyaohan1001/Projects/hack_linux_v5.15/buildroot-2022.02.8/output/host/x86_64-buildroot-linux-gnu/sysroot/usr/lib/../lib64/Scrt1.o
 .rela.text.cpio_main
                0x0000000000004300        0x0 /home/luyaohan1001/Projects/hack_linux_v5.15/buildroot-2022.02.8/output/host/x86_64-buildroot-linux-gnu/sysroot/usr/lib/../lib64/Scrt1.o
 .rela.text.gzip_main
                0x0000000000004300        0x0 /home/luyaohan1001/Projects/hack_linux_v5.15/buildroot-2022.02.8/output/host/x86_64-buildroot-linux-gnu/sysroot/usr/lib/../lib64/Scrt1.o
 .rela.text.lzop_main
                0x0000000000004300        0x0 /home/luyaohan1001/Projects/hack_linux_v5.15/buildroot-2022.02.8/output/host/x86_64-buildroot-linux-gnu/sysroot/usr/lib/../lib64/Scrt1.o
 .rela.text.writeTarHeader
                0x0000000000004300        0x0 /home/luyaohan1001/Projects/hack_linux_v5.15/buildroot-2022.02.8/output/host/x86_64-buildroot-linux-gnu/sysroot/usr/lib/../lib64/Scrt1.o
 .rela.text.tar_main
                0x0000000000004300        0x0 /home/luyaohan1001/Projects/hack_linux_v5.15/buildroot-2022.02.8/output/host/x86_64-buildroot-linux-gnu/sysroot/usr/lib/../lib64/Scrt1.o
 .rela.text.my_fgets80
                0x0000000000004300        0x0 /home/luyaohan1001/Projects/hack_linux_v5.15/buildroot-2022.02.8/output/host/x86_64-buildroot-linux-gnu/sysroot/usr/lib/../lib64/Scrt1.o
 .rela.text.unzip_main
                0x0000000000004300        0x0 /home/luyaohan1001/Projects/hack_linux_v5.15/buildroot-2022.02.8/output/host/x86_64-buildroot-linux-gnu/sysroot/usr/lib/../lib64/Scrt1.o
 .rela.text.openvt_main
                0x0000000000004300        0x0 /home/luyaohan1001/Projects/hack_linux_v5.15/buildroot-2022.02.8/output/host/x86_64-buildroot-linux-gnu/sysroot/usr/lib/../lib64/Scrt1.o
 .rela.text.resize_main
                0x0000000000004300        0x0 /home/luyaohan1001/Projects/hack_linux_v5.15/buildroot-2022.02.8/output/host/x86_64-buildroot-linux-gnu/sysroot/usr/lib/../lib64/Scrt1.o
 .rela.text.basename_main
                0x0000000000004300        0x0 /home/luyaohan1001/Projects/hack_linux_v5.15/buildroot-2022.02.8/output/host/x86_64-buildroot-linux-gnu/sysroot/usr/lib/../lib64/Scrt1.o
 .rela.text.cat_main
                0x0000000000004300        0x0 /home/luyaohan1001/Projects/hack_linux_v5.15/buildroot-2022.02.8/output/host/x86_64-buildroot-linux-gnu/sysroot/usr/lib/../lib64/Scrt1.o
 .rela.text.chmod_main
                0x0000000000004300        0x0 /home/luyaohan1001/Projects/hack_linux_v5.15/buildroot-2022.02.8/output/host/x86_64-buildroot-linux-gnu/sysroot/usr/lib/../lib64/Scrt1.o
 .rela.text.chown_main
                0x0000000000004300        0x0 /home/luyaohan1001/Projects/hack_linux_v5.15/buildroot-2022.02.8/output/host/x86_64-buildroot-linux-gnu/sysroot/usr/lib/../lib64/Scrt1.o
 .rela.text.cksum_main
                0x0000000000004300        0x0 /home/luyaohan1001/Projects/hack_linux_v5.15/buildroot-2022.02.8/output/host/x86_64-buildroot-linux-gnu/sysroot/usr/lib/../lib64/Scrt1.o
 .rela.text.cp_main
                0x0000000000004300        0x0 /home/luyaohan1001/Projects/hack_linux_v5.15/buildroot-2022.02.8/output/host/x86_64-buildroot-linux-gnu/sysroot/usr/lib/../lib64/Scrt1.o
 .rela.text.cut_main
                0x0000000000004300        0x0 /home/luyaohan1001/Projects/hack_linux_v5.15/buildroot-2022.02.8/output/host/x86_64-buildroot-linux-gnu/sysroot/usr/lib/../lib64/Scrt1.o
 .rela.text.date_main
                0x0000000000004300        0x0 /home/luyaohan1001/Projects/hack_linux_v5.15/buildroot-2022.02.8/output/host/x86_64-buildroot-linux-gnu/sysroot/usr/lib/../lib64/Scrt1.o
 .rela.text.dd_output_status
                0x0000000000004300        0x0 /home/luyaohan1001/Projects/hack_linux_v5.15/buildroot-2022.02.8/output/host/x86_64-buildroot-linux-gnu/sysroot/usr/lib/../lib64/Scrt1.o
 .rela.text.df_main
                0x0000000000004300        0x0 /home/luyaohan1001/Projects/hack_linux_v5.15/buildroot-2022.02.8/output/host/x86_64-buildroot-linux-gnu/sysroot/usr/lib/../lib64/Scrt1.o
 .rela.text.dos2unix_main
                0x0000000000004300        0x0 /home/luyaohan1001/Projects/hack_linux_v5.15/buildroot-2022.02.8/output/host/x86_64-buildroot-linux-gnu/sysroot/usr/lib/../lib64/Scrt1.o
 .rela.text.du_main
                0x0000000000004300        0x0 /home/luyaohan1001/Projects/hack_linux_v5.15/buildroot-2022.02.8/output/host/x86_64-buildroot-linux-gnu/sysroot/usr/lib/../lib64/Scrt1.o
 .rela.text.env_main
                0x0000000000004300        0x0 /home/luyaohan1001/Projects/hack_linux_v5.15/buildroot-2022.02.8/output/host/x86_64-buildroot-linux-gnu/sysroot/usr/lib/../lib64/Scrt1.o
 .rela.text.factor_main
                0x0000000000004300        0x0 /home/luyaohan1001/Projects/hack_linux_v5.15/buildroot-2022.02.8/output/host/x86_64-buildroot-linux-gnu/sysroot/usr/lib/../lib64/Scrt1.o
 .rela.text.write2stdout
                0x0000000000004300        0x0 /home/luyaohan1001/Projects/hack_linux_v5.15/buildroot-2022.02.8/output/host/x86_64-buildroot-linux-gnu/sysroot/usr/lib/../lib64/Scrt1.o
 .rela.text.fold_main
                0x0000000000004300        0x0 /home/luyaohan1001/Projects/hack_linux_v5.15/buildroot-2022.02.8/output/host/x86_64-buildroot-linux-gnu/sysroot/usr/lib/../lib64/Scrt1.o
 .rela.text.head_main
                0x0000000000004300        0x0 /home/luyaohan1001/Projects/hack_linux_v5.15/buildroot-2022.02.8/output/host/x86_64-buildroot-linux-gnu/sysroot/usr/lib/../lib64/Scrt1.o
 .rela.text.id_main
                0x0000000000004300        0x0 /home/luyaohan1001/Projects/hack_linux_v5.15/buildroot-2022.02.8/output/host/x86_64-buildroot-linux-gnu/sysroot/usr/lib/../lib64/Scrt1.o
 .rela.text.install_main
                0x0000000000004300        0x0 /home/luyaohan1001/Projects/hack_linux_v5.15/buildroot-2022.02.8/output/host/x86_64-buildroot-linux-gnu/sysroot/usr/lib/../lib64/Scrt1.o
 .rela.text.link_main
                0x0000000000004300        0x0 /home/luyaohan1001/Projects/hack_linux_v5.15/buildroot-2022.02.8/output/host/x86_64-buildroot-linux-gnu/sysroot/usr/lib/../lib64/Scrt1.o
 .rela.text.ln_main
                0x0000000000004300        0x0 /home/luyaohan1001/Projects/hack_linux_v5.15/buildroot-2022.02.8/output/host/x86_64-buildroot-linux-gnu/sysroot/usr/lib/../lib64/Scrt1.o
 .rela.text.ls_main
                0x0000000000004300        0x0 /home/luyaohan1001/Projects/hack_linux_v5.15/buildroot-2022.02.8/output/host/x86_64-buildroot-linux-gnu/sysroot/usr/lib/../lib64/Scrt1.o
 .rela.text.md5_sha1_sum_main
                0x0000000000004300        0x0 /home/luyaohan1001/Projects/hack_linux_v5.15/buildroot-2022.02.8/output/host/x86_64-buildroot-linux-gnu/sysroot/usr/lib/../lib64/Scrt1.o
 .rela.text.mkdir_main
                0x0000000000004300        0x0 /home/luyaohan1001/Projects/hack_linux_v5.15/buildroot-2022.02.8/output/host/x86_64-buildroot-linux-gnu/sysroot/usr/lib/../lib64/Scrt1.o
 .rela.text.mkfifo_main
                0x0000000000004300        0x0 /home/luyaohan1001/Projects/hack_linux_v5.15/buildroot-2022.02.8/output/host/x86_64-buildroot-linux-gnu/sysroot/usr/lib/../lib64/Scrt1.o
 .rela.text.mknod_main
                0x0000000000004300        0x0 /home/luyaohan1001/Projects/hack_linux_v5.15/buildroot-2022.02.8/output/host/x86_64-buildroot-linux-gnu/sysroot/usr/lib/../lib64/Scrt1.o
 .rela.text.mktemp_main
                0x0000000000004300        0x0 /home/luyaohan1001/Projects/hack_linux_v5.15/buildroot-2022.02.8/output/host/x86_64-buildroot-linux-gnu/sysroot/usr/lib/../lib64/Scrt1.o
 .rela.text.mv_main
                0x0000000000004300        0x0 /home/luyaohan1001/Projects/hack_linux_v5.15/buildroot-2022.02.8/output/host/x86_64-buildroot-linux-gnu/sysroot/usr/lib/../lib64/Scrt1.o
 .rela.text.nl_main
                0x0000000000004300        0x0 /home/luyaohan1001/Projects/hack_linux_v5.15/buildroot-2022.02.8/output/host/x86_64-buildroot-linux-gnu/sysroot/usr/lib/../lib64/Scrt1.o
 .rela.text.check_and_close
                0x0000000000004300        0x0 /home/luyaohan1001/Projects/hack_linux_v5.15/buildroot-2022.02.8/output/host/x86_64-buildroot-linux-gnu/sysroot/usr/lib/../lib64/Scrt1.o
 .rela.text.od_main
                0x0000000000004300        0x0 /home/luyaohan1001/Projects/hack_linux_v5.15/buildroot-2022.02.8/output/host/x86_64-buildroot-linux-gnu/sysroot/usr/lib/../lib64/Scrt1.o
 .rela.text.paste_main
                0x0000000000004300        0x0 /home/luyaohan1001/Projects/hack_linux_v5.15/buildroot-2022.02.8/output/host/x86_64-buildroot-linux-gnu/sysroot/usr/lib/../lib64/Scrt1.o
 .rela.text.printenv_main
                0x0000000000004300        0x0 /home/luyaohan1001/Projects/hack_linux_v5.15/buildroot-2022.02.8/output/host/x86_64-buildroot-linux-gnu/sysroot/usr/lib/../lib64/Scrt1.o
 .rela.text.readlink_main
                0x0000000000004300        0x0 /home/luyaohan1001/Projects/hack_linux_v5.15/buildroot-2022.02.8/output/host/x86_64-buildroot-linux-gnu/sysroot/usr/lib/../lib64/Scrt1.o
 .rela.text.rm_main
                0x0000000000004300        0x0 /home/luyaohan1001/Projects/hack_linux_v5.15/buildroot-2022.02.8/output/host/x86_64-buildroot-linux-gnu/sysroot/usr/lib/../lib64/Scrt1.o
 .rela.text.rmdir_main
                0x0000000000004300        0x0 /home/luyaohan1001/Projects/hack_linux_v5.15/buildroot-2022.02.8/output/host/x86_64-buildroot-linux-gnu/sysroot/usr/lib/../lib64/Scrt1.o
 .rela.text.seq_main
                0x0000000000004300        0x0 /home/luyaohan1001/Projects/hack_linux_v5.15/buildroot-2022.02.8/output/host/x86_64-buildroot-linux-gnu/sysroot/usr/lib/../lib64/Scrt1.o
 .rela.text.shred_main
                0x0000000000004300        0x0 /home/luyaohan1001/Projects/hack_linux_v5.15/buildroot-2022.02.8/output/host/x86_64-buildroot-linux-gnu/sysroot/usr/lib/../lib64/Scrt1.o
 .rela.text.sort_main
                0x0000000000004300        0x0 /home/luyaohan1001/Projects/hack_linux_v5.15/buildroot-2022.02.8/output/host/x86_64-buildroot-linux-gnu/sysroot/usr/lib/../lib64/Scrt1.o
 .rela.text.tail_main
                0x0000000000004300        0x0 /home/luyaohan1001/Projects/hack_linux_v5.15/buildroot-2022.02.8/output/host/x86_64-buildroot-linux-gnu/sysroot/usr/lib/../lib64/Scrt1.o
 .rela.text.tee_main
                0x0000000000004300        0x0 /home/luyaohan1001/Projects/hack_linux_v5.15/buildroot-2022.02.8/output/host/x86_64-buildroot-linux-gnu/sysroot/usr/lib/../lib64/Scrt1.o
 .rela.text.touch_main
                0x0000000000004300        0x0 /home/luyaohan1001/Projects/hack_linux_v5.15/buildroot-2022.02.8/output/host/x86_64-buildroot-linux-gnu/sysroot/usr/lib/../lib64/Scrt1.o
 .rela.text.tr_main
                0x0000000000004300        0x0 /home/luyaohan1001/Projects/hack_linux_v5.15/buildroot-2022.02.8/output/host/x86_64-buildroot-linux-gnu/sysroot/usr/lib/../lib64/Scrt1.o
 .rela.text.truncate_main
                0x0000000000004300        0x0 /home/luyaohan1001/Projects/hack_linux_v5.15/buildroot-2022.02.8/output/host/x86_64-buildroot-linux-gnu/sysroot/usr/lib/../lib64/Scrt1.o
 .rela.text.tty_main
                0x0000000000004300        0x0 /home/luyaohan1001/Projects/hack_linux_v5.15/buildroot-2022.02.8/output/host/x86_64-buildroot-linux-gnu/sysroot/usr/lib/../lib64/Scrt1.o
 .rela.text.uname_main
                0x0000000000004300        0x0 /home/luyaohan1001/Projects/hack_linux_v5.15/buildroot-2022.02.8/output/host/x86_64-buildroot-linux-gnu/sysroot/usr/lib/../lib64/Scrt1.o
 .rela.text.uniq_main
                0x0000000000004300        0x0 /home/luyaohan1001/Projects/hack_linux_v5.15/buildroot-2022.02.8/output/host/x86_64-buildroot-linux-gnu/sysroot/usr/lib/../lib64/Scrt1.o
 .rela.text.unlink_main
                0x0000000000004300        0x0 /home/luyaohan1001/Projects/hack_linux_v5.15/buildroot-2022.02.8/output/host/x86_64-buildroot-linux-gnu/sysroot/usr/lib/../lib64/Scrt1.o
 .rela.text.uudecode_main
                0x0000000000004300        0x0 /home/luyaohan1001/Projects/hack_linux_v5.15/buildroot-2022.02.8/output/host/x86_64-buildroot-linux-gnu/sysroot/usr/lib/../lib64/Scrt1.o
 .rela.text.baseNUM_main
                0x0000000000004300        0x0 /home/luyaohan1001/Projects/hack_linux_v5.15/buildroot-2022.02.8/output/host/x86_64-buildroot-linux-gnu/sysroot/usr/lib/../lib64/Scrt1.o
 .rela.text.uuencode_main
                0x0000000000004300        0x0 /home/luyaohan1001/Projects/hack_linux_v5.15/buildroot-2022.02.8/output/host/x86_64-buildroot-linux-gnu/sysroot/usr/lib/../lib64/Scrt1.o
 .rela.text.wc_main
                0x0000000000004300        0x0 /home/luyaohan1001/Projects/hack_linux_v5.15/buildroot-2022.02.8/output/host/x86_64-buildroot-linux-gnu/sysroot/usr/lib/../lib64/Scrt1.o
 .rela.text.run_parts_main
                0x0000000000004300        0x0 /home/luyaohan1001/Projects/hack_linux_v5.15/buildroot-2022.02.8/output/host/x86_64-buildroot-linux-gnu/sysroot/usr/lib/../lib64/Scrt1.o
 .rela.text.start_stop_daemon_main
                0x0000000000004300        0x0 /home/luyaohan1001/Projects/hack_linux_v5.15/buildroot-2022.02.8/output/host/x86_64-buildroot-linux-gnu/sysroot/usr/lib/../lib64/Scrt1.o
 .rela.text.which_main
                0x0000000000004300        0x0 /home/luyaohan1001/Projects/hack_linux_v5.15/buildroot-2022.02.8/output/host/x86_64-buildroot-linux-gnu/sysroot/usr/lib/../lib64/Scrt1.o
 .rela.text.print_e2flags_long
                0x0000000000004300        0x0 /home/luyaohan1001/Projects/hack_linux_v5.15/buildroot-2022.02.8/output/host/x86_64-buildroot-linux-gnu/sysroot/usr/lib/../lib64/Scrt1.o
 .rela.text.fsck_main
                0x0000000000004300        0x0 /home/luyaohan1001/Projects/hack_linux_v5.15/buildroot-2022.02.8/output/host/x86_64-buildroot-linux-gnu/sysroot/usr/lib/../lib64/Scrt1.o
 .rela.text.lsattr_main
                0x0000000000004300        0x0 /home/luyaohan1001/Projects/hack_linux_v5.15/buildroot-2022.02.8/output/host/x86_64-buildroot-linux-gnu/sysroot/usr/lib/../lib64/Scrt1.o
 .rela.text.next_input_file
                0x0000000000004300        0x0 /home/luyaohan1001/Projects/hack_linux_v5.15/buildroot-2022.02.8/output/host/x86_64-buildroot-linux-gnu/sysroot/usr/lib/../lib64/Scrt1.o
 .rela.text.evaluate
                0x0000000000004300        0x0 /home/luyaohan1001/Projects/hack_linux_v5.15/buildroot-2022.02.8/output/host/x86_64-buildroot-linux-gnu/sysroot/usr/lib/../lib64/Scrt1.o
 .rela.text.awk_main
                0x0000000000004300        0x0 /home/luyaohan1001/Projects/hack_linux_v5.15/buildroot-2022.02.8/output/host/x86_64-buildroot-linux-gnu/sysroot/usr/lib/../lib64/Scrt1.o
 .rela.text.cmp_main
                0x0000000000004300        0x0 /home/luyaohan1001/Projects/hack_linux_v5.15/buildroot-2022.02.8/output/host/x86_64-buildroot-linux-gnu/sysroot/usr/lib/../lib64/Scrt1.o
 .rela.text.diffreg
                0x0000000000004300        0x0 /home/luyaohan1001/Projects/hack_linux_v5.15/buildroot-2022.02.8/output/host/x86_64-buildroot-linux-gnu/sysroot/usr/lib/../lib64/Scrt1.o
 .rela.text.diff_main
                0x0000000000004300        0x0 /home/luyaohan1001/Projects/hack_linux_v5.15/buildroot-2022.02.8/output/host/x86_64-buildroot-linux-gnu/sysroot/usr/lib/../lib64/Scrt1.o
 .rela.text.patch_main
                0x0000000000004300        0x0 /home/luyaohan1001/Projects/hack_linux_v5.15/buildroot-2022.02.8/output/host/x86_64-buildroot-linux-gnu/sysroot/usr/lib/../lib64/Scrt1.o
 .rela.text.get_next_line
                0x0000000000004300        0x0 /home/luyaohan1001/Projects/hack_linux_v5.15/buildroot-2022.02.8/output/host/x86_64-buildroot-linux-gnu/sysroot/usr/lib/../lib64/Scrt1.o
 .rela.text.sed_main
                0x0000000000004300        0x0 /home/luyaohan1001/Projects/hack_linux_v5.15/buildroot-2022.02.8/output/host/x86_64-buildroot-linux-gnu/sysroot/usr/lib/../lib64/Scrt1.o
 .rela.text.refresh
                0x0000000000004300        0x0 /home/luyaohan1001/Projects/hack_linux_v5.15/buildroot-2022.02.8/output/host/x86_64-buildroot-linux-gnu/sysroot/usr/lib/../lib64/Scrt1.o
 .rela.text.colon
                0x0000000000004300        0x0 /home/luyaohan1001/Projects/hack_linux_v5.15/buildroot-2022.02.8/output/host/x86_64-buildroot-linux-gnu/sysroot/usr/lib/../lib64/Scrt1.o
 .rela.text.do_cmd
                0x0000000000004300        0x0 /home/luyaohan1001/Projects/hack_linux_v5.15/buildroot-2022.02.8/output/host/x86_64-buildroot-linux-gnu/sysroot/usr/lib/../lib64/Scrt1.o
 .rela.text.vi_main
                0x0000000000004300        0x0 /home/luyaohan1001/Projects/hack_linux_v5.15/buildroot-2022.02.8/output/host/x86_64-buildroot-linux-gnu/sysroot/usr/lib/../lib64/Scrt1.o
 .rela.text.grep_main
                0x0000000000004300        0x0 /home/luyaohan1001/Projects/hack_linux_v5.15/buildroot-2022.02.8/output/host/x86_64-buildroot-linux-gnu/sysroot/usr/lib/../lib64/Scrt1.o
 .rela.text.xargs_main
                0x0000000000004300        0x0 /home/luyaohan1001/Projects/hack_linux_v5.15/buildroot-2022.02.8/output/host/x86_64-buildroot-linux-gnu/sysroot/usr/lib/../lib64/Scrt1.o
 .rela.text.bb_ask_y_confirmation
                0x0000000000004300        0x0 /home/luyaohan1001/Projects/hack_linux_v5.15/buildroot-2022.02.8/output/host/x86_64-buildroot-linux-gnu/sysroot/usr/lib/../lib64/Scrt1.o
 .rela.text.ask_and_unlink
                0x0000000000004300        0x0 /home/luyaohan1001/Projects/hack_linux_v5.15/buildroot-2022.02.8/output/host/x86_64-buildroot-linux-gnu/sysroot/usr/lib/../lib64/Scrt1.o
 .rela.text.next
                0x0000000000004300        0x0 /home/luyaohan1001/Projects/hack_linux_v5.15/buildroot-2022.02.8/output/host/x86_64-buildroot-linux-gnu/sysroot/usr/lib/../lib64/Scrt1.o
 .rela.text.display
                0x0000000000004300        0x0 /home/luyaohan1001/Projects/hack_linux_v5.15/buildroot-2022.02.8/output/host/x86_64-buildroot-linux-gnu/sysroot/usr/lib/../lib64/Scrt1.o
 .rela.text.fclose_if_not_stdin
                0x0000000000004300        0x0 /home/luyaohan1001/Projects/hack_linux_v5.15/buildroot-2022.02.8/output/host/x86_64-buildroot-linux-gnu/sysroot/usr/lib/../lib64/Scrt1.o
 .rela.text.fflush_stdout_and_exit
                0x0000000000004300        0x0 /home/luyaohan1001/Projects/hack_linux_v5.15/buildroot-2022.02.8/output/host/x86_64-buildroot-linux-gnu/sysroot/usr/lib/../lib64/Scrt1.o
 .rela.text.vgetopt32
                0x0000000000004300        0x0 /home/luyaohan1001/Projects/hack_linux_v5.15/buildroot-2022.02.8/output/host/x86_64-buildroot-linux-gnu/sysroot/usr/lib/../lib64/Scrt1.o
 .rela.text.read_line_input
                0x0000000000004300        0x0 /home/luyaohan1001/Projects/hack_linux_v5.15/buildroot-2022.02.8/output/host/x86_64-buildroot-linux-gnu/sysroot/usr/lib/../lib64/Scrt1.o
 .rela.text.bb_progress_update
                0x0000000000004300        0x0 /home/luyaohan1001/Projects/hack_linux_v5.15/buildroot-2022.02.8/output/host/x86_64-buildroot-linux-gnu/sysroot/usr/lib/../lib64/Scrt1.o
 .rela.text.remove_file
                0x0000000000004300        0x0 /home/luyaohan1001/Projects/hack_linux_v5.15/buildroot-2022.02.8/output/host/x86_64-buildroot-linux-gnu/sysroot/usr/lib/../lib64/Scrt1.o
 .rela.text.fopen_or_warn_stdin
                0x0000000000004300        0x0 /home/luyaohan1001/Projects/hack_linux_v5.15/buildroot-2022.02.8/output/host/x86_64-buildroot-linux-gnu/sysroot/usr/lib/../lib64/Scrt1.o
 *(SORT_BY_ALIGNMENT(.rela.fini))
 *(SORT_BY_ALIGNMENT(.rela.rodata) SORT_BY_ALIGNMENT(.rela.rodata.*) SORT_BY_ALIGNMENT(.rela.gnu.linkonce.r.*))
 *(SORT_BY_ALIGNMENT(.rela.data) SORT_BY_ALIGNMENT(.rela.data.*) SORT_BY_ALIGNMENT(.rela.gnu.linkonce.d.*))
 .rela.data.rel.ro
                0x0000000000004300        0x0 /home/luyaohan1001/Projects/hack_linux_v5.15/buildroot-2022.02.8/output/host/x86_64-buildroot-linux-gnu/sysroot/usr/lib/../lib64/Scrt1.o
 .rela.data.rel.local
                0x0000000000004300       0x18 /home/luyaohan1001/Projects/hack_linux_v5.15/buildroot-2022.02.8/output/host/x86_64-buildroot-linux-gnu/sysroot/usr/lib/../lib64/Scrt1.o
 .rela.data.rel.ro.local.install_dir
                0x0000000000004318       0x78 /home/luyaohan1001/Projects/hack_linux_v5.15/buildroot-2022.02.8/output/host/x86_64-buildroot-linux-gnu/sysroot/usr/lib/../lib64/Scrt1.o
 .rela.data.rel.ro.applet_main
                0x0000000000004390     0x19e0 /home/luyaohan1001/Projects/hack_linux_v5.15/buildroot-2022.02.8/output/host/x86_64-buildroot-linux-gnu/sysroot/usr/lib/../lib64/Scrt1.o
 .rela.data.rel.local.msg_eol
                0x0000000000005d70       0x18 /home/luyaohan1001/Projects/hack_linux_v5.15/buildroot-2022.02.8/output/host/x86_64-buildroot-linux-gnu/sysroot/usr/lib/../lib64/Scrt1.o
 .rela.data.rel.ro.local.msg.2
                0x0000000000005d88       0x48 /home/luyaohan1001/Projects/hack_linux_v5.15/buildroot-2022.02.8/output/host/x86_64-buildroot-linux-gnu/sysroot/usr/lib/../lib64/Scrt1.o
 .rela.data.rel.ro.local.zxc_program_ops
                0x0000000000005dd0       0x90 /home/luyaohan1001/Projects/hack_linux_v5.15/buildroot-2022.02.8/output/host/x86_64-buildroot-linux-gnu/sysroot/usr/lib/../lib64/Scrt1.o
 .rela.data.rel.ro.local.SpecAry.0
                0x0000000000005e60       0xc0 /home/luyaohan1001/Projects/hack_linux_v5.15/buildroot-2022.02.8/output/host/x86_64-buildroot-linux-gnu/sysroot/usr/lib/../lib64/Scrt1.o
 .rela.data.rel.ro.local.ultra_modes2.0
                0x0000000000005f20       0x18 /home/luyaohan1001/Projects/hack_linux_v5.15/buildroot-2022.02.8/output/host/x86_64-buildroot-linux-gnu/sysroot/usr/lib/../lib64/Scrt1.o
 .rela.data.rel.ro.local.ultra_modes1.1
                0x0000000000005f38       0x18 /home/luyaohan1001/Projects/hack_linux_v5.15/buildroot-2022.02.8/output/host/x86_64-buildroot-linux-gnu/sysroot/usr/lib/../lib64/Scrt1.o
 .rela.data.rel.ro.local.pio_modes.3
                0x0000000000005f50       0x18 /home/luyaohan1001/Projects/hack_linux_v5.15/buildroot-2022.02.8/output/host/x86_64-buildroot-linux-gnu/sysroot/usr/lib/../lib64/Scrt1.o
 .rela.data.rel.ro.local.i2c_funcs_tab
                0x0000000000005f68      0x168 /home/luyaohan1001/Projects/hack_linux_v5.15/buildroot-2022.02.8/output/host/x86_64-buildroot-linux-gnu/sysroot/usr/lib/../lib64/Scrt1.o
 .rela.data.rel.ro.local.adap_descs
                0x00000000000060d0       0xc0 /home/luyaohan1001/Projects/hack_linux_v5.15/buildroot-2022.02.8/output/host/x86_64-buildroot-linux-gnu/sysroot/usr/lib/../lib64/Scrt1.o
 .rela.data.rel.ro.local.OptArray
                0x0000000000006190      0x228 /home/luyaohan1001/Projects/hack_linux_v5.15/buildroot-2022.02.8/output/host/x86_64-buildroot-linux-gnu/sysroot/usr/lib/../lib64/Scrt1.o
 .rela.data.rel.ro.local.Arg1Opt
                0x00000000000063b8      0x180 /home/luyaohan1001/Projects/hack_linux_v5.15/buildroot-2022.02.8/output/host/x86_64-buildroot-linux-gnu/sysroot/usr/lib/../lib64/Scrt1.o
 .rela.data.rel.ro.local.addr_fams.0
                0x0000000000006538       0x48 /home/luyaohan1001/Projects/hack_linux_v5.15/buildroot-2022.02.8/output/host/x86_64-buildroot-linux-gnu/sysroot/usr/lib/../lib64/Scrt1.o
 .rela.data.rel.ro.local.addr_link
                0x0000000000006580       0x30 /home/luyaohan1001/Projects/hack_linux_v5.15/buildroot-2022.02.8/output/host/x86_64-buildroot-linux-gnu/sysroot/usr/lib/../lib64/Scrt1.o
 .rela.data.rel.ro.local.link_methods
                0x00000000000065b0       0x48 /home/luyaohan1001/Projects/hack_linux_v5.15/buildroot-2022.02.8/output/host/x86_64-buildroot-linux-gnu/sysroot/usr/lib/../lib64/Scrt1.o
 .rela.data.rel.ro.local.addr_inet
                0x00000000000065f8       0x30 /home/luyaohan1001/Projects/hack_linux_v5.15/buildroot-2022.02.8/output/host/x86_64-buildroot-linux-gnu/sysroot/usr/lib/../lib64/Scrt1.o
 .rela.data.rel.ro.local.methods
                0x0000000000006628      0x1f8 /home/luyaohan1001/Projects/hack_linux_v5.15/buildroot-2022.02.8/output/host/x86_64-buildroot-linux-gnu/sysroot/usr/lib/../lib64/Scrt1.o
 .rela.data.rel.ro.local.addr_inet6
                0x0000000000006820       0x30 /home/luyaohan1001/Projects/hack_linux_v5.15/buildroot-2022.02.8/output/host/x86_64-buildroot-linux-gnu/sysroot/usr/lib/../lib64/Scrt1.o
 .rela.data.rel.ro.local.methods6
                0x0000000000006850      0x120 /home/luyaohan1001/Projects/hack_linux_v5.15/buildroot-2022.02.8/output/host/x86_64-buildroot-linux-gnu/sysroot/usr/lib/../lib64/Scrt1.o
 .rela.data.rel.ro.local.builtins
                0x0000000000006970       0xf0 /home/luyaohan1001/Projects/hack_linux_v5.15/buildroot-2022.02.8/output/host/x86_64-buildroot-linux-gnu/sysroot/usr/lib/../lib64/Scrt1.o
 .rela.data.rel.ro.local.if_port_text
                0x0000000000006a60       0xa8 /home/luyaohan1001/Projects/hack_linux_v5.15/buildroot-2022.02.8/output/host/x86_64-buildroot-linux-gnu/sysroot/usr/lib/../lib64/Scrt1.o
 .rela.data.rel.ro.local.hwtypes
                0x0000000000006b08       0x90 /home/luyaohan1001/Projects/hack_linux_v5.15/buildroot-2022.02.8/output/host/x86_64-buildroot-linux-gnu/sysroot/usr/lib/../lib64/Scrt1.o
 .rela.data.rel.ro.local.ib_hwtype
                0x0000000000006b98       0x60 /home/luyaohan1001/Projects/hack_linux_v5.15/buildroot-2022.02.8/output/host/x86_64-buildroot-linux-gnu/sysroot/usr/lib/../lib64/Scrt1.o
 .rela.data.rel.ro.local.sit_hwtype
                0x0000000000006bf8       0x48 /home/luyaohan1001/Projects/hack_linux_v5.15/buildroot-2022.02.8/output/host/x86_64-buildroot-linux-gnu/sysroot/usr/lib/../lib64/Scrt1.o
 .rela.data.rel.ro.local.ppp_hwtype
                0x0000000000006c40       0x30 /home/luyaohan1001/Projects/hack_linux_v5.15/buildroot-2022.02.8/output/host/x86_64-buildroot-linux-gnu/sysroot/usr/lib/../lib64/Scrt1.o
 .rela.data.rel.ro.local.ether_hwtype
                0x0000000000006c70       0x60 /home/luyaohan1001/Projects/hack_linux_v5.15/buildroot-2022.02.8/output/host/x86_64-buildroot-linux-gnu/sysroot/usr/lib/../lib64/Scrt1.o
 .rela.data.rel.ro.local.loop_hwtype
                0x0000000000006cd0       0x30 /home/luyaohan1001/Projects/hack_linux_v5.15/buildroot-2022.02.8/output/host/x86_64-buildroot-linux-gnu/sysroot/usr/lib/../lib64/Scrt1.o
 .rela.data.rel.ro.local.unspec_hwtype
                0x0000000000006d00       0x48 /home/luyaohan1001/Projects/hack_linux_v5.15/buildroot-2022.02.8/output/host/x86_64-buildroot-linux-gnu/sysroot/usr/lib/../lib64/Scrt1.o
 .rela.data.rel.ro.local.ss_fmt
                0x0000000000006d48       0x48 /home/luyaohan1001/Projects/hack_linux_v5.15/buildroot-2022.02.8/output/host/x86_64-buildroot-linux-gnu/sysroot/usr/lib/../lib64/Scrt1.o
 .rela.data.rel.ro.local.aftypes
                0x0000000000006d90       0x48 /home/luyaohan1001/Projects/hack_linux_v5.15/buildroot-2022.02.8/output/host/x86_64-buildroot-linux-gnu/sysroot/usr/lib/../lib64/Scrt1.o
 .rela.data.rel.ro.local.unspec_aftype
                0x0000000000006dd8       0x60 /home/luyaohan1001/Projects/hack_linux_v5.15/buildroot-2022.02.8/output/host/x86_64-buildroot-linux-gnu/sysroot/usr/lib/../lib64/Scrt1.o
 .rela.data.rel.ro.local.inet6_aftype
                0x0000000000006e38       0x60 /home/luyaohan1001/Projects/hack_linux_v5.15/buildroot-2022.02.8/output/host/x86_64-buildroot-linux-gnu/sysroot/usr/lib/../lib64/Scrt1.o
 .rela.data.rel.ro.local.inet_aftype
                0x0000000000006e98       0x60 /home/luyaohan1001/Projects/hack_linux_v5.15/buildroot-2022.02.8/output/host/x86_64-buildroot-linux-gnu/sysroot/usr/lib/../lib64/Scrt1.o
 .rela.data.rel.ro.local.ip_func_ptrs.0
                0x0000000000006ef8       0xd8 /home/luyaohan1001/Projects/hack_linux_v5.15/buildroot-2022.02.8/output/host/x86_64-buildroot-linux-gnu/sysroot/usr/lib/../lib64/Scrt1.o
 .rela.data.rel.ro.local.tcp_state
                0x0000000000006fd0      0x120 /home/luyaohan1001/Projects/hack_linux_v5.15/buildroot-2022.02.8/output/host/x86_64-buildroot-linux-gnu/sysroot/usr/lib/../lib64/Scrt1.o
 .rela.data.rel.ro.local.rcodes
                0x00000000000070f0      0x180 /home/luyaohan1001/Projects/hack_linux_v5.15/buildroot-2022.02.8/output/host/x86_64-buildroot-linux-gnu/sysroot/usr/lib/../lib64/Scrt1.o
 .rela.data.rel.ro.local.init_tab.0
                0x0000000000007270       0xf0 /home/luyaohan1001/Projects/hack_linux_v5.15/buildroot-2022.02.8/output/host/x86_64-buildroot-linux-gnu/sysroot/usr/lib/../lib64/Scrt1.o
 .rela.data.rel.ro.local.out_spec
                0x0000000000007360      0x240 /home/luyaohan1001/Projects/hack_linux_v5.15/buildroot-2022.02.8/output/host/x86_64-buildroot-linux-gnu/sysroot/usr/lib/../lib64/Scrt1.o
 .rela.data.rel.ro.local.null_bltin.2
                0x00000000000075a0       0x30 /home/luyaohan1001/Projects/hack_linux_v5.15/buildroot-2022.02.8/output/host/x86_64-buildroot-linux-gnu/sysroot/usr/lib/../lib64/Scrt1.o
 .rela.data.rel.ro.local.builtintab
                0x00000000000075d0      0x828 /home/luyaohan1001/Projects/hack_linux_v5.15/buildroot-2022.02.8/output/host/x86_64-buildroot-linux-gnu/sysroot/usr/lib/../lib64/Scrt1.o
 .rela.data.rel.ro.local.tokname_array
                0x0000000000007df8      0x2d0 /home/luyaohan1001/Projects/hack_linux_v5.15/buildroot-2022.02.8/output/host/x86_64-buildroot-linux-gnu/sysroot/usr/lib/../lib64/Scrt1.o
 .rela.data.rel.ro.local.varinit_data
                0x00000000000080c8      0x168 /home/luyaohan1001/Projects/hack_linux_v5.15/buildroot-2022.02.8/output/host/x86_64-buildroot-linux-gnu/sysroot/usr/lib/../lib64/Scrt1.o
 .rela.data.rel.local.g_parsefile
                0x0000000000008230       0x18 /home/luyaohan1001/Projects/hack_linux_v5.15/buildroot-2022.02.8/output/host/x86_64-buildroot-linux-gnu/sysroot/usr/lib/../lib64/Scrt1.o
 .rela.data.rel.ro.local.optletters_optnames
                0x0000000000008248      0x198 /home/luyaohan1001/Projects/hack_linux_v5.15/buildroot-2022.02.8/output/host/x86_64-buildroot-linux-gnu/sysroot/usr/lib/../lib64/Scrt1.o
 .rela.data.rel.ro.local.init_data
                0x00000000000083e0       0x18 /home/luyaohan1001/Projects/hack_linux_v5.15/buildroot-2022.02.8/output/host/x86_64-buildroot-linux-gnu/sysroot/usr/lib/../lib64/Scrt1.o
 .rela.data.rel.local.facilitynames
                0x00000000000083f8      0x210 /home/luyaohan1001/Projects/hack_linux_v5.15/buildroot-2022.02.8/output/host/x86_64-buildroot-linux-gnu/sysroot/usr/lib/../lib64/Scrt1.o
 .rela.data.rel.local.prioritynames
                0x0000000000008608      0x120 /home/luyaohan1001/Projects/hack_linux_v5.15/buildroot-2022.02.8/output/host/x86_64-buildroot-linux-gnu/sysroot/usr/lib/../lib64/Scrt1.o
 .rela.data.rel.ro.local.i386_sys_types
                0x0000000000008728      0x498 /home/luyaohan1001/Projects/hack_linux_v5.15/buildroot-2022.02.8/output/host/x86_64-buildroot-linux-gnu/sysroot/usr/lib/../lib64/Scrt1.o
 .rela.data.rel.ro.local.add_strings
                0x0000000000008bc0       0x78 /home/luyaohan1001/Projects/hack_linux_v5.15/buildroot-2022.02.8/output/host/x86_64-buildroot-linux-gnu/sysroot/usr/lib/../lib64/Scrt1.o
 .rela.data.rel.ro.local.fs2
                0x0000000000008c38       0x60 /home/luyaohan1001/Projects/hack_linux_v5.15/buildroot-2022.02.8/output/host/x86_64-buildroot-linux-gnu/sysroot/usr/lib/../lib64/Scrt1.o
 .rela.data.rel.ro.local.fs1
                0x0000000000008c98       0x48 /home/luyaohan1001/Projects/hack_linux_v5.15/buildroot-2022.02.8/output/host/x86_64-buildroot-linux-gnu/sysroot/usr/lib/../lib64/Scrt1.o
 .rela.data.rel.ro.local.args.0
                0x0000000000008ce0       0x30 /home/luyaohan1001/Projects/hack_linux_v5.15/buildroot-2022.02.8/output/host/x86_64-buildroot-linux-gnu/sysroot/usr/lib/../lib64/Scrt1.o
 .rela.data.rel.ro.local.doux_bytes_to_XXX.5
                0x0000000000008d10       0x60 /home/luyaohan1001/Projects/hack_linux_v5.15/buildroot-2022.02.8/output/host/x86_64-buildroot-linux-gnu/sysroot/usr/lib/../lib64/Scrt1.o
 .rela.data.rel.ro.local.capabilities
                0x0000000000008d70      0x390 /home/luyaohan1001/Projects/hack_linux_v5.15/buildroot-2022.02.8/output/host/x86_64-buildroot-linux-gnu/sysroot/usr/lib/../lib64/Scrt1.o
 .rela.data.rel.ro.local.console_names.0
                0x0000000000009100       0x48 /home/luyaohan1001/Projects/hack_linux_v5.15/buildroot-2022.02.8/output/host/x86_64-buildroot-linux-gnu/sysroot/usr/lib/../lib64/Scrt1.o
 .rela.data.rel.ro.local.bb_argv_dash
                0x0000000000009148       0x18 /home/luyaohan1001/Projects/hack_linux_v5.15/buildroot-2022.02.8/output/host/x86_64-buildroot-linux-gnu/sysroot/usr/lib/../lib64/Scrt1.o
 *(SORT_BY_ALIGNMENT(.rela.tdata) SORT_BY_ALIGNMENT(.rela.tdata.*) SORT_BY_ALIGNMENT(.rela.gnu.linkonce.td.*))
 *(SORT_BY_ALIGNMENT(.rela.tbss) SORT_BY_ALIGNMENT(.rela.tbss.*) SORT_BY_ALIGNMENT(.rela.gnu.linkonce.tb.*))
 *(SORT_BY_ALIGNMENT(.rela.ctors))
 *(SORT_BY_ALIGNMENT(.rela.dtors))
 *(SORT_BY_ALIGNMENT(.rela.got))
 .rela.got      0x0000000000009160      0x1b0 /home/luyaohan1001/Projects/hack_linux_v5.15/buildroot-2022.02.8/output/host/x86_64-buildroot-linux-gnu/sysroot/usr/lib/../lib64/Scrt1.o
 *(SORT_BY_ALIGNMENT(.rela.bss) SORT_BY_ALIGNMENT(.rela.bss.*) SORT_BY_ALIGNMENT(.rela.gnu.linkonce.b.*))
 .rela.bss      0x0000000000009310       0xa8 /home/luyaohan1001/Projects/hack_linux_v5.15/buildroot-2022.02.8/output/host/x86_64-buildroot-linux-gnu/sysroot/usr/lib/../lib64/Scrt1.o
 *(SORT_BY_ALIGNMENT(.rela.ldata) SORT_BY_ALIGNMENT(.rela.ldata.*) SORT_BY_ALIGNMENT(.rela.gnu.linkonce.l.*))
 *(SORT_BY_ALIGNMENT(.rela.lbss) SORT_BY_ALIGNMENT(.rela.lbss.*) SORT_BY_ALIGNMENT(.rela.gnu.linkonce.lb.*))
 *(SORT_BY_ALIGNMENT(.rela.lrodata) SORT_BY_ALIGNMENT(.rela.lrodata.*) SORT_BY_ALIGNMENT(.rela.gnu.linkonce.lr.*))
 *(SORT_BY_ALIGNMENT(.rela.ifunc))
 .rela.ifunc    0x00000000000093b8        0x0 /home/luyaohan1001/Projects/hack_linux_v5.15/buildroot-2022.02.8/output/host/x86_64-buildroot-linux-gnu/sysroot/usr/lib/../lib64/Scrt1.o

.rela.plt       0x00000000000093b8     0x2070
 *(SORT_BY_ALIGNMENT(.rela.plt))
 .rela.plt      0x00000000000093b8     0x2070 /home/luyaohan1001/Projects/hack_linux_v5.15/buildroot-2022.02.8/output/host/x86_64-buildroot-linux-gnu/sysroot/usr/lib/../lib64/Scrt1.o
 *(SORT_BY_ALIGNMENT(.rela.iplt))
                0x000000000000c000                . = ALIGN (CONSTANT (MAXPAGESIZE))

.init           0x000000000000c000       0x21
 *(SORT_NONE(.init))
 .init          0x000000000000c000       0x12 /home/luyaohan1001/Projects/hack_linux_v5.15/buildroot-2022.02.8/output/host/x86_64-buildroot-linux-gnu/sysroot/usr/lib/../lib64/crti.o
                0x000000000000c000                _init
 .init          0x000000000000c012        0x5 /home/luyaohan1001/Projects/hack_linux_v5.15/buildroot-2022.02.8/output/host/lib/gcc/x86_64-buildroot-linux-gnu/10.4.0/crtbeginS.o
 .init          0x000000000000c017        0x5 /home/luyaohan1001/Projects/hack_linux_v5.15/buildroot-2022.02.8/output/host/lib/gcc/x86_64-buildroot-linux-gnu/10.4.0/crtendS.o
 .init          0x000000000000c01c        0x5 /home/luyaohan1001/Projects/hack_linux_v5.15/buildroot-2022.02.8/output/host/x86_64-buildroot-linux-gnu/sysroot/usr/lib/../lib64/crtn.o

.plt            0x000000000000c030     0x15b0
 *(SORT_BY_ALIGNMENT(.plt))
 .plt           0x000000000000c030     0x15b0 /home/luyaohan1001/Projects/hack_linux_v5.15/buildroot-2022.02.8/output/host/x86_64-buildroot-linux-gnu/sysroot/usr/lib/../lib64/Scrt1.o
                0x000000000000c040                endgrent@@GLIBC_2.2.5
                0x000000000000c050                __strcat_chk@@GLIBC_2.3.4
                0x000000000000c060                utmpxname@@GLIBC_2.2.5
                0x000000000000c070                munlock@@GLIBC_2.2.5
                0x000000000000c080                inet_ntop@@GLIBC_2.2.5
                0x000000000000c090                getenv@@GLIBC_2.2.5
                0x000000000000c0a0                msgget@@GLIBC_2.2.5
                0x000000000000c0b0                tcgetsid@@GLIBC_2.2.5
                0x000000000000c0c0                sigprocmask@@GLIBC_2.2.5
                0x000000000000c0d0                __snprintf_chk@@GLIBC_2.3.4
                0x000000000000c0e0                raise@@GLIBC_2.2.5
                0x000000000000c0f0                recv@@GLIBC_2.2.5
                0x000000000000c100                semget@@GLIBC_2.2.5
                0x000000000000c110                personality@@GLIBC_2.2.5
                0x000000000000c120                utimensat@@GLIBC_2.6
                0x000000000000c130                endmntent@@GLIBC_2.2.5
                0x000000000000c140                strcasecmp@@GLIBC_2.2.5
                0x000000000000c150                closelog@@GLIBC_2.2.5
                0x000000000000c160                localtime@@GLIBC_2.2.5
                0x000000000000c170                sched_getscheduler@@GLIBC_2.2.5
                0x000000000000c180                __mempcpy_chk@@GLIBC_2.3.4
                0x000000000000c190                strverscmp@@GLIBC_2.2.5
                0x000000000000c1a0                __errno_location@@GLIBC_2.2.5
                0x000000000000c1b0                fdatasync@@GLIBC_2.2.5
                0x000000000000c1c0                mlock@@GLIBC_2.2.5
                0x000000000000c1d0                unlink@@GLIBC_2.2.5
                0x000000000000c1e0                strncpy@@GLIBC_2.2.5
                0x000000000000c1f0                gethostid@@GLIBC_2.2.5
                0x000000000000c200                getpriority@@GLIBC_2.2.5
                0x000000000000c210                strncmp@@GLIBC_2.2.5
                0x000000000000c220                localtime_r@@GLIBC_2.2.5
                0x000000000000c230                _exit@@GLIBC_2.2.5
                0x000000000000c240                chroot@@GLIBC_2.2.5
                0x000000000000c250                strcpy@@GLIBC_2.2.5
                0x000000000000c260                __isoc99_fscanf@@GLIBC_2.7
                0x000000000000c270                getresgid@@GLIBC_2.2.5
                0x000000000000c280                mkdir@@GLIBC_2.2.5
                0x000000000000c290                sendmsg@@GLIBC_2.2.5
                0x000000000000c2a0                puts@@GLIBC_2.2.5
                0x000000000000c2b0                getc_unlocked@@GLIBC_2.2.5
                0x000000000000c2c0                mallopt@@GLIBC_2.2.5
                0x000000000000c2d0                qsort@@GLIBC_2.2.5
                0x000000000000c2e0                isatty@@GLIBC_2.2.5
                0x000000000000c2f0                sigaction@@GLIBC_2.2.5
                0x000000000000c300                fread@@GLIBC_2.2.5
                0x000000000000c310                strtod@@GLIBC_2.2.5
                0x000000000000c320                vsnprintf@@GLIBC_2.2.5
                0x000000000000c330                setsockopt@@GLIBC_2.2.5
                0x000000000000c340                atof@@GLIBC_2.2.5
                0x000000000000c350                strchrnul@@GLIBC_2.2.5
                0x000000000000c360                getchar_unlocked@@GLIBC_2.2.5
                0x000000000000c370                tcdrain@@GLIBC_2.2.5
                0x000000000000c380                readlink@@GLIBC_2.2.5
                0x000000000000c390                clock_gettime@@GLIBC_2.17
                0x000000000000c3a0                setenv@@GLIBC_2.2.5
                0x000000000000c3b0                write@@GLIBC_2.2.5
                0x000000000000c3c0                __h_errno_location@@GLIBC_2.2.5
                0x000000000000c3d0                getpid@@GLIBC_2.2.5
                0x000000000000c3e0                cfgetispeed@@GLIBC_2.2.5
                0x000000000000c3f0                vasprintf@@GLIBC_2.2.5
                0x000000000000c400                inet_ntoa@@GLIBC_2.2.5
                0x000000000000c410                endutxent@@GLIBC_2.2.5
                0x000000000000c420                umount2@@GLIBC_2.2.5
                0x000000000000c430                fclose@@GLIBC_2.2.5
                0x000000000000c440                getspnam_r@@GLIBC_2.2.5
                0x000000000000c450                wait3@@GLIBC_2.2.5
                0x000000000000c460                opendir@@GLIBC_2.2.5
                0x000000000000c470                getpwuid@@GLIBC_2.2.5
                0x000000000000c480                ctime@@GLIBC_2.2.5
                0x000000000000c490                clearenv@@GLIBC_2.2.5
                0x000000000000c4a0                stpcpy@@GLIBC_2.2.5
                0x000000000000c4b0                cfsetospeed@@GLIBC_2.2.5
                0x000000000000c4c0                rmdir@@GLIBC_2.2.5
                0x000000000000c4d0                regfree@@GLIBC_2.2.5
                0x000000000000c4e0                strlen@@GLIBC_2.2.5
                0x000000000000c4f0                mount@@GLIBC_2.2.5
                0x000000000000c500                chdir@@GLIBC_2.2.5
                0x000000000000c510                __stack_chk_fail@@GLIBC_2.4
                0x000000000000c520                getuid@@GLIBC_2.2.5
                0x000000000000c530                getopt_long@@GLIBC_2.2.5
                0x000000000000c540                setbuf@@GLIBC_2.2.5
                0x000000000000c550                getmntent_r@@GLIBC_2.2.5
                0x000000000000c560                system@@GLIBC_2.2.5
                0x000000000000c570                dup2@@GLIBC_2.2.5
                0x000000000000c580                tcflush@@GLIBC_2.2.5
                0x000000000000c590                strchr@@GLIBC_2.2.5
                0x000000000000c5a0                printf@@GLIBC_2.2.5
                0x000000000000c5b0                getgrgid@@GLIBC_2.2.5
                0x000000000000c5c0                __fdelt_chk@@GLIBC_2.15
                0x000000000000c5d0                pclose@@GLIBC_2.2.5
                0x000000000000c5e0                snprintf@@GLIBC_2.2.5
                0x000000000000c5f0                nanosleep@@GLIBC_2.2.5
                0x000000000000c600                strrchr@@GLIBC_2.2.5
                0x000000000000c610                uname@@GLIBC_2.2.5
                0x000000000000c620                gmtime_r@@GLIBC_2.2.5
                0x000000000000c630                ns_initparse@@GLIBC_2.9
                0x000000000000c640                dirname@@GLIBC_2.2.5
                0x000000000000c650                dup@@GLIBC_2.2.5
                0x000000000000c660                setrlimit64@@GLIBC_2.2.5
                0x000000000000c670                getsid@@GLIBC_2.2.5
                0x000000000000c680                capset@@GLIBC_2.2.5
                0x000000000000c690                gettimeofday@@GLIBC_2.2.5
                0x000000000000c6a0                fileno_unlocked@@GLIBC_2.2.5
                0x000000000000c6b0                fputs@@GLIBC_2.2.5
                0x000000000000c6c0                setpriority@@GLIBC_2.2.5
                0x000000000000c6d0                statfs64@@GLIBC_2.2.5
                0x000000000000c6e0                getservbyname@@GLIBC_2.2.5
                0x000000000000c6f0                sched_getparam@@GLIBC_2.2.5
                0x000000000000c700                fnmatch@@GLIBC_2.2.5
                0x000000000000c710                sched_setscheduler@@GLIBC_2.2.5
                0x000000000000c720                geteuid@@GLIBC_2.2.5
                0x000000000000c730                __poll_chk@@GLIBC_2.16
                0x000000000000c740                cfsetspeed@@GLIBC_2.2.5
                0x000000000000c750                ioctl@@GLIBC_2.2.5
                0x000000000000c760                strnlen@@GLIBC_2.2.5
                0x000000000000c770                getcwd@@GLIBC_2.2.5
                0x000000000000c780                sendto@@GLIBC_2.2.5
                0x000000000000c790                updwtmpx@@GLIBC_2.2.5
                0x000000000000c7a0                alarm@@GLIBC_2.2.5
                0x000000000000c7b0                sigtimedwait@@GLIBC_2.2.5
                0x000000000000c7c0                close@@GLIBC_2.2.5
                0x000000000000c7d0                dprintf@@GLIBC_2.2.5
                0x000000000000c7e0                setgroups@@GLIBC_2.2.5
                0x000000000000c7f0                pipe@@GLIBC_2.2.5
                0x000000000000c800                getnameinfo@@GLIBC_2.2.5
                0x000000000000c810                setsid@@GLIBC_2.2.5
                0x000000000000c820                strspn@@GLIBC_2.2.5
                0x000000000000c830                closedir@@GLIBC_2.2.5
                0x000000000000c840                regcomp@@GLIBC_2.2.5
                0x000000000000c850                strcspn@@GLIBC_2.2.5
                0x000000000000c860                getusershell@@GLIBC_2.2.5
                0x000000000000c870                strtok_r@@GLIBC_2.2.5
                0x000000000000c880                sched_yield@@GLIBC_2.2.5
                0x000000000000c890                memchr@@GLIBC_2.2.5
                0x000000000000c8a0                ftello64@@GLIBC_2.2.5
                0x000000000000c8b0                read@@GLIBC_2.2.5
                0x000000000000c8c0                strndup@@GLIBC_2.2.5
                0x000000000000c8d0                srand@@GLIBC_2.2.5
                0x000000000000c8e0                memcmp@@GLIBC_2.2.5
                0x000000000000c8f0                mkstemp64@@GLIBC_2.2.5
                0x000000000000c900                getopt_long_only@@GLIBC_2.2.5
                0x000000000000c910                pututxline@@GLIBC_2.2.5
                0x000000000000c920                _setjmp@@GLIBC_2.2.5
                0x000000000000c930                fputs_unlocked@@GLIBC_2.2.5
                0x000000000000c940                execve@@GLIBC_2.2.5
                0x000000000000c950                strtoull@@GLIBC_2.2.5
                0x000000000000c960                utimes@@GLIBC_2.2.5
                0x000000000000c970                ferror_unlocked@@GLIBC_2.2.5
                0x000000000000c980                putenv@@GLIBC_2.2.5
                0x000000000000c990                atoll@@GLIBC_2.2.5
                0x000000000000c9a0                strcmp@@GLIBC_2.2.5
                0x000000000000c9b0                tcsendbreak@@GLIBC_2.2.5
                0x000000000000c9c0                signal@@GLIBC_2.2.5
                0x000000000000c9d0                ether_hostton@@GLIBC_2.2.5
                0x000000000000c9e0                strtoll@@GLIBC_2.2.5
                0x000000000000c9f0                getpwnam@@GLIBC_2.2.5
                0x000000000000ca00                gethostbyname@@GLIBC_2.2.5
                0x000000000000ca10                __memmove_chk@@GLIBC_2.3.4
                0x000000000000ca20                __memcpy_chk@@GLIBC_2.3.4
                0x000000000000ca30                setutxent@@GLIBC_2.2.5
                0x000000000000ca40                fprintf@@GLIBC_2.2.5
                0x000000000000ca50                sethostname@@GLIBC_2.2.5
                0x000000000000ca60                syscall@@GLIBC_2.2.5
                0x000000000000ca70                sigemptyset@@GLIBC_2.2.5
                0x000000000000ca80                mkfifo@@GLIBC_2.2.5
                0x000000000000ca90                umask@@GLIBC_2.2.5
                0x000000000000caa0                if_nametoindex@@GLIBC_2.2.5
                0x000000000000cab0                fopen64@@GLIBC_2.2.5
                0x000000000000cac0                mknod@@GLIBC_2.33
                0x000000000000cad0                strtol@@GLIBC_2.2.5
                0x000000000000cae0                freopen64@@GLIBC_2.2.5
                0x000000000000caf0                clearerr@@GLIBC_2.2.5
                0x000000000000cb00                realpath@@GLIBC_2.3
                0x000000000000cb10                sigfillset@@GLIBC_2.2.5
                0x000000000000cb20                regerror@@GLIBC_2.2.5
                0x000000000000cb30                getgrnam@@GLIBC_2.2.5
                0x000000000000cb40                putchar_unlocked@@GLIBC_2.2.5
                0x000000000000cb50                prctl@@GLIBC_2.2.5
                0x000000000000cb60                inet_pton@@GLIBC_2.2.5
                0x000000000000cb70                getpwent@@GLIBC_2.2.5
                0x000000000000cb80                tzset@@GLIBC_2.2.5
                0x000000000000cb90                kill@@GLIBC_2.2.5
                0x000000000000cba0                sendfile64@@GLIBC_2.3
                0x000000000000cbb0                time@@GLIBC_2.2.5
                0x000000000000cbc0                getresuid@@GLIBC_2.2.5
                0x000000000000cbd0                getgid@@GLIBC_2.2.5
                0x000000000000cbe0                posix_fallocate64@@GLIBC_2.2.5
                0x000000000000cbf0                settimeofday@@GLIBC_2.2.5
                0x000000000000cc00                select@@GLIBC_2.2.5
                0x000000000000cc10                tcgetpgrp@@GLIBC_2.2.5
                0x000000000000cc20                inet_aton@@GLIBC_2.2.5
                0x000000000000cc30                capget@@GLIBC_2.2.5
                0x000000000000cc40                getrlimit64@@GLIBC_2.2.5
                0x000000000000cc50                sync@@GLIBC_2.2.5
                0x000000000000cc60                getgroups@@GLIBC_2.2.5
                0x000000000000cc70                fgets_unlocked@@GLIBC_2.2.5
                0x000000000000cc80                mmap64@@GLIBC_2.2.5
                0x000000000000cc90                putc_unlocked@@GLIBC_2.2.5
                0x000000000000cca0                __open64_2@@GLIBC_2.7
                0x000000000000ccb0                malloc@@GLIBC_2.2.5
                0x000000000000ccc0                strncasecmp@@GLIBC_2.2.5
                0x000000000000ccd0                fflush@@GLIBC_2.2.5
                0x000000000000cce0                killpg@@GLIBC_2.2.5
                0x000000000000ccf0                getmntent@@GLIBC_2.2.5
                0x000000000000cd00                sched_get_priority_min@@GLIBC_2.2.5
                0x000000000000cd10                setmntent@@GLIBC_2.2.5
                0x000000000000cd20                strsep@@GLIBC_2.2.5
                0x000000000000cd30                __isoc99_sscanf@@GLIBC_2.7
                0x000000000000cd40                ungetc@@GLIBC_2.2.5
                0x000000000000cd50                ttyname_r@@GLIBC_2.2.5
                0x000000000000cd60                klogctl@@GLIBC_2.2.5
                0x000000000000cd70                ether_aton_r@@GLIBC_2.2.5
                0x000000000000cd80                listen@@GLIBC_2.2.5
                0x000000000000cd90                recvfrom@@GLIBC_2.2.5
                0x000000000000cda0                clock_settime@@GLIBC_2.17
                0x000000000000cdb0                vprintf@@GLIBC_2.2.5
                0x000000000000cdc0                regexec@@GLIBC_2.3.4
                0x000000000000cdd0                getegid@@GLIBC_2.2.5
                0x000000000000cde0                mktime@@GLIBC_2.2.5
                0x000000000000cdf0                msgctl@@GLIBC_2.2.5
                0x000000000000ce00                strpbrk@@GLIBC_2.2.5
                0x000000000000ce10                ns_get16@@GLIBC_2.9
                0x000000000000ce20                sigsuspend@@GLIBC_2.2.5
                0x000000000000ce30                fseeko64@@GLIBC_2.2.5
                0x000000000000ce40                fchdir@@GLIBC_2.2.5
                0x000000000000ce50                __strncpy_chk@@GLIBC_2.3.4
                0x000000000000ce60                strsignal@@GLIBC_2.2.5
                0x000000000000ce70                gnu_dev_major@@GLIBC_2.3.3
                0x000000000000ce80                realloc@@GLIBC_2.2.5
                0x000000000000ce90                stpncpy@@GLIBC_2.2.5
                0x000000000000cea0                __strcpy_chk@@GLIBC_2.3.4
                0x000000000000ceb0                fdopen@@GLIBC_2.2.5
                0x000000000000cec0                setitimer@@GLIBC_2.2.5
                0x000000000000ced0                cfmakeraw@@GLIBC_2.2.5
                0x000000000000cee0                mkdtemp@@GLIBC_2.2.5
                0x000000000000cef0                munmap@@GLIBC_2.2.5
                0x000000000000cf00                recvmsg@@GLIBC_2.2.5
                0x000000000000cf10                getlogin_r@@GLIBC_2.2.5
                0x000000000000cf20                ftruncate64@@GLIBC_2.2.5
                0x000000000000cf30                cfgetospeed@@GLIBC_2.2.5
                0x000000000000cf40                timegm@@GLIBC_2.2.5
                0x000000000000cf50                fchmod@@GLIBC_2.2.5
                0x000000000000cf60                setvbuf@@GLIBC_2.2.5
                0x000000000000cf70                poll@@GLIBC_2.2.5
                0x000000000000cf80                chmod@@GLIBC_2.2.5
                0x000000000000cf90                bind@@GLIBC_2.2.5
                0x000000000000cfa0                __fread_chk@@GLIBC_2.7
                0x000000000000cfb0                __longjmp_chk@@GLIBC_2.11
                0x000000000000cfc0                open64@@GLIBC_2.2.5
                0x000000000000cfd0                strftime@@GLIBC_2.2.5
                0x000000000000cfe0                fcntl64@@GLIBC_2.28
                0x000000000000cff0                memmove@@GLIBC_2.2.5
                0x000000000000d000                __syslog_chk@@GLIBC_2.4
                0x000000000000d010                readdir64@@GLIBC_2.2.5
                0x000000000000d020                getutxent@@GLIBC_2.2.5
                0x000000000000d030                fsync@@GLIBC_2.2.5
                0x000000000000d040                pread64@@GLIBC_2.2.5
                0x000000000000d050                setgid@@GLIBC_2.2.5
                0x000000000000d060                ns_name_uncompress@@GLIBC_2.34
                0x000000000000d070                memrchr@@GLIBC_2.2.5
                0x000000000000d080                res_mkquery@@GLIBC_2.34
                0x000000000000d090                getgrouplist@@GLIBC_2.2.5
                0x000000000000d0a0                waitpid@@GLIBC_2.2.5
                0x000000000000d0b0                tcgetattr@@GLIBC_2.2.5
                0x000000000000d0c0                getpgrp@@GLIBC_2.2.5
                0x000000000000d0d0                tcsetpgrp@@GLIBC_2.2.5
                0x000000000000d0e0                tcsetattr@@GLIBC_2.2.5
                0x000000000000d0f0                ns_parserr@@GLIBC_2.9
                0x000000000000d100                times@@GLIBC_2.2.5
                0x000000000000d110                access@@GLIBC_2.2.5
                0x000000000000d120                shmctl@@GLIBC_2.2.5
                0x000000000000d130                popen@@GLIBC_2.2.5
                0x000000000000d140                fchown@@GLIBC_2.2.5
                0x000000000000d150                sigdelset@@GLIBC_2.2.5
                0x000000000000d160                cfsetispeed@@GLIBC_2.2.5
                0x000000000000d170                strcasestr@@GLIBC_2.2.5
                0x000000000000d180                sysconf@@GLIBC_2.2.5
                0x000000000000d190                rename@@GLIBC_2.2.5
                0x000000000000d1a0                vfork@@GLIBC_2.2.5
                0x000000000000d1b0                getopt@@GLIBC_2.2.5
                0x000000000000d1c0                vfprintf@@GLIBC_2.2.5
                0x000000000000d1d0                unsetenv@@GLIBC_2.2.5
                0x000000000000d1e0                futimens@@GLIBC_2.6
                0x000000000000d1f0                swapon@@GLIBC_2.2.5
                0x000000000000d200                gnu_dev_minor@@GLIBC_2.3.3
                0x000000000000d210                semctl@@GLIBC_2.2.5
                0x000000000000d220                accept@@GLIBC_2.2.5
                0x000000000000d230                hstrerror@@GLIBC_2.2.5
                0x000000000000d240                strtoul@@GLIBC_2.2.5
                0x000000000000d250                shmget@@GLIBC_2.2.5
                0x000000000000d260                execvp@@GLIBC_2.2.5
                0x000000000000d270                flock@@GLIBC_2.2.5
                0x000000000000d280                __isoc99_scanf@@GLIBC_2.7
                0x000000000000d290                atoi@@GLIBC_2.2.5
                0x000000000000d2a0                pivot_root@@GLIBC_2.2.5
                0x000000000000d2b0                getline@@GLIBC_2.2.5
                0x000000000000d2c0                sysinfo@@GLIBC_2.2.5
                0x000000000000d2d0                strcat@@GLIBC_2.2.5
                0x000000000000d2e0                openlog@@GLIBC_2.2.5
                0x000000000000d2f0                setpgid@@GLIBC_2.2.5
                0x000000000000d300                __libc_current_sigrtmin@@GLIBC_2.2.5
                0x000000000000d310                __memset_chk@@GLIBC_2.3.4
                0x000000000000d320                sprintf@@GLIBC_2.2.5
                0x000000000000d330                getppid@@GLIBC_2.2.5
                0x000000000000d340                exit@@GLIBC_2.2.5
                0x000000000000d350                connect@@GLIBC_2.2.5
                0x000000000000d360                sched_get_priority_max@@GLIBC_2.2.5
                0x000000000000d370                execle@@GLIBC_2.2.5
                0x000000000000d380                fwrite@@GLIBC_2.2.5
                0x000000000000d390                lseek64@@GLIBC_2.2.5
                0x000000000000d3a0                ns_get32@@GLIBC_2.9
                0x000000000000d3b0                fstat64@@GLIBC_2.33
                0x000000000000d3c0                bsearch@@GLIBC_2.2.5
                0x000000000000d3d0                __libc_current_sigrtmax@@GLIBC_2.2.5
                0x000000000000d3e0                setuid@@GLIBC_2.2.5
                0x000000000000d3f0                sched_getaffinity@@GLIBC_2.3.4
                0x000000000000d400                reboot@@GLIBC_2.2.5
                0x000000000000d410                getservbyport@@GLIBC_2.2.5
                0x000000000000d420                getaddrinfo@@GLIBC_2.2.5
                0x000000000000d430                __cmsg_nxthdr@@GLIBC_2.2.5
                0x000000000000d440                strdup@@GLIBC_2.2.5
                0x000000000000d450                execlp@@GLIBC_2.2.5
                0x000000000000d460                strerror@@GLIBC_2.2.5
                0x000000000000d470                execl@@GLIBC_2.2.5
                0x000000000000d480                hasmntopt@@GLIBC_2.2.5
                0x000000000000d490                initgroups@@GLIBC_2.2.5
                0x000000000000d4a0                __sigsetjmp@@GLIBC_2.2.5
                0x000000000000d4b0                sleep@@GLIBC_2.2.5
                0x000000000000d4c0                gnu_dev_makedev@@GLIBC_2.3.3
                0x000000000000d4d0                strptime@@GLIBC_2.2.5
                0x000000000000d4e0                wait@@GLIBC_2.2.5
                0x000000000000d4f0                setpgrp@@GLIBC_2.2.5
                0x000000000000d500                sigaddset@@GLIBC_2.2.5
                0x000000000000d510                execv@@GLIBC_2.2.5
                0x000000000000d520                setegid@@GLIBC_2.2.5
                0x000000000000d530                fork@@GLIBC_2.2.5
                0x000000000000d540                feof_unlocked@@GLIBC_2.2.5
                0x000000000000d550                rand@@GLIBC_2.2.5
                0x000000000000d560                usleep@@GLIBC_2.2.5
                0x000000000000d570                swapoff@@GLIBC_2.2.5
                0x000000000000d580                statvfs64@@GLIBC_2.2.5
                0x000000000000d590                freeaddrinfo@@GLIBC_2.2.5
                0x000000000000d5a0                __sprintf_chk@@GLIBC_2.3.4
                0x000000000000d5b0                socket@@GLIBC_2.2.5
                0x000000000000d5c0                seteuid@@GLIBC_2.2.5
                0x000000000000d5d0                mktemp@@GLIBC_2.2.5
 *(SORT_BY_ALIGNMENT(.iplt))

.plt.got        0x000000000000d5e0       0x50
 *(SORT_BY_ALIGNMENT(.plt.got))
 .plt.got       0x000000000000d5e0       0x50 /home/luyaohan1001/Projects/hack_linux_v5.15/buildroot-2022.02.8/output/host/x86_64-buildroot-linux-gnu/sysroot/usr/lib/../lib64/Scrt1.o
                0x000000000000d5e0                free@@GLIBC_2.2.5
                0x000000000000d5e8                lstat64@@GLIBC_2.33
                0x000000000000d5f0                stat64@@GLIBC_2.33
                0x000000000000d5f8                symlink@@GLIBC_2.2.5
                0x000000000000d600                lchown@@GLIBC_2.2.5
                0x000000000000d608                chown@@GLIBC_2.2.5
                0x000000000000d610                getsockname@@GLIBC_2.2.5
                0x000000000000d618                link@@GLIBC_2.2.5
                0x000000000000d620                __cxa_finalize@@GLIBC_2.2.5
                0x000000000000d628                strstr@@GLIBC_2.2.5

.plt.sec
 *(SORT_BY_ALIGNMENT(.plt.sec))

.text           0x000000000000d630    0x8485d
 *(SORT_BY_ALIGNMENT(.text.unlikely) SORT_BY_ALIGNMENT(.text.*_unlikely) SORT_BY_ALIGNMENT(.text.unlikely.*))
 *(SORT_BY_ALIGNMENT(.text.exit) SORT_BY_ALIGNMENT(.text.exit.*))
 *(SORT_BY_ALIGNMENT(.text.startup) SORT_BY_ALIGNMENT(.text.startup.*))
 *(SORT_BY_ALIGNMENT(.text.hot) SORT_BY_ALIGNMENT(.text.hot.*))
 *(SORT_BY_NAME(SORT_BY_ALIGNMENT(.text.sorted.*)))
 *(SORT_BY_ALIGNMENT(.text) SORT_BY_ALIGNMENT(.stub) SORT_BY_ALIGNMENT(.text.*) SORT_BY_ALIGNMENT(.gnu.linkonce.t.*))
 .text          0x000000000000d630       0x22 /home/luyaohan1001/Projects/hack_linux_v5.15/buildroot-2022.02.8/output/host/x86_64-buildroot-linux-gnu/sysroot/usr/lib/../lib64/Scrt1.o
                0x000000000000d630                _start
 .text          0x000000000000d652       0xcf /home/luyaohan1001/Projects/hack_linux_v5.15/buildroot-2022.02.8/output/host/lib/gcc/x86_64-buildroot-linux-gnu/10.4.0/crtbeginS.o
 .text.string_array_len
                0x000000000000d721       0x17 libbb/lib.a(appletlib.o)
                0x000000000000d721                string_array_len
 .text.find_applet_by_name
                0x000000000000d738       0x8d libbb/lib.a(appletlib.o)
                0x000000000000d738                find_applet_by_name
 .text.bb_show_usage
                0x000000000000d7c5       0x9b libbb/lib.a(appletlib.o)
                0x000000000000d7c5                bb_show_usage
 .text.find_script_by_name
                0x000000000000d860       0x2a libbb/lib.a(appletlib.o)
 .text.scripted_main
                0x000000000000d88a       0x32 libbb/lib.a(appletlib.o)
                0x000000000000d88a                scripted_main
 .text.lbb_prepare
                0x000000000000d8bc       0x19 libbb/lib.a(appletlib.o)
                0x000000000000d8bc                lbb_prepare
 .text.get_script_content
                0x000000000000d8d5       0x31 libbb/lib.a(appletlib.o)
                0x000000000000d8d5                get_script_content
 .text.show_usage_if_dash_dash_help
                0x000000000000d906       0x48 libbb/lib.a(appletlib.o)
                0x000000000000d906                show_usage_if_dash_dash_help
 .text.run_applet_no_and_exit
                0x000000000000d94e       0x9e libbb/lib.a(appletlib.o)
                0x000000000000d94e                run_applet_no_and_exit
 .text.run_applet_and_exit
                0x000000000000d9ec      0x391 libbb/lib.a(appletlib.o)
 .text.main     0x000000000000dd7d       0x73 libbb/lib.a(appletlib.o)
                0x000000000000dd7d                main
 .text.is_prefixed_with
                0x000000000000ddf0       0x1d libbb/lib.a(compare_string_array.o)
                0x000000000000ddf0                is_prefixed_with
 .text.is_suffixed_with
                0x000000000000de0d       0x57 libbb/lib.a(compare_string_array.o)
                0x000000000000de0d                is_suffixed_with
 .text.index_in_strings
                0x000000000000de64       0x38 libbb/lib.a(compare_string_array.o)
                0x000000000000de64                index_in_strings
 .text.index_in_substrings